[2026-09-22 01:25:50] pan-cancer manifest: 9,942 patients, 33 classes, prognosis=9,921
[2026-09-22 01:25:50] reusing prepared LAML expression matrices
[2026-09-22 01:25:53] embedding only missing LAML patients: model=ours_45.6m n=126 device=cuda:0
[2026-09-22 01:26:23] heartbeat ours_45.6m: 116/126 elapsed=0.5m
[2026-09-22 01:26:26] heartbeat ours_45.6m: 126/126 elapsed=0.6m
[2026-09-22 01:26:29] embedding only missing LAML patients: model=bulkformer_50m n=126 device=cuda:0
[2026-09-22 01:26:35] heartbeat bulkformer_50m: 126/126 elapsed=0.1m
[2026-09-22 01:26:38] embedding only missing LAML patients: model=bulkformer_147m n=126 device=cuda:0
[2026-09-22 01:27:10] heartbeat bulkformer_147m: 64/126 elapsed=0.5m
[2026-09-22 01:27:42] heartbeat bulkformer_147m: 112/126 elapsed=1.1m
[2026-09-22 01:27:50] heartbeat bulkformer_147m: 126/126 elapsed=1.2m
[2026-09-22 01:28:05] classification fold=0 ours_45.6m/pca128_random_forest weighted_f1=0.9039
[2026-09-22 01:28:09] classification fold=0 bulkformer_50m/pca128_random_forest weighted_f1=0.8805
[2026-09-22 01:28:15] classification fold=0 bulkformer_147m/pca128_random_forest weighted_f1=0.8998
[2026-09-22 01:28:42] classification fold=0 full_raw_expression/random_forest weighted_f1=0.9382
[2026-09-22 01:28:43] classification fold=0 full_raw_expression/pca128_random_forest weighted_f1=0.9201
[2026-09-22 01:28:48] classification fold=1 ours_45.6m/pca128_random_forest weighted_f1=0.8762
[2026-09-22 01:28:52] classification fold=1 bulkformer_50m/pca128_random_forest weighted_f1=0.8682
[2026-09-22 01:28:57] classification fold=1 bulkformer_147m/pca128_random_forest weighted_f1=0.8855
[2026-09-22 01:29:33] classification fold=1 full_raw_expression/random_forest weighted_f1=0.9205
[2026-09-22 01:29:34] classification fold=1 full_raw_expression/pca128_random_forest weighted_f1=0.9067
[2026-09-22 01:29:37] classification fold=2 ours_45.6m/pca128_random_forest weighted_f1=0.8813
[2026-09-22 01:29:41] classification fold=2 bulkformer_50m/pca128_random_forest weighted_f1=0.8903
[2026-09-22 01:29:46] classification fold=2 bulkformer_147m/pca128_random_forest weighted_f1=0.9080
[2026-09-22 01:30:11] classification fold=2 full_raw_expression/random_forest weighted_f1=0.9292
[2026-09-22 01:30:12] classification fold=2 full_raw_expression/pca128_random_forest weighted_f1=0.9207
[2026-09-22 01:30:16] classification fold=3 ours_45.6m/pca128_random_forest weighted_f1=0.8838
[2026-09-22 01:30:19] classification fold=3 bulkformer_50m/pca128_random_forest weighted_f1=0.8780
[2026-09-22 01:30:22] classification fold=3 bulkformer_147m/pca128_random_forest weighted_f1=0.8947
[2026-09-22 01:30:50] classification fold=3 full_raw_expression/random_forest weighted_f1=0.9306
[2026-09-22 01:30:51] classification fold=3 full_raw_expression/pca128_random_forest weighted_f1=0.9154
[2026-09-22 01:30:56] classification fold=4 ours_45.6m/pca128_random_forest weighted_f1=0.8977
[2026-09-22 01:30:59] classification fold=4 bulkformer_50m/pca128_random_forest weighted_f1=0.8746
[2026-09-22 01:31:04] classification fold=4 bulkformer_147m/pca128_random_forest weighted_f1=0.8960
[2026-09-22 01:31:30] classification fold=4 full_raw_expression/random_forest weighted_f1=0.9268
[2026-09-22 01:31:30] classification fold=4 full_raw_expression/pca128_random_forest weighted_f1=0.9163
[2026-09-22 01:31:35] classification fold=5 ours_45.6m/pca128_random_forest weighted_f1=0.8964
[2026-09-22 01:31:38] classification fold=5 bulkformer_50m/pca128_random_forest weighted_f1=0.8819
[2026-09-22 01:31:42] classification fold=5 bulkformer_147m/pca128_random_forest weighted_f1=0.9001
[2026-09-22 01:32:13] classification fold=5 full_raw_expression/random_forest weighted_f1=0.9291
[2026-09-22 01:32:14] classification fold=5 full_raw_expression/pca128_random_forest weighted_f1=0.9213
[2026-09-22 01:32:20] classification fold=6 ours_45.6m/pca128_random_forest weighted_f1=0.8736
[2026-09-22 01:32:24] classification fold=6 bulkformer_50m/pca128_random_forest weighted_f1=0.8742
[2026-09-22 01:32:29] classification fold=6 bulkformer_147m/pca128_random_forest weighted_f1=0.8939
[2026-09-22 01:32:57] classification fold=6 full_raw_expression/random_forest weighted_f1=0.9352
[2026-09-22 01:32:58] classification fold=6 full_raw_expression/pca128_random_forest weighted_f1=0.9128
[2026-09-22 01:33:03] classification fold=7 ours_45.6m/pca128_random_forest weighted_f1=0.8998
[2026-09-22 01:33:06] classification fold=7 bulkformer_50m/pca128_random_forest weighted_f1=0.8836
[2026-09-22 01:33:11] classification fold=7 bulkformer_147m/pca128_random_forest weighted_f1=0.9025
[2026-09-22 01:33:44] classification fold=7 full_raw_expression/random_forest weighted_f1=0.9361
[2026-09-22 01:33:45] classification fold=7 full_raw_expression/pca128_random_forest weighted_f1=0.9236
[2026-09-22 01:33:50] classification fold=8 ours_45.6m/pca128_random_forest weighted_f1=0.8863
[2026-09-22 01:33:54] classification fold=8 bulkformer_50m/pca128_random_forest weighted_f1=0.8833
[2026-09-22 01:34:00] classification fold=8 bulkformer_147m/pca128_random_forest weighted_f1=0.8939
[2026-09-22 01:34:27] classification fold=8 full_raw_expression/random_forest weighted_f1=0.9279
[2026-09-22 01:34:28] classification fold=8 full_raw_expression/pca128_random_forest weighted_f1=0.9208
[2026-09-22 01:34:32] classification fold=9 ours_45.6m/pca128_random_forest weighted_f1=0.8854
[2026-09-22 01:34:36] classification fold=9 bulkformer_50m/pca128_random_forest weighted_f1=0.8841
[2026-09-22 01:34:42] classification fold=9 bulkformer_147m/pca128_random_forest weighted_f1=0.8916
[2026-09-22 01:35:11] classification fold=9 full_raw_expression/random_forest weighted_f1=0.9300
[2026-09-22 01:35:12] classification fold=9 full_raw_expression/pca128_random_forest weighted_f1=0.9098
/home/walt/bridge-rna/benchmarks/tcga_downstream/pipeline/run_bulkformer_parity.py:308: RuntimeWarning: invalid value encountered in cast
  y = manifest.event.to_numpy(float).astype(np.int8)
[2026-09-22 01:35:18] prognosis fold=0 ours_45.6m/pca128_random_forest AUROC=0.7421
[2026-09-22 01:35:22] prognosis fold=0 bulkformer_50m/pca128_random_forest AUROC=0.7468
[2026-09-22 01:35:25] prognosis fold=0 bulkformer_147m/pca128_random_forest AUROC=0.7445
[2026-09-22 01:35:48] prognosis fold=0 full_raw_expression/random_forest AUROC=0.7725
[2026-09-22 01:35:49] prognosis fold=0 full_raw_expression/pca128_random_forest AUROC=0.7592
[2026-09-22 01:35:54] prognosis fold=1 ours_45.6m/pca128_random_forest AUROC=0.7465
[2026-09-22 01:35:58] prognosis fold=1 bulkformer_50m/pca128_random_forest AUROC=0.7279
[2026-09-22 01:36:02] prognosis fold=1 bulkformer_147m/pca128_random_forest AUROC=0.7360
[2026-09-22 01:36:39] prognosis fold=1 full_raw_expression/random_forest AUROC=0.7541
[2026-09-22 01:36:40] prognosis fold=1 full_raw_expression/pca128_random_forest AUROC=0.7587
[2026-09-22 01:36:45] prognosis fold=2 ours_45.6m/pca128_random_forest AUROC=0.7599
[2026-09-22 01:36:49] prognosis fold=2 bulkformer_50m/pca128_random_forest AUROC=0.7214
[2026-09-22 01:36:54] prognosis fold=2 bulkformer_147m/pca128_random_forest AUROC=0.7469
[2026-09-22 01:37:29] prognosis fold=2 full_raw_expression/random_forest AUROC=0.7603
[2026-09-22 01:37:30] prognosis fold=2 full_raw_expression/pca128_random_forest AUROC=0.7630
[2026-09-22 01:37:35] prognosis fold=3 ours_45.6m/pca128_random_forest AUROC=0.7680
[2026-09-22 01:37:39] prognosis fold=3 bulkformer_50m/pca128_random_forest AUROC=0.7455
[2026-09-22 01:37:46] prognosis fold=3 bulkformer_147m/pca128_random_forest AUROC=0.7535
[2026-09-22 01:38:18] prognosis fold=3 full_raw_expression/random_forest AUROC=0.7660
[2026-09-22 01:38:19] prognosis fold=3 full_raw_expression/pca128_random_forest AUROC=0.7533
[2026-09-22 01:38:24] prognosis fold=4 ours_45.6m/pca128_random_forest AUROC=0.7388
[2026-09-22 01:38:27] prognosis fold=4 bulkformer_50m/pca128_random_forest AUROC=0.7188
[2026-09-22 01:38:32] prognosis fold=4 bulkformer_147m/pca128_random_forest AUROC=0.7299
[2026-09-22 01:39:03] prognosis fold=4 full_raw_expression/random_forest AUROC=0.7489
[2026-09-22 01:39:04] prognosis fold=4 full_raw_expression/pca128_random_forest AUROC=0.7501
[2026-09-22 01:39:09] prognosis fold=5 ours_45.6m/pca128_random_forest AUROC=0.7602
[2026-09-22 01:39:14] prognosis fold=5 bulkformer_50m/pca128_random_forest AUROC=0.7370
[2026-09-22 01:39:21] prognosis fold=5 bulkformer_147m/pca128_random_forest AUROC=0.7661
[2026-09-22 01:39:53] prognosis fold=5 full_raw_expression/random_forest AUROC=0.7645
[2026-09-22 01:39:54] prognosis fold=5 full_raw_expression/pca128_random_forest AUROC=0.7788
[2026-09-22 01:40:00] prognosis fold=6 ours_45.6m/pca128_random_forest AUROC=0.7389
[2026-09-22 01:40:04] prognosis fold=6 bulkformer_50m/pca128_random_forest AUROC=0.7156
[2026-09-22 01:40:09] prognosis fold=6 bulkformer_147m/pca128_random_forest AUROC=0.7376
[2026-09-22 01:40:41] prognosis fold=6 full_raw_expression/random_forest AUROC=0.7591
[2026-09-22 01:40:41] prognosis fold=6 full_raw_expression/pca128_random_forest AUROC=0.7453
[2026-09-22 01:40:47] prognosis fold=7 ours_45.6m/pca128_random_forest AUROC=0.7125
[2026-09-22 01:40:52] prognosis fold=7 bulkformer_50m/pca128_random_forest AUROC=0.7178
[2026-09-22 01:40:58] prognosis fold=7 bulkformer_147m/pca128_random_forest AUROC=0.7392
[2026-09-22 01:41:26] prognosis fold=7 full_raw_expression/random_forest AUROC=0.7442
[2026-09-22 01:41:27] prognosis fold=7 full_raw_expression/pca128_random_forest AUROC=0.7524
[2026-09-22 01:41:32] prognosis fold=8 ours_45.6m/pca128_random_forest AUROC=0.7660
[2026-09-22 01:41:36] prognosis fold=8 bulkformer_50m/pca128_random_forest AUROC=0.7551
[2026-09-22 01:41:40] prognosis fold=8 bulkformer_147m/pca128_random_forest AUROC=0.7625
[2026-09-22 01:42:14] prognosis fold=8 full_raw_expression/random_forest AUROC=0.7758
[2026-09-22 01:42:15] prognosis fold=8 full_raw_expression/pca128_random_forest AUROC=0.7849
[2026-09-22 01:42:20] prognosis fold=9 ours_45.6m/pca128_random_forest AUROC=0.7591
[2026-09-22 01:42:24] prognosis fold=9 bulkformer_50m/pca128_random_forest AUROC=0.7509
[2026-09-22 01:42:31] prognosis fold=9 bulkformer_147m/pca128_random_forest AUROC=0.7578
[2026-09-22 01:42:58] prognosis fold=9 full_raw_expression/random_forest AUROC=0.7654
[2026-09-22 01:42:58] prognosis fold=9 full_raw_expression/pca128_random_forest AUROC=0.7652
[2026-09-22 01:42:59] BulkFormer-parity extension complete
