'getOption("repos")' replaces Bioconductor standard repositories, see
'help("repositories", package = "BiocManager")' for details.
Replacement repositories:
    CRAN: https://cloud.r-project.org
Bioconductor version 3.14 (BiocManager 1.30.27), R 4.1.2 (2021-11-01)
Installing package(s) 'sva'
also installing the dependencies ‘png’, ‘KEGGREST’, ‘xtable’, ‘AnnotationDbi’, ‘annotate’, ‘locfit’, ‘genefilter’, ‘limma’, ‘edgeR’

trying URL 'https://cloud.r-project.org/src/contrib/png_0.1-9.tar.gz'
Content type 'application/x-gzip' length 24939 bytes (24 KB)
==================================================
downloaded 24 KB

trying URL 'https://bioconductor.org/packages/3.14/bioc/src/contrib/KEGGREST_1.34.0.tar.gz'
Content type 'application/octet-stream' length 25778 bytes (25 KB)
==================================================
downloaded 25 KB

trying URL 'https://cloud.r-project.org/src/contrib/xtable_1.8-8.tar.gz'
Content type 'application/x-gzip' length 618708 bytes (604 KB)
==================================================
downloaded 604 KB

trying URL 'https://bioconductor.org/packages/3.14/bioc/src/contrib/AnnotationDbi_1.56.2.tar.gz'
Content type 'application/octet-stream' length 4330396 bytes (4.1 MB)
==================================================
downloaded 4.1 MB

trying URL 'https://bioconductor.org/packages/3.14/bioc/src/contrib/annotate_1.72.0.tar.gz'
Content type 'application/octet-stream' length 1723060 bytes (1.6 MB)
==================================================
downloaded 1.6 MB

trying URL 'https://cloud.r-project.org/src/contrib/locfit_1.5-9.12.tar.gz'
Content type 'application/x-gzip' length 207112 bytes (202 KB)
==================================================
downloaded 202 KB

trying URL 'https://bioconductor.org/packages/3.14/bioc/src/contrib/genefilter_1.76.0.tar.gz'
Content type 'application/octet-stream' length 807639 bytes (788 KB)
==================================================
downloaded 788 KB

trying URL 'https://bioconductor.org/packages/3.14/bioc/src/contrib/limma_3.50.3.tar.gz'
Content type 'application/octet-stream' length 1559281 bytes (1.5 MB)
==================================================
downloaded 1.5 MB

trying URL 'https://bioconductor.org/packages/3.14/bioc/src/contrib/edgeR_3.36.0.tar.gz'
Content type 'application/octet-stream' length 1738194 bytes (1.7 MB)
==================================================
downloaded 1.7 MB

trying URL 'https://bioconductor.org/packages/3.14/bioc/src/contrib/sva_3.42.0.tar.gz'
Content type 'application/octet-stream' length 441117 bytes (430 KB)
==================================================
downloaded 430 KB

* installing *source* package ‘png’ ...
** package ‘png’ successfully unpacked and MD5 sums checked
** using staged installation
** libs
gcc -I"/usr/share/R/include" -DNDEBUG      `libpng-config --cflags` -fpic  -g -O2 -ffile-prefix-map=/build/r-base-4A2Reg/r-base-4.1.2=. -fstack-protector-strong -Wformat -Werror=format-security -Wdate-time -D_FORTIFY_SOURCE=2 -g  -c dummy.c -o dummy.o
gcc -I"/usr/share/R/include" -DNDEBUG      `libpng-config --cflags` -fpic  -g -O2 -ffile-prefix-map=/build/r-base-4A2Reg/r-base-4.1.2=. -fstack-protector-strong -Wformat -Werror=format-security -Wdate-time -D_FORTIFY_SOURCE=2 -g  -c read.c -o read.o
gcc -I"/usr/share/R/include" -DNDEBUG      `libpng-config --cflags` -fpic  -g -O2 -ffile-prefix-map=/build/r-base-4A2Reg/r-base-4.1.2=. -fstack-protector-strong -Wformat -Werror=format-security -Wdate-time -D_FORTIFY_SOURCE=2 -g  -c write.c -o write.o
gcc -shared -L/usr/lib/R/lib -Wl,-Bsymbolic-functions -flto=auto -ffat-lto-objects -flto=auto -Wl,-z,relro -o png.so dummy.o read.o write.o -lpng16 -lm -lz -lm -L/usr/lib/R/lib -lR
installing to /home/walt/bridge-rna/benchmarks/osdr_batch_effect_representation/.r-lib/00LOCK-png/00new/png/libs
** R
** inst
** byte-compile and prepare package for lazy loading
** help
*** installing help indices
** building package indices
** testing if installed package can be loaded from temporary location
** checking absolute paths in shared objects and dynamic libraries
** testing if installed package can be loaded from final location
** testing if installed package keeps a record of temporary installation path
* DONE (png)
* installing *source* package ‘xtable’ ...
** package ‘xtable’ successfully unpacked and MD5 sums checked
** using staged installation
** R
** data
** inst
** byte-compile and prepare package for lazy loading
** help
*** installing help indices
** building package indices
** installing vignettes
** testing if installed package can be loaded from temporary location
** testing if installed package can be loaded from final location
** testing if installed package keeps a record of temporary installation path
* DONE (xtable)
* installing *source* package ‘locfit’ ...
** package ‘locfit’ successfully unpacked and MD5 sums checked
** using staged installation
** libs
gcc -I"/usr/share/R/include" -DNDEBUG      -fpic  -g -O2 -ffile-prefix-map=/build/r-base-4A2Reg/r-base-4.1.2=. -fstack-protector-strong -Wformat -Werror=format-security -Wdate-time -D_FORTIFY_SOURCE=2 -g  -c S_enter.c -o S_enter.o
gcc -I"/usr/share/R/include" -DNDEBUG      -fpic  -g -O2 -ffile-prefix-map=/build/r-base-4A2Reg/r-base-4.1.2=. -fstack-protector-strong -Wformat -Werror=format-security -Wdate-time -D_FORTIFY_SOURCE=2 -g  -c band.c -o band.o
gcc -I"/usr/share/R/include" -DNDEBUG      -fpic  -g -O2 -ffile-prefix-map=/build/r-base-4A2Reg/r-base-4.1.2=. -fstack-protector-strong -Wformat -Werror=format-security -Wdate-time -D_FORTIFY_SOURCE=2 -g  -c dbinom.c -o dbinom.o
gcc -I"/usr/share/R/include" -DNDEBUG      -fpic  -g -O2 -ffile-prefix-map=/build/r-base-4A2Reg/r-base-4.1.2=. -fstack-protector-strong -Wformat -Werror=format-security -Wdate-time -D_FORTIFY_SOURCE=2 -g  -c dens_haz.c -o dens_haz.o
gcc -I"/usr/share/R/include" -DNDEBUG      -fpic  -g -O2 -ffile-prefix-map=/build/r-base-4A2Reg/r-base-4.1.2=. -fstack-protector-strong -Wformat -Werror=format-security -Wdate-time -D_FORTIFY_SOURCE=2 -g  -c dens_int.c -o dens_int.o
gcc -I"/usr/share/R/include" -DNDEBUG      -fpic  -g -O2 -ffile-prefix-map=/build/r-base-4A2Reg/r-base-4.1.2=. -fstack-protector-strong -Wformat -Werror=format-security -Wdate-time -D_FORTIFY_SOURCE=2 -g  -c dens_odi.c -o dens_odi.o
gcc -I"/usr/share/R/include" -DNDEBUG      -fpic  -g -O2 -ffile-prefix-map=/build/r-base-4A2Reg/r-base-4.1.2=. -fstack-protector-strong -Wformat -Werror=format-security -Wdate-time -D_FORTIFY_SOURCE=2 -g  -c density.c -o density.o
gcc -I"/usr/share/R/include" -DNDEBUG      -fpic  -g -O2 -ffile-prefix-map=/build/r-base-4A2Reg/r-base-4.1.2=. -fstack-protector-strong -Wformat -Werror=format-security -Wdate-time -D_FORTIFY_SOURCE=2 -g  -c ev_atree.c -o ev_atree.o
gcc -I"/usr/share/R/include" -DNDEBUG      -fpic  -g -O2 -ffile-prefix-map=/build/r-base-4A2Reg/r-base-4.1.2=. -fstack-protector-strong -Wformat -Werror=format-security -Wdate-time -D_FORTIFY_SOURCE=2 -g  -c ev_interp.c -o ev_interp.o
gcc -I"/usr/share/R/include" -DNDEBUG      -fpic  -g -O2 -ffile-prefix-map=/build/r-base-4A2Reg/r-base-4.1.2=. -fstack-protector-strong -Wformat -Werror=format-security -Wdate-time -D_FORTIFY_SOURCE=2 -g  -c ev_kdtre.c -o ev_kdtre.o
gcc -I"/usr/share/R/include" -DNDEBUG      -fpic  -g -O2 -ffile-prefix-map=/build/r-base-4A2Reg/r-base-4.1.2=. -fstack-protector-strong -Wformat -Werror=format-security -Wdate-time -D_FORTIFY_SOURCE=2 -g  -c ev_main.c -o ev_main.o
gcc -I"/usr/share/R/include" -DNDEBUG      -fpic  -g -O2 -ffile-prefix-map=/build/r-base-4A2Reg/r-base-4.1.2=. -fstack-protector-strong -Wformat -Werror=format-security -Wdate-time -D_FORTIFY_SOURCE=2 -g  -c ev_sphere.c -o ev_sphere.o
gcc -I"/usr/share/R/include" -DNDEBUG      -fpic  -g -O2 -ffile-prefix-map=/build/r-base-4A2Reg/r-base-4.1.2=. -fstack-protector-strong -Wformat -Werror=format-security -Wdate-time -D_FORTIFY_SOURCE=2 -g  -c ev_trian.c -o ev_trian.o
gcc -I"/usr/share/R/include" -DNDEBUG      -fpic  -g -O2 -ffile-prefix-map=/build/r-base-4A2Reg/r-base-4.1.2=. -fstack-protector-strong -Wformat -Werror=format-security -Wdate-time -D_FORTIFY_SOURCE=2 -g  -c family.c -o family.o
gcc -I"/usr/share/R/include" -DNDEBUG      -fpic  -g -O2 -ffile-prefix-map=/build/r-base-4A2Reg/r-base-4.1.2=. -fstack-protector-strong -Wformat -Werror=format-security -Wdate-time -D_FORTIFY_SOURCE=2 -g  -c fitted.c -o fitted.o
gcc -I"/usr/share/R/include" -DNDEBUG      -fpic  -g -O2 -ffile-prefix-map=/build/r-base-4A2Reg/r-base-4.1.2=. -fstack-protector-strong -Wformat -Werror=format-security -Wdate-time -D_FORTIFY_SOURCE=2 -g  -c frend.c -o frend.o
gcc -I"/usr/share/R/include" -DNDEBUG      -fpic  -g -O2 -ffile-prefix-map=/build/r-base-4A2Reg/r-base-4.1.2=. -fstack-protector-strong -Wformat -Werror=format-security -Wdate-time -D_FORTIFY_SOURCE=2 -g  -c lf_adap.c -o lf_adap.o
gcc -I"/usr/share/R/include" -DNDEBUG      -fpic  -g -O2 -ffile-prefix-map=/build/r-base-4A2Reg/r-base-4.1.2=. -fstack-protector-strong -Wformat -Werror=format-security -Wdate-time -D_FORTIFY_SOURCE=2 -g  -c lf_dercor.c -o lf_dercor.o
gcc -I"/usr/share/R/include" -DNDEBUG      -fpic  -g -O2 -ffile-prefix-map=/build/r-base-4A2Reg/r-base-4.1.2=. -fstack-protector-strong -Wformat -Werror=format-security -Wdate-time -D_FORTIFY_SOURCE=2 -g  -c lf_fitfun.c -o lf_fitfun.o
gcc -I"/usr/share/R/include" -DNDEBUG      -fpic  -g -O2 -ffile-prefix-map=/build/r-base-4A2Reg/r-base-4.1.2=. -fstack-protector-strong -Wformat -Werror=format-security -Wdate-time -D_FORTIFY_SOURCE=2 -g  -c lf_nbhd.c -o lf_nbhd.o
gcc -I"/usr/share/R/include" -DNDEBUG      -fpic  -g -O2 -ffile-prefix-map=/build/r-base-4A2Reg/r-base-4.1.2=. -fstack-protector-strong -Wformat -Werror=format-security -Wdate-time -D_FORTIFY_SOURCE=2 -g  -c lf_robust.c -o lf_robust.o
gcc -I"/usr/share/R/include" -DNDEBUG      -fpic  -g -O2 -ffile-prefix-map=/build/r-base-4A2Reg/r-base-4.1.2=. -fstack-protector-strong -Wformat -Werror=format-security -Wdate-time -D_FORTIFY_SOURCE=2 -g  -c lf_vari.c -o lf_vari.o
gcc -I"/usr/share/R/include" -DNDEBUG      -fpic  -g -O2 -ffile-prefix-map=/build/r-base-4A2Reg/r-base-4.1.2=. -fstack-protector-strong -Wformat -Werror=format-security -Wdate-time -D_FORTIFY_SOURCE=2 -g  -c lf_wdiag.c -o lf_wdiag.o
gcc -I"/usr/share/R/include" -DNDEBUG      -fpic  -g -O2 -ffile-prefix-map=/build/r-base-4A2Reg/r-base-4.1.2=. -fstack-protector-strong -Wformat -Werror=format-security -Wdate-time -D_FORTIFY_SOURCE=2 -g  -c lfstr.c -o lfstr.o
gcc -I"/usr/share/R/include" -DNDEBUG      -fpic  -g -O2 -ffile-prefix-map=/build/r-base-4A2Reg/r-base-4.1.2=. -fstack-protector-strong -Wformat -Werror=format-security -Wdate-time -D_FORTIFY_SOURCE=2 -g  -c locfit.c -o locfit.o
gcc -I"/usr/share/R/include" -DNDEBUG      -fpic  -g -O2 -ffile-prefix-map=/build/r-base-4A2Reg/r-base-4.1.2=. -fstack-protector-strong -Wformat -Werror=format-security -Wdate-time -D_FORTIFY_SOURCE=2 -g  -c m_chol.c -o m_chol.o
gcc -I"/usr/share/R/include" -DNDEBUG      -fpic  -g -O2 -ffile-prefix-map=/build/r-base-4A2Reg/r-base-4.1.2=. -fstack-protector-strong -Wformat -Werror=format-security -Wdate-time -D_FORTIFY_SOURCE=2 -g  -c m_eigen.c -o m_eigen.o
gcc -I"/usr/share/R/include" -DNDEBUG      -fpic  -g -O2 -ffile-prefix-map=/build/r-base-4A2Reg/r-base-4.1.2=. -fstack-protector-strong -Wformat -Werror=format-security -Wdate-time -D_FORTIFY_SOURCE=2 -g  -c m_icirc.c -o m_icirc.o
gcc -I"/usr/share/R/include" -DNDEBUG      -fpic  -g -O2 -ffile-prefix-map=/build/r-base-4A2Reg/r-base-4.1.2=. -fstack-protector-strong -Wformat -Werror=format-security -Wdate-time -D_FORTIFY_SOURCE=2 -g  -c m_imont.c -o m_imont.o
gcc -I"/usr/share/R/include" -DNDEBUG      -fpic  -g -O2 -ffile-prefix-map=/build/r-base-4A2Reg/r-base-4.1.2=. -fstack-protector-strong -Wformat -Werror=format-security -Wdate-time -D_FORTIFY_SOURCE=2 -g  -c m_isimp.c -o m_isimp.o
gcc -I"/usr/share/R/include" -DNDEBUG      -fpic  -g -O2 -ffile-prefix-map=/build/r-base-4A2Reg/r-base-4.1.2=. -fstack-protector-strong -Wformat -Werror=format-security -Wdate-time -D_FORTIFY_SOURCE=2 -g  -c m_isphr.c -o m_isphr.o
gcc -I"/usr/share/R/include" -DNDEBUG      -fpic  -g -O2 -ffile-prefix-map=/build/r-base-4A2Reg/r-base-4.1.2=. -fstack-protector-strong -Wformat -Werror=format-security -Wdate-time -D_FORTIFY_SOURCE=2 -g  -c m_jacob.c -o m_jacob.o
gcc -I"/usr/share/R/include" -DNDEBUG      -fpic  -g -O2 -ffile-prefix-map=/build/r-base-4A2Reg/r-base-4.1.2=. -fstack-protector-strong -Wformat -Werror=format-security -Wdate-time -D_FORTIFY_SOURCE=2 -g  -c m_max.c -o m_max.o
gcc -I"/usr/share/R/include" -DNDEBUG      -fpic  -g -O2 -ffile-prefix-map=/build/r-base-4A2Reg/r-base-4.1.2=. -fstack-protector-strong -Wformat -Werror=format-security -Wdate-time -D_FORTIFY_SOURCE=2 -g  -c m_qr.c -o m_qr.o
gcc -I"/usr/share/R/include" -DNDEBUG      -fpic  -g -O2 -ffile-prefix-map=/build/r-base-4A2Reg/r-base-4.1.2=. -fstack-protector-strong -Wformat -Werror=format-security -Wdate-time -D_FORTIFY_SOURCE=2 -g  -c m_solve.c -o m_solve.o
gcc -I"/usr/share/R/include" -DNDEBUG      -fpic  -g -O2 -ffile-prefix-map=/build/r-base-4A2Reg/r-base-4.1.2=. -fstack-protector-strong -Wformat -Werror=format-security -Wdate-time -D_FORTIFY_SOURCE=2 -g  -c m_svd.c -o m_svd.o
gcc -I"/usr/share/R/include" -DNDEBUG      -fpic  -g -O2 -ffile-prefix-map=/build/r-base-4A2Reg/r-base-4.1.2=. -fstack-protector-strong -Wformat -Werror=format-security -Wdate-time -D_FORTIFY_SOURCE=2 -g  -c m_vector.c -o m_vector.o
gcc -I"/usr/share/R/include" -DNDEBUG      -fpic  -g -O2 -ffile-prefix-map=/build/r-base-4A2Reg/r-base-4.1.2=. -fstack-protector-strong -Wformat -Werror=format-security -Wdate-time -D_FORTIFY_SOURCE=2 -g  -c math.c -o math.o
gcc -I"/usr/share/R/include" -DNDEBUG      -fpic  -g -O2 -ffile-prefix-map=/build/r-base-4A2Reg/r-base-4.1.2=. -fstack-protector-strong -Wformat -Werror=format-security -Wdate-time -D_FORTIFY_SOURCE=2 -g  -c minmax.c -o minmax.o
gcc -I"/usr/share/R/include" -DNDEBUG      -fpic  -g -O2 -ffile-prefix-map=/build/r-base-4A2Reg/r-base-4.1.2=. -fstack-protector-strong -Wformat -Werror=format-security -Wdate-time -D_FORTIFY_SOURCE=2 -g  -c pcomp.c -o pcomp.o
gcc -I"/usr/share/R/include" -DNDEBUG      -fpic  -g -O2 -ffile-prefix-map=/build/r-base-4A2Reg/r-base-4.1.2=. -fstack-protector-strong -Wformat -Werror=format-security -Wdate-time -D_FORTIFY_SOURCE=2 -g  -c preplot.c -o preplot.o
gcc -I"/usr/share/R/include" -DNDEBUG      -fpic  -g -O2 -ffile-prefix-map=/build/r-base-4A2Reg/r-base-4.1.2=. -fstack-protector-strong -Wformat -Werror=format-security -Wdate-time -D_FORTIFY_SOURCE=2 -g  -c prob.c -o prob.o
gcc -I"/usr/share/R/include" -DNDEBUG      -fpic  -g -O2 -ffile-prefix-map=/build/r-base-4A2Reg/r-base-4.1.2=. -fstack-protector-strong -Wformat -Werror=format-security -Wdate-time -D_FORTIFY_SOURCE=2 -g  -c procv.c -o procv.o
gcc -I"/usr/share/R/include" -DNDEBUG      -fpic  -g -O2 -ffile-prefix-map=/build/r-base-4A2Reg/r-base-4.1.2=. -fstack-protector-strong -Wformat -Werror=format-security -Wdate-time -D_FORTIFY_SOURCE=2 -g  -c scb.c -o scb.o
gcc -I"/usr/share/R/include" -DNDEBUG      -fpic  -g -O2 -ffile-prefix-map=/build/r-base-4A2Reg/r-base-4.1.2=. -fstack-protector-strong -Wformat -Werror=format-security -Wdate-time -D_FORTIFY_SOURCE=2 -g  -c scb_cons.c -o scb_cons.o
gcc -I"/usr/share/R/include" -DNDEBUG      -fpic  -g -O2 -ffile-prefix-map=/build/r-base-4A2Reg/r-base-4.1.2=. -fstack-protector-strong -Wformat -Werror=format-security -Wdate-time -D_FORTIFY_SOURCE=2 -g  -c scb_crit.c -o scb_crit.o
gcc -I"/usr/share/R/include" -DNDEBUG      -fpic  -g -O2 -ffile-prefix-map=/build/r-base-4A2Reg/r-base-4.1.2=. -fstack-protector-strong -Wformat -Werror=format-security -Wdate-time -D_FORTIFY_SOURCE=2 -g  -c scb_iface.c -o scb_iface.o
gcc -I"/usr/share/R/include" -DNDEBUG      -fpic  -g -O2 -ffile-prefix-map=/build/r-base-4A2Reg/r-base-4.1.2=. -fstack-protector-strong -Wformat -Werror=format-security -Wdate-time -D_FORTIFY_SOURCE=2 -g  -c simul.c -o simul.o
gcc -I"/usr/share/R/include" -DNDEBUG      -fpic  -g -O2 -ffile-prefix-map=/build/r-base-4A2Reg/r-base-4.1.2=. -fstack-protector-strong -Wformat -Werror=format-security -Wdate-time -D_FORTIFY_SOURCE=2 -g  -c smisc.c -o smisc.o
gcc -I"/usr/share/R/include" -DNDEBUG      -fpic  -g -O2 -ffile-prefix-map=/build/r-base-4A2Reg/r-base-4.1.2=. -fstack-protector-strong -Wformat -Werror=format-security -Wdate-time -D_FORTIFY_SOURCE=2 -g  -c startlf.c -o startlf.o
gcc -I"/usr/share/R/include" -DNDEBUG      -fpic  -g -O2 -ffile-prefix-map=/build/r-base-4A2Reg/r-base-4.1.2=. -fstack-protector-strong -Wformat -Werror=format-security -Wdate-time -D_FORTIFY_SOURCE=2 -g  -c weight.c -o weight.o
gcc -shared -L/usr/lib/R/lib -Wl,-Bsymbolic-functions -flto=auto -ffat-lto-objects -flto=auto -Wl,-z,relro -o locfit.so S_enter.o band.o dbinom.o dens_haz.o dens_int.o dens_odi.o density.o ev_atree.o ev_interp.o ev_kdtre.o ev_main.o ev_sphere.o ev_trian.o family.o fitted.o frend.o lf_adap.o lf_dercor.o lf_fitfun.o lf_nbhd.o lf_robust.o lf_vari.o lf_wdiag.o lfstr.o locfit.o m_chol.o m_eigen.o m_icirc.o m_imont.o m_isimp.o m_isphr.o m_jacob.o m_max.o m_qr.o m_solve.o m_svd.o m_vector.o math.o minmax.o pcomp.o preplot.o prob.o procv.o scb.o scb_cons.o scb_crit.o scb_iface.o simul.o smisc.o startlf.o weight.o -L/usr/lib/R/lib -lR
installing to /home/walt/bridge-rna/benchmarks/osdr_batch_effect_representation/.r-lib/00LOCK-locfit/00new/locfit/libs
** R
** data
** byte-compile and prepare package for lazy loading
** help
*** installing help indices
** building package indices
** testing if installed package can be loaded from temporary location
** checking absolute paths in shared objects and dynamic libraries
** testing if installed package can be loaded from final location
** testing if installed package keeps a record of temporary installation path
* DONE (locfit)
* installing *source* package ‘limma’ ...
** using staged installation
** libs
gcc -I"/usr/share/R/include" -DNDEBUG      -fpic  -g -O2 -ffile-prefix-map=/build/r-base-4A2Reg/r-base-4.1.2=. -fstack-protector-strong -Wformat -Werror=format-security -Wdate-time -D_FORTIFY_SOURCE=2 -g  -c init.c -o init.o
gcc -I"/usr/share/R/include" -DNDEBUG      -fpic  -g -O2 -ffile-prefix-map=/build/r-base-4A2Reg/r-base-4.1.2=. -fstack-protector-strong -Wformat -Werror=format-security -Wdate-time -D_FORTIFY_SOURCE=2 -g  -c normexp.c -o normexp.o
gcc -I"/usr/share/R/include" -DNDEBUG      -fpic  -g -O2 -ffile-prefix-map=/build/r-base-4A2Reg/r-base-4.1.2=. -fstack-protector-strong -Wformat -Werror=format-security -Wdate-time -D_FORTIFY_SOURCE=2 -g  -c weighted_lowess.c -o weighted_lowess.o
gcc -shared -L/usr/lib/R/lib -Wl,-Bsymbolic-functions -flto=auto -ffat-lto-objects -flto=auto -Wl,-z,relro -o limma.so init.o normexp.o weighted_lowess.o -L/usr/lib/R/lib -lR
installing to /home/walt/bridge-rna/benchmarks/osdr_batch_effect_representation/.r-lib/00LOCK-limma/00new/limma/libs
** R
** inst
** byte-compile and prepare package for lazy loading
** help
*** installing help indices
** building package indices
** installing vignettes
** testing if installed package can be loaded from temporary location
** checking absolute paths in shared objects and dynamic libraries
** testing if installed package can be loaded from final location
** testing if installed package keeps a record of temporary installation path
* DONE (limma)
* installing *source* package ‘KEGGREST’ ...
** using staged installation
** R
** inst
** byte-compile and prepare package for lazy loading
** help
*** installing help indices
** building package indices
** installing vignettes
** testing if installed package can be loaded from temporary location
** testing if installed package can be loaded from final location
** testing if installed package keeps a record of temporary installation path
* DONE (KEGGREST)
* installing *source* package ‘edgeR’ ...
** using staged installation
** libs
g++ -std=gnu++11 -I"/usr/share/R/include" -DNDEBUG  -I'/home/walt/R/x86_64-pc-linux-gnu-library/4.1/Rcpp/include'    -fpic  -g -O2 -ffile-prefix-map=/build/r-base-4A2Reg/r-base-4.1.2=. -fstack-protector-strong -Wformat -Werror=format-security -Wdate-time -D_FORTIFY_SOURCE=2 -g  -c R_add_prior_count.cpp -o R_add_prior_count.o
g++ -std=gnu++11 -I"/usr/share/R/include" -DNDEBUG  -I'/home/walt/R/x86_64-pc-linux-gnu-library/4.1/Rcpp/include'    -fpic  -g -O2 -ffile-prefix-map=/build/r-base-4A2Reg/r-base-4.1.2=. -fstack-protector-strong -Wformat -Werror=format-security -Wdate-time -D_FORTIFY_SOURCE=2 -g  -c R_ave_log_cpm.cpp -o R_ave_log_cpm.o
g++ -std=gnu++11 -I"/usr/share/R/include" -DNDEBUG  -I'/home/walt/R/x86_64-pc-linux-gnu-library/4.1/Rcpp/include'    -fpic  -g -O2 -ffile-prefix-map=/build/r-base-4A2Reg/r-base-4.1.2=. -fstack-protector-strong -Wformat -Werror=format-security -Wdate-time -D_FORTIFY_SOURCE=2 -g  -c R_calculate_cpm.cpp -o R_calculate_cpm.o
g++ -std=gnu++11 -I"/usr/share/R/include" -DNDEBUG  -I'/home/walt/R/x86_64-pc-linux-gnu-library/4.1/Rcpp/include'    -fpic  -g -O2 -ffile-prefix-map=/build/r-base-4A2Reg/r-base-4.1.2=. -fstack-protector-strong -Wformat -Werror=format-security -Wdate-time -D_FORTIFY_SOURCE=2 -g  -c R_check_poisson_bound.cpp -o R_check_poisson_bound.o
g++ -std=gnu++11 -I"/usr/share/R/include" -DNDEBUG  -I'/home/walt/R/x86_64-pc-linux-gnu-library/4.1/Rcpp/include'    -fpic  -g -O2 -ffile-prefix-map=/build/r-base-4A2Reg/r-base-4.1.2=. -fstack-protector-strong -Wformat -Werror=format-security -Wdate-time -D_FORTIFY_SOURCE=2 -g  -c R_compute_apl.cpp -o R_compute_apl.o
g++ -std=gnu++11 -I"/usr/share/R/include" -DNDEBUG  -I'/home/walt/R/x86_64-pc-linux-gnu-library/4.1/Rcpp/include'    -fpic  -g -O2 -ffile-prefix-map=/build/r-base-4A2Reg/r-base-4.1.2=. -fstack-protector-strong -Wformat -Werror=format-security -Wdate-time -D_FORTIFY_SOURCE=2 -g  -c R_compute_nbdev.cpp -o R_compute_nbdev.o
g++ -std=gnu++11 -I"/usr/share/R/include" -DNDEBUG  -I'/home/walt/R/x86_64-pc-linux-gnu-library/4.1/Rcpp/include'    -fpic  -g -O2 -ffile-prefix-map=/build/r-base-4A2Reg/r-base-4.1.2=. -fstack-protector-strong -Wformat -Werror=format-security -Wdate-time -D_FORTIFY_SOURCE=2 -g  -c R_exact_test_by_deviance.cpp -o R_exact_test_by_deviance.o
g++ -std=gnu++11 -I"/usr/share/R/include" -DNDEBUG  -I'/home/walt/R/x86_64-pc-linux-gnu-library/4.1/Rcpp/include'    -fpic  -g -O2 -ffile-prefix-map=/build/r-base-4A2Reg/r-base-4.1.2=. -fstack-protector-strong -Wformat -Werror=format-security -Wdate-time -D_FORTIFY_SOURCE=2 -g  -c R_fit_levenberg.cpp -o R_fit_levenberg.o
g++ -std=gnu++11 -I"/usr/share/R/include" -DNDEBUG  -I'/home/walt/R/x86_64-pc-linux-gnu-library/4.1/Rcpp/include'    -fpic  -g -O2 -ffile-prefix-map=/build/r-base-4A2Reg/r-base-4.1.2=. -fstack-protector-strong -Wformat -Werror=format-security -Wdate-time -D_FORTIFY_SOURCE=2 -g  -c R_fit_one_group.cpp -o R_fit_one_group.o
g++ -std=gnu++11 -I"/usr/share/R/include" -DNDEBUG  -I'/home/walt/R/x86_64-pc-linux-gnu-library/4.1/Rcpp/include'    -fpic  -g -O2 -ffile-prefix-map=/build/r-base-4A2Reg/r-base-4.1.2=. -fstack-protector-strong -Wformat -Werror=format-security -Wdate-time -D_FORTIFY_SOURCE=2 -g  -c R_get_one_way_fitted.cpp -o R_get_one_way_fitted.o
g++ -std=gnu++11 -I"/usr/share/R/include" -DNDEBUG  -I'/home/walt/R/x86_64-pc-linux-gnu-library/4.1/Rcpp/include'    -fpic  -g -O2 -ffile-prefix-map=/build/r-base-4A2Reg/r-base-4.1.2=. -fstack-protector-strong -Wformat -Werror=format-security -Wdate-time -D_FORTIFY_SOURCE=2 -g  -c R_initialize_levenberg.cpp -o R_initialize_levenberg.o
g++ -std=gnu++11 -I"/usr/share/R/include" -DNDEBUG  -I'/home/walt/R/x86_64-pc-linux-gnu-library/4.1/Rcpp/include'    -fpic  -g -O2 -ffile-prefix-map=/build/r-base-4A2Reg/r-base-4.1.2=. -fstack-protector-strong -Wformat -Werror=format-security -Wdate-time -D_FORTIFY_SOURCE=2 -g  -c R_loess_by_col.cpp -o R_loess_by_col.o
g++ -std=gnu++11 -I"/usr/share/R/include" -DNDEBUG  -I'/home/walt/R/x86_64-pc-linux-gnu-library/4.1/Rcpp/include'    -fpic  -g -O2 -ffile-prefix-map=/build/r-base-4A2Reg/r-base-4.1.2=. -fstack-protector-strong -Wformat -Werror=format-security -Wdate-time -D_FORTIFY_SOURCE=2 -g  -c R_maximize_interpolant.cpp -o R_maximize_interpolant.o
gcc -I"/usr/share/R/include" -DNDEBUG  -I'/home/walt/R/x86_64-pc-linux-gnu-library/4.1/Rcpp/include'    -fpic  -g -O2 -ffile-prefix-map=/build/r-base-4A2Reg/r-base-4.1.2=. -fstack-protector-strong -Wformat -Werror=format-security -Wdate-time -D_FORTIFY_SOURCE=2 -g  -c R_process_hairpin_reads.c -o R_process_hairpin_reads.o
g++ -std=gnu++11 -I"/usr/share/R/include" -DNDEBUG  -I'/home/walt/R/x86_64-pc-linux-gnu-library/4.1/Rcpp/include'    -fpic  -g -O2 -ffile-prefix-map=/build/r-base-4A2Reg/r-base-4.1.2=. -fstack-protector-strong -Wformat -Werror=format-security -Wdate-time -D_FORTIFY_SOURCE=2 -g  -c R_simple_good_turing.cpp -o R_simple_good_turing.o
g++ -std=gnu++11 -I"/usr/share/R/include" -DNDEBUG  -I'/home/walt/R/x86_64-pc-linux-gnu-library/4.1/Rcpp/include'    -fpic  -g -O2 -ffile-prefix-map=/build/r-base-4A2Reg/r-base-4.1.2=. -fstack-protector-strong -Wformat -Werror=format-security -Wdate-time -D_FORTIFY_SOURCE=2 -g  -c add_prior.cpp -o add_prior.o
g++ -std=gnu++11 -I"/usr/share/R/include" -DNDEBUG  -I'/home/walt/R/x86_64-pc-linux-gnu-library/4.1/Rcpp/include'    -fpic  -g -O2 -ffile-prefix-map=/build/r-base-4A2Reg/r-base-4.1.2=. -fstack-protector-strong -Wformat -Werror=format-security -Wdate-time -D_FORTIFY_SOURCE=2 -g  -c adj_coxreid.cpp -o adj_coxreid.o
gcc -I"/usr/share/R/include" -DNDEBUG  -I'/home/walt/R/x86_64-pc-linux-gnu-library/4.1/Rcpp/include'    -fpic  -g -O2 -ffile-prefix-map=/build/r-base-4A2Reg/r-base-4.1.2=. -fstack-protector-strong -Wformat -Werror=format-security -Wdate-time -D_FORTIFY_SOURCE=2 -g  -c fmm_spline.c -o fmm_spline.o
g++ -std=gnu++11 -I"/usr/share/R/include" -DNDEBUG  -I'/home/walt/R/x86_64-pc-linux-gnu-library/4.1/Rcpp/include'    -fpic  -g -O2 -ffile-prefix-map=/build/r-base-4A2Reg/r-base-4.1.2=. -fstack-protector-strong -Wformat -Werror=format-security -Wdate-time -D_FORTIFY_SOURCE=2 -g  -c glm_levenberg.cpp -o glm_levenberg.o
g++ -std=gnu++11 -I"/usr/share/R/include" -DNDEBUG  -I'/home/walt/R/x86_64-pc-linux-gnu-library/4.1/Rcpp/include'    -fpic  -g -O2 -ffile-prefix-map=/build/r-base-4A2Reg/r-base-4.1.2=. -fstack-protector-strong -Wformat -Werror=format-security -Wdate-time -D_FORTIFY_SOURCE=2 -g  -c glm_one_group.cpp -o glm_one_group.o
g++ -std=gnu++11 -I"/usr/share/R/include" -DNDEBUG  -I'/home/walt/R/x86_64-pc-linux-gnu-library/4.1/Rcpp/include'    -fpic  -g -O2 -ffile-prefix-map=/build/r-base-4A2Reg/r-base-4.1.2=. -fstack-protector-strong -Wformat -Werror=format-security -Wdate-time -D_FORTIFY_SOURCE=2 -g  -c init.cpp -o init.o
g++ -std=gnu++11 -I"/usr/share/R/include" -DNDEBUG  -I'/home/walt/R/x86_64-pc-linux-gnu-library/4.1/Rcpp/include'    -fpic  -g -O2 -ffile-prefix-map=/build/r-base-4A2Reg/r-base-4.1.2=. -fstack-protector-strong -Wformat -Werror=format-security -Wdate-time -D_FORTIFY_SOURCE=2 -g  -c interpolator.cpp -o interpolator.o
g++ -std=gnu++11 -I"/usr/share/R/include" -DNDEBUG  -I'/home/walt/R/x86_64-pc-linux-gnu-library/4.1/Rcpp/include'    -fpic  -g -O2 -ffile-prefix-map=/build/r-base-4A2Reg/r-base-4.1.2=. -fstack-protector-strong -Wformat -Werror=format-security -Wdate-time -D_FORTIFY_SOURCE=2 -g  -c nbdev.cpp -o nbdev.o
g++ -std=gnu++11 -I"/usr/share/R/include" -DNDEBUG  -I'/home/walt/R/x86_64-pc-linux-gnu-library/4.1/Rcpp/include'    -fpic  -g -O2 -ffile-prefix-map=/build/r-base-4A2Reg/r-base-4.1.2=. -fstack-protector-strong -Wformat -Werror=format-security -Wdate-time -D_FORTIFY_SOURCE=2 -g  -c objects.cpp -o objects.o
g++ -std=gnu++11 -shared -L/usr/lib/R/lib -Wl,-Bsymbolic-functions -flto=auto -ffat-lto-objects -flto=auto -Wl,-z,relro -o edgeR.so R_add_prior_count.o R_ave_log_cpm.o R_calculate_cpm.o R_check_poisson_bound.o R_compute_apl.o R_compute_nbdev.o R_exact_test_by_deviance.o R_fit_levenberg.o R_fit_one_group.o R_get_one_way_fitted.o R_initialize_levenberg.o R_loess_by_col.o R_maximize_interpolant.o R_process_hairpin_reads.o R_simple_good_turing.o add_prior.o adj_coxreid.o fmm_spline.o glm_levenberg.o glm_one_group.o init.o interpolator.o nbdev.o objects.o -llapack -lblas -lgfortran -lm -lquadmath -L/usr/lib/R/lib -lR
installing to /home/walt/bridge-rna/benchmarks/osdr_batch_effect_representation/.r-lib/00LOCK-edgeR/00new/edgeR/libs
** R
** inst
** byte-compile and prepare package for lazy loading
** help
*** installing help indices
** building package indices
** installing vignettes
** testing if installed package can be loaded from temporary location
** checking absolute paths in shared objects and dynamic libraries
** testing if installed package can be loaded from final location
** testing if installed package keeps a record of temporary installation path
* DONE (edgeR)
* installing *source* package ‘AnnotationDbi’ ...
** using staged installation
** R
** inst
** byte-compile and prepare package for lazy loading
Creating a new generic function for ‘packageName’ in package ‘AnnotationDbi’
Creating a generic function for ‘ls’ from package ‘base’ in package ‘AnnotationDbi’
Creating a generic function for ‘eapply’ from package ‘base’ in package ‘AnnotationDbi’
Creating a generic function for ‘exists’ from package ‘base’ in package ‘AnnotationDbi’
Creating a generic function for ‘sample’ from package ‘base’ in package ‘AnnotationDbi’
** help
*** installing help indices
** building package indices
** installing vignettes
** testing if installed package can be loaded from temporary location
** testing if installed package can be loaded from final location
** testing if installed package keeps a record of temporary installation path
* DONE (AnnotationDbi)
* installing *source* package ‘annotate’ ...
** using staged installation
** R
** data
** inst
** byte-compile and prepare package for lazy loading
** help
*** installing help indices
** building package indices
** installing vignettes
** testing if installed package can be loaded from temporary location
** testing if installed package can be loaded from final location
** testing if installed package keeps a record of temporary installation path
* DONE (annotate)
* installing *source* package ‘genefilter’ ...
** using staged installation
** libs
g++ -std=gnu++14 -I"/usr/share/R/include" -DNDEBUG      -fpic  -g -O2 -ffile-prefix-map=/build/r-base-4A2Reg/r-base-4.1.2=. -fstack-protector-strong -Wformat -Werror=format-security -Wdate-time -D_FORTIFY_SOURCE=2 -g  -c half_range_mode.cpp -o half_range_mode.o
gcc -I"/usr/share/R/include" -DNDEBUG      -fpic  -g -O2 -ffile-prefix-map=/build/r-base-4A2Reg/r-base-4.1.2=. -fstack-protector-strong -Wformat -Werror=format-security -Wdate-time -D_FORTIFY_SOURCE=2 -g  -c init.c -o init.o
gcc -I"/usr/share/R/include" -DNDEBUG      -fpic  -g -O2 -ffile-prefix-map=/build/r-base-4A2Reg/r-base-4.1.2=. -fstack-protector-strong -Wformat -Werror=format-security -Wdate-time -D_FORTIFY_SOURCE=2 -g  -c nd.c -o nd.o
gcc -I"/usr/share/R/include" -DNDEBUG      -fpic  -g -O2 -ffile-prefix-map=/build/r-base-4A2Reg/r-base-4.1.2=. -fstack-protector-strong -Wformat -Werror=format-security -Wdate-time -D_FORTIFY_SOURCE=2 -g  -c pAUC.c -o pAUC.o
gcc -I"/usr/share/R/include" -DNDEBUG      -fpic  -g -O2 -ffile-prefix-map=/build/r-base-4A2Reg/r-base-4.1.2=. -fstack-protector-strong -Wformat -Werror=format-security -Wdate-time -D_FORTIFY_SOURCE=2 -g  -c rowPAUCs.c -o rowPAUCs.o
gcc -I"/usr/share/R/include" -DNDEBUG      -fpic  -g -O2 -ffile-prefix-map=/build/r-base-4A2Reg/r-base-4.1.2=. -fstack-protector-strong -Wformat -Werror=format-security -Wdate-time -D_FORTIFY_SOURCE=2 -g  -c rowttests.c -o rowttests.o
gfortran -fno-optimize-sibling-calls  -fpic  -g -O2 -ffile-prefix-map=/build/r-base-4A2Reg/r-base-4.1.2=. -fstack-protector-strong  -c ttest.f -o ttest.o
g++ -std=gnu++14 -shared -L/usr/lib/R/lib -Wl,-Bsymbolic-functions -flto=auto -ffat-lto-objects -flto=auto -Wl,-z,relro -o genefilter.so half_range_mode.o init.o nd.o pAUC.o rowPAUCs.o rowttests.o ttest.o -lgfortran -lm -lquadmath -L/usr/lib/R/lib -lR
installing to /home/walt/bridge-rna/benchmarks/osdr_batch_effect_representation/.r-lib/00LOCK-genefilter/00new/genefilter/libs
** R
** data
*** moving datasets to lazyload DB
** inst
** byte-compile and prepare package for lazy loading
** help
*** installing help indices
** building package indices
** installing vignettes
** testing if installed package can be loaded from temporary location
** checking absolute paths in shared objects and dynamic libraries
** testing if installed package can be loaded from final location
** testing if installed package keeps a record of temporary installation path
* DONE (genefilter)
* installing *source* package ‘sva’ ...
** using staged installation
** libs
gcc -I"/usr/share/R/include" -DNDEBUG      -fpic  -g -O2 -ffile-prefix-map=/build/r-base-4A2Reg/r-base-4.1.2=. -fstack-protector-strong -Wformat -Werror=format-security -Wdate-time -D_FORTIFY_SOURCE=2 -g  -c sva.c -o sva.o
gcc -shared -L/usr/lib/R/lib -Wl,-Bsymbolic-functions -flto=auto -ffat-lto-objects -flto=auto -Wl,-z,relro -o sva.so sva.o -L/usr/lib/R/lib -lR
installing to /home/walt/bridge-rna/benchmarks/osdr_batch_effect_representation/.r-lib/00LOCK-sva/00new/sva/libs
** R
** inst
** byte-compile and prepare package for lazy loading
** help
*** installing help indices
** building package indices
** installing vignettes
** testing if installed package can be loaded from temporary location
** checking absolute paths in shared objects and dynamic libraries
** testing if installed package can be loaded from final location
** testing if installed package keeps a record of temporary installation path
* DONE (sva)

The downloaded source packages are in
	‘/tmp/RtmpNj1LUi/downloaded_packages’
