Task 3C metadata/confounding audit complete
Contrasts: 14; permutation replicates per variable: 9999
                  variable  n_levels  missing_contrasts  smallest_level_n  singleton_level_fraction  cramers_v  permutation_pvalue  category_to_cluster_purity  perfect_partition     reliability_flag                interpretation
       library_preparation         2                  0                 4                  0.000000   0.316228              0.5571                    0.642857              False   usable_exploratory            no clear alignment
             animal_source         3                  2                 2                  0.000000   0.409081              0.5953                    0.642857              False   usable_exploratory            no clear alignment
     sequencing_parameters         3                  0                 3                  0.000000   0.324719              0.6277                    0.642857              False   usable_exploratory            no clear alignment
               light_cycle         4                  3                 2                  0.000000   0.308607              0.7892                    0.642857              False   usable_exploratory            no clear alignment
       sequencing_facility         2                  0                 3                  0.000000   0.174078              1.0000                    0.571429              False   usable_exploratory            no clear alignment
sample_storage_temperature         1                  0                14                  0.000000   0.000000              1.0000                    0.500000              False   usable_exploratory       constant; not evaluable
       sample_preservation         4                  0                 1                  0.500000   0.560612              0.3079                    0.714286              False sparse_or_confounded sparse/confounded; unreliable
             age_at_launch         6                  0                 1                  0.333333   0.683130              0.3460                    0.785714              False sparse_or_confounded sparse/confounded; unreliable
           flight_duration         7                  4                 1                  0.428571   0.723747              0.3628                    0.785714              False sparse_or_confounded sparse/confounded; unreliable
                   mission         6                  0                 1                  0.500000   0.654654              0.4383                    0.785714              False sparse_or_confounded sparse/confounded; unreliable
                   habitat         3                  2                 1                  0.333333   0.469871              0.4588                    0.642857              False sparse_or_confounded sparse/confounded; unreliable
              preservation         5                  0                 1                  0.600000   0.604218              0.4621                    0.714286              False sparse_or_confounded sparse/confounded; unreliable
       enrichment_material         2                 12                 2                  0.000000   0.408248              0.4660                    0.642857              False sparse_or_confounded sparse/confounded; unreliable
                       OSD         7                  0                 1                  0.285714   0.690066              0.5922                    0.785714              False sparse_or_confounded sparse/confounded; unreliable
             rr_experiment         5                  0                 1                  0.600000   0.525538              0.6589                    0.714286              False sparse_or_confounded sparse/confounded; unreliable
         euthanasia_method         6                  1                 1                  0.666667   0.560612              1.0000                    0.714286              False sparse_or_confounded sparse/confounded; unreliable
                    strain         4                  0                 1                  0.250000   0.292770              1.0000                    0.571429              False sparse_or_confounded sparse/confounded; unreliable
      carcass_preservation         3                 11                 1                  0.333333   0.279145              1.0000                    0.571429              False sparse_or_confounded sparse/confounded; unreliable
             sample_weight         2                 13                 1                  0.500000   0.277350              1.0000                    0.571429              False sparse_or_confounded sparse/confounded; unreliable
                       sex         2                  0                 1                  0.500000   0.277350              1.0000                    0.571429              False sparse_or_confounded sparse/confounded; unreliable
                  material         2                  0                 1                  0.500000   0.277350              1.0000                    0.571429              False sparse_or_confounded sparse/confounded; unreliable
                      diet         2                  1                 1                  0.500000   0.277350              1.0000                    0.571429              False sparse_or_confounded sparse/confounded; unreliable
          feeding_schedule         2                  1                 1                  0.500000   0.277350              1.0000                    0.571429              False sparse_or_confounded sparse/confounded; unreliable
         age_at_euthanasia         1                 14                14                  0.000000   0.000000              1.0000                    0.500000              False sparse_or_confounded       constant; not evaluable
           euthanasia_date         1                 14                14                  0.000000   0.000000              1.0000                    0.500000              False sparse_or_confounded       constant; not evaluable
           dissection_date         1                 14                14                  0.000000   0.000000              1.0000                    0.500000              False sparse_or_confounded       constant; not evaluable
                  genotype         1                 14                14                  0.000000   0.000000              1.0000                    0.500000              False sparse_or_confounded       constant; not evaluable
        source_description         1                 14                14                  0.000000   0.000000              1.0000                    0.500000              False sparse_or_confounded       constant; not evaluable
