[heartbeat] full epoch=1/250 val=nan elapsed=0.0m
[heartbeat] full epoch=10/250 val=nan elapsed=0.1m
[heartbeat] full epoch=20/250 val=nan elapsed=0.1m
[heartbeat] full epoch=30/250 val=nan elapsed=0.1m
[heartbeat] full epoch=40/250 val=nan elapsed=0.1m
[heartbeat] full epoch=50/250 val=nan elapsed=0.2m
[heartbeat] full epoch=60/250 val=nan elapsed=0.2m
[heartbeat] full epoch=70/250 val=nan elapsed=0.2m
[heartbeat] full epoch=80/250 val=nan elapsed=0.3m
[heartbeat] full epoch=90/250 val=nan elapsed=0.3m
[heartbeat] full epoch=100/250 val=nan elapsed=0.3m
[heartbeat] full epoch=110/250 val=nan elapsed=0.4m
[heartbeat] full epoch=120/250 val=nan elapsed=0.4m
[heartbeat] full epoch=130/250 val=nan elapsed=0.4m
[heartbeat] full epoch=140/250 val=nan elapsed=0.5m
[heartbeat] full epoch=150/250 val=nan elapsed=0.5m
[heartbeat] full epoch=160/250 val=nan elapsed=0.5m
[heartbeat] full epoch=170/250 val=nan elapsed=0.5m
[heartbeat] full epoch=180/250 val=nan elapsed=0.6m
[heartbeat] full epoch=190/250 val=nan elapsed=0.6m
[heartbeat] full epoch=200/250 val=nan elapsed=0.6m
[heartbeat] full epoch=210/250 val=nan elapsed=0.7m
[heartbeat] full epoch=220/250 val=nan elapsed=0.7m
[heartbeat] full epoch=230/250 val=nan elapsed=0.7m
[heartbeat] full epoch=240/250 val=nan elapsed=0.8m
[heartbeat] full epoch=250/250 val=nan elapsed=0.8m
[heartbeat] without_pair epoch=1/250 val=nan elapsed=0.0m
[heartbeat] without_pair epoch=10/250 val=nan elapsed=0.0m
[heartbeat] without_pair epoch=20/250 val=nan elapsed=0.1m
[heartbeat] without_pair epoch=30/250 val=nan elapsed=0.1m
[heartbeat] without_pair epoch=40/250 val=nan elapsed=0.1m
[heartbeat] without_pair epoch=50/250 val=nan elapsed=0.2m
[heartbeat] without_pair epoch=60/250 val=nan elapsed=0.2m
[heartbeat] without_pair epoch=70/250 val=nan elapsed=0.2m
[heartbeat] without_pair epoch=80/250 val=nan elapsed=0.3m
[heartbeat] without_pair epoch=90/250 val=nan elapsed=0.3m
[heartbeat] without_pair epoch=100/250 val=nan elapsed=0.3m
[heartbeat] without_pair epoch=110/250 val=nan elapsed=0.3m
[heartbeat] without_pair epoch=120/250 val=nan elapsed=0.4m
[heartbeat] without_pair epoch=130/250 val=nan elapsed=0.4m
[heartbeat] without_pair epoch=140/250 val=nan elapsed=0.4m
[heartbeat] without_pair epoch=150/250 val=nan elapsed=0.5m
[heartbeat] without_pair epoch=160/250 val=nan elapsed=0.5m
[heartbeat] without_pair epoch=170/250 val=nan elapsed=0.5m
[heartbeat] without_pair epoch=180/250 val=nan elapsed=0.5m
[heartbeat] without_pair epoch=190/250 val=nan elapsed=0.6m
[heartbeat] without_pair epoch=200/250 val=nan elapsed=0.6m
[heartbeat] without_pair epoch=210/250 val=nan elapsed=0.6m
[heartbeat] without_pair epoch=220/250 val=nan elapsed=0.6m
[heartbeat] without_pair epoch=230/250 val=nan elapsed=0.7m
[heartbeat] without_pair epoch=240/250 val=nan elapsed=0.7m
[heartbeat] without_pair epoch=250/250 val=nan elapsed=0.7m
[heartbeat] without_adversarial epoch=1/250 val=nan elapsed=0.0m
[heartbeat] without_adversarial epoch=10/250 val=nan elapsed=0.0m
[heartbeat] without_adversarial epoch=20/250 val=nan elapsed=0.1m
[heartbeat] without_adversarial epoch=30/250 val=nan elapsed=0.1m
[heartbeat] without_adversarial epoch=40/250 val=nan elapsed=0.1m
[heartbeat] without_adversarial epoch=50/250 val=nan elapsed=0.1m
[heartbeat] without_adversarial epoch=60/250 val=nan elapsed=0.2m
[heartbeat] without_adversarial epoch=70/250 val=nan elapsed=0.2m
[heartbeat] without_adversarial epoch=80/250 val=nan elapsed=0.2m
[heartbeat] without_adversarial epoch=90/250 val=nan elapsed=0.3m
[heartbeat] without_adversarial epoch=100/250 val=nan elapsed=0.3m
[heartbeat] without_adversarial epoch=110/250 val=nan elapsed=0.3m
[heartbeat] without_adversarial epoch=120/250 val=nan elapsed=0.3m
[heartbeat] without_adversarial epoch=130/250 val=nan elapsed=0.4m
[heartbeat] without_adversarial epoch=140/250 val=nan elapsed=0.4m
[heartbeat] without_adversarial epoch=150/250 val=nan elapsed=0.4m
[heartbeat] without_adversarial epoch=160/250 val=nan elapsed=0.5m
[heartbeat] without_adversarial epoch=170/250 val=nan elapsed=0.5m
[heartbeat] without_adversarial epoch=180/250 val=nan elapsed=0.5m
[heartbeat] without_adversarial epoch=190/250 val=nan elapsed=0.5m
[heartbeat] without_adversarial epoch=200/250 val=nan elapsed=0.6m
[heartbeat] without_adversarial epoch=210/250 val=nan elapsed=0.6m
[heartbeat] without_adversarial epoch=220/250 val=nan elapsed=0.6m
[heartbeat] without_adversarial epoch=230/250 val=nan elapsed=0.7m
[heartbeat] without_adversarial epoch=240/250 val=nan elapsed=0.7m
[heartbeat] without_adversarial epoch=250/250 val=nan elapsed=0.7m
[heartbeat] shuffled_labels epoch=1/250 val=nan elapsed=0.0m
[heartbeat] shuffled_labels epoch=10/250 val=nan elapsed=0.0m
[heartbeat] shuffled_labels epoch=20/250 val=nan elapsed=0.1m
[heartbeat] shuffled_labels epoch=30/250 val=nan elapsed=0.1m
[heartbeat] shuffled_labels epoch=40/250 val=nan elapsed=0.1m
[heartbeat] shuffled_labels epoch=50/250 val=nan elapsed=0.1m
[heartbeat] shuffled_labels epoch=60/250 val=nan elapsed=0.2m
[heartbeat] shuffled_labels epoch=70/250 val=nan elapsed=0.2m
[heartbeat] shuffled_labels epoch=80/250 val=nan elapsed=0.2m
[heartbeat] shuffled_labels epoch=90/250 val=nan elapsed=0.3m
[heartbeat] shuffled_labels epoch=100/250 val=nan elapsed=0.3m
[heartbeat] shuffled_labels epoch=110/250 val=nan elapsed=0.3m
[heartbeat] shuffled_labels epoch=120/250 val=nan elapsed=0.4m
[heartbeat] shuffled_labels epoch=130/250 val=nan elapsed=0.4m
[heartbeat] shuffled_labels epoch=140/250 val=nan elapsed=0.4m
[heartbeat] shuffled_labels epoch=150/250 val=nan elapsed=0.5m
[heartbeat] shuffled_labels epoch=160/250 val=nan elapsed=0.5m
[heartbeat] shuffled_labels epoch=170/250 val=nan elapsed=0.5m
[heartbeat] shuffled_labels epoch=180/250 val=nan elapsed=0.5m
[heartbeat] shuffled_labels epoch=190/250 val=nan elapsed=0.6m
[heartbeat] shuffled_labels epoch=200/250 val=nan elapsed=0.6m
[heartbeat] shuffled_labels epoch=210/250 val=nan elapsed=0.6m
[heartbeat] shuffled_labels epoch=220/250 val=nan elapsed=0.6m
[heartbeat] shuffled_labels epoch=230/250 val=nan elapsed=0.7m
[heartbeat] shuffled_labels epoch=240/250 val=nan elapsed=0.7m
[heartbeat] shuffled_labels epoch=250/250 val=nan elapsed=0.7m
[heartbeat] shuffled_pairs epoch=1/250 val=nan elapsed=0.0m
[heartbeat] shuffled_pairs epoch=10/250 val=nan elapsed=0.0m
[heartbeat] shuffled_pairs epoch=20/250 val=nan elapsed=0.1m
[heartbeat] shuffled_pairs epoch=30/250 val=nan elapsed=0.1m
[heartbeat] shuffled_pairs epoch=40/250 val=nan elapsed=0.1m
[heartbeat] shuffled_pairs epoch=50/250 val=nan elapsed=0.1m
[heartbeat] shuffled_pairs epoch=60/250 val=nan elapsed=0.2m
[heartbeat] shuffled_pairs epoch=70/250 val=nan elapsed=0.2m
[heartbeat] shuffled_pairs epoch=80/250 val=nan elapsed=0.2m
[heartbeat] shuffled_pairs epoch=90/250 val=nan elapsed=0.3m
[heartbeat] shuffled_pairs epoch=100/250 val=nan elapsed=0.3m
[heartbeat] shuffled_pairs epoch=110/250 val=nan elapsed=0.3m
[heartbeat] shuffled_pairs epoch=120/250 val=nan elapsed=0.4m
[heartbeat] shuffled_pairs epoch=130/250 val=nan elapsed=0.4m
[heartbeat] shuffled_pairs epoch=140/250 val=nan elapsed=0.4m
[heartbeat] shuffled_pairs epoch=150/250 val=nan elapsed=0.4m
[heartbeat] shuffled_pairs epoch=160/250 val=nan elapsed=0.5m
[heartbeat] shuffled_pairs epoch=170/250 val=nan elapsed=0.5m
[heartbeat] shuffled_pairs epoch=180/250 val=nan elapsed=0.5m
[heartbeat] shuffled_pairs epoch=190/250 val=nan elapsed=0.6m
[heartbeat] shuffled_pairs epoch=200/250 val=nan elapsed=0.6m
[heartbeat] shuffled_pairs epoch=210/250 val=nan elapsed=0.6m
[heartbeat] shuffled_pairs epoch=220/250 val=nan elapsed=0.6m
[heartbeat] shuffled_pairs epoch=230/250 val=nan elapsed=0.7m
[heartbeat] shuffled_pairs epoch=240/250 val=nan elapsed=0.7m
[heartbeat] shuffled_pairs epoch=250/250 val=nan elapsed=0.7m
        representation    auroc  balanced_accuracy  macro_f1  pairs  pair_cosine  pair_r1  pair_r5  pair_r10  pair_mrr  median_rank
                Bridge 0.000000               0.25  0.200000      2     0.882425     0.75      1.0       1.0     0.875          1.0
       Linear baseline 0.500000               0.50  0.333333      2     0.882891     0.75      1.0       1.0     0.875          1.0
                    FE 0.000000               0.50  0.333333      2     0.785983     0.50      1.0       1.0     0.750          1.5
                    RE 0.000000               0.25  0.200000      2     0.165019     0.50      1.0       1.0     0.750          1.5
       FE without_pair 0.000000               0.50  0.333333      2     0.838342     0.50      1.0       1.0     0.750          1.5
FE without_adversarial 0.078125               0.25  0.200000      2     0.996180     0.50      1.0       1.0     0.750          1.5
    FE shuffled_labels 0.000000               0.00  0.000000      2     0.999504     0.50      1.0       1.0     0.750          1.5
     FE shuffled_pairs 0.000000               0.50  0.333333      2     0.985909     0.50      1.0       1.0     0.750          1.5
[complete] /home/walt/bridge-rna/benchmarks/library_prep_disentanglement/results/task4_disentanglement
