[estimate] conditions=84 reused=6 new=78 GPUs=2 approximate_runtime=5-10m
[progress] completed=7/84 axis=Axis B panel=de_ranked size=25 replicate=0 elapsed=0.3m ETA=21.8m
[progress] completed=8/84 axis=Axis A panel=de_ranked size=25 replicate=0 elapsed=0.4m ETA=13.9m
[progress] completed=9/84 axis=Axis B panel=random size=25 replicate=0 elapsed=0.4m ETA=9.4m
[progress] completed=10/84 axis=Axis B panel=random size=25 replicate=1 elapsed=0.5m ETA=8.6m
[progress] completed=11/84 axis=Axis A panel=random size=25 replicate=0 elapsed=0.5m ETA=7.3m
[progress] completed=12/84 axis=Axis B panel=random size=25 replicate=2 elapsed=0.6m ETA=6.7m
[progress] completed=13/84 axis=Axis A panel=random size=25 replicate=1 elapsed=0.6m ETA=6.4m
[progress] completed=14/84 axis=Axis B panel=random size=25 replicate=3 elapsed=0.6m ETA=5.7m
[progress] completed=15/84 axis=Axis B panel=random size=25 replicate=4 elapsed=0.7m ETA=5.7m
[progress] completed=16/84 axis=Axis A panel=random size=25 replicate=2 elapsed=0.8m ETA=5.2m
[progress] completed=17/84 axis=Axis B panel=de_ranked size=50 replicate=0 elapsed=0.8m ETA=5.1m
[progress] completed=18/84 axis=Axis A panel=random size=25 replicate=3 elapsed=0.9m ETA=4.9m
[progress] completed=19/84 axis=Axis B panel=random size=50 replicate=0 elapsed=0.9m ETA=4.6m
[progress] completed=20/84 axis=Axis B panel=random size=50 replicate=1 elapsed=1.0m ETA=4.6m
[progress] completed=21/84 axis=Axis A panel=random size=25 replicate=4 elapsed=1.0m ETA=4.4m
[progress] completed=22/84 axis=Axis B panel=random size=50 replicate=2 elapsed=1.1m ETA=4.3m
[progress] completed=23/84 axis=Axis A panel=de_ranked size=50 replicate=0 elapsed=1.2m ETA=4.2m
[progress] completed=24/84 axis=Axis B panel=random size=50 replicate=3 elapsed=1.2m ETA=4.0m
[progress] completed=25/84 axis=Axis B panel=random size=50 replicate=4 elapsed=1.3m ETA=4.0m
[progress] completed=26/84 axis=Axis A panel=random size=50 replicate=0 elapsed=1.3m ETA=3.8m
[progress] completed=27/84 axis=Axis B panel=de_ranked size=100 replicate=0 elapsed=1.4m ETA=3.8m
[progress] completed=28/84 axis=Axis A panel=random size=50 replicate=1 elapsed=1.4m ETA=3.7m
[progress] completed=29/84 axis=Axis B panel=random size=100 replicate=0 elapsed=1.5m ETA=3.5m
[progress] completed=30/84 axis=Axis B panel=random size=100 replicate=1 elapsed=1.6m ETA=3.5m
[progress] completed=31/84 axis=Axis A panel=random size=50 replicate=2 elapsed=1.6m ETA=3.3m
[progress] completed=32/84 axis=Axis B panel=random size=100 replicate=2 elapsed=1.7m ETA=3.3m
[progress] completed=33/84 axis=Axis A panel=random size=50 replicate=3 elapsed=1.7m ETA=3.2m
[progress] completed=34/84 axis=Axis B panel=random size=100 replicate=3 elapsed=1.8m ETA=3.1m
[progress] completed=35/84 axis=Axis A panel=random size=50 replicate=4 elapsed=1.9m ETA=3.1m
[progress] completed=36/84 axis=Axis B panel=random size=100 replicate=4 elapsed=1.9m ETA=3.0m
[progress] completed=37/84 axis=Axis B panel=ig_ranked size=250 replicate=0 elapsed=1.9m ETA=3.0m
[progress] completed=38/84 axis=Axis A panel=de_ranked size=100 replicate=0 elapsed=2.0m ETA=2.9m
[progress] completed=39/84 axis=Axis B panel=de_ranked size=250 replicate=0 elapsed=2.0m ETA=2.8m
[progress] completed=40/84 axis=Axis A panel=random size=100 replicate=0 elapsed=2.1m ETA=2.8m
[progress] completed=41/84 axis=Axis B panel=random size=250 replicate=0 elapsed=2.1m ETA=2.6m
[progress] completed=42/84 axis=Axis B panel=random size=250 replicate=1 elapsed=2.2m ETA=2.6m
[progress] completed=43/84 axis=Axis A panel=random size=100 replicate=1 elapsed=2.3m ETA=2.5m
[progress] completed=44/84 axis=Axis B panel=random size=250 replicate=2 elapsed=2.3m ETA=2.4m
[progress] completed=45/84 axis=Axis A panel=random size=100 replicate=2 elapsed=2.4m ETA=2.4m
[progress] completed=46/84 axis=Axis B panel=random size=250 replicate=3 elapsed=2.4m ETA=2.3m
[progress] completed=47/84 axis=Axis B panel=random size=250 replicate=4 elapsed=2.5m ETA=2.3m
[progress] completed=48/84 axis=Axis A panel=random size=100 replicate=3 elapsed=2.5m ETA=2.2m
[progress] completed=49/84 axis=Axis B panel=ig_ranked size=500 replicate=0 elapsed=2.6m ETA=2.1m
[progress] completed=50/84 axis=Axis A panel=random size=100 replicate=4 elapsed=2.7m ETA=2.1m
[progress] completed=51/84 axis=Axis B panel=de_ranked size=500 replicate=0 elapsed=2.7m ETA=2.0m
[progress] completed=52/84 axis=Axis B panel=random size=500 replicate=0 elapsed=2.8m ETA=1.9m
[progress] completed=53/84 axis=Axis A panel=ig_ranked size=250 replicate=0 elapsed=2.8m ETA=1.9m
[progress] completed=54/84 axis=Axis B panel=random size=500 replicate=1 elapsed=2.9m ETA=1.8m
[progress] completed=55/84 axis=Axis A panel=de_ranked size=250 replicate=0 elapsed=3.0m ETA=1.7m
[progress] completed=56/84 axis=Axis B panel=random size=500 replicate=2 elapsed=3.0m ETA=1.7m
[progress] completed=57/84 axis=Axis B panel=random size=500 replicate=3 elapsed=3.1m ETA=1.6m
[progress] completed=58/84 axis=Axis A panel=random size=250 replicate=0 elapsed=3.1m ETA=1.5m
[progress] completed=59/84 axis=Axis B panel=random size=500 replicate=4 elapsed=3.2m ETA=1.5m
[progress] completed=60/84 axis=Axis A panel=random size=250 replicate=1 elapsed=3.2m ETA=1.4m
[progress] completed=61/84 axis=Axis B panel=ig_ranked size=1000 replicate=0 elapsed=3.2m ETA=1.4m
[progress] completed=62/84 axis=Axis B panel=de_ranked size=1000 replicate=0 elapsed=3.3m ETA=1.3m
[progress] completed=63/84 axis=Axis A panel=random size=250 replicate=2 elapsed=3.4m ETA=1.2m
[progress] completed=64/84 axis=Axis B panel=random size=1000 replicate=0 elapsed=3.4m ETA=1.2m
[progress] completed=65/84 axis=Axis A panel=random size=250 replicate=3 elapsed=3.5m ETA=1.1m
[progress] completed=66/84 axis=Axis B panel=random size=1000 replicate=1 elapsed=3.5m ETA=1.1m
[progress] completed=67/84 axis=Axis B panel=random size=1000 replicate=2 elapsed=3.6m ETA=1.0m
[progress] completed=68/84 axis=Axis A panel=random size=250 replicate=4 elapsed=3.6m ETA=0.9m
[progress] completed=69/84 axis=Axis B panel=random size=1000 replicate=3 elapsed=3.7m ETA=0.9m
[progress] completed=70/84 axis=Axis A panel=ig_ranked size=500 replicate=0 elapsed=3.8m ETA=0.8m
[progress] completed=71/84 axis=Axis B panel=random size=1000 replicate=4 elapsed=3.8m ETA=0.8m
[worker] Axis B finished (1/2)
[progress] completed=72/84 axis=Axis A panel=de_ranked size=500 replicate=0 elapsed=3.9m ETA=0.7m
[progress] completed=73/84 axis=Axis A panel=random size=500 replicate=0 elapsed=4.1m ETA=0.7m
[progress] completed=74/84 axis=Axis A panel=random size=500 replicate=1 elapsed=4.2m ETA=0.6m
[progress] completed=75/84 axis=Axis A panel=random size=500 replicate=2 elapsed=4.3m ETA=0.6m
[progress] completed=76/84 axis=Axis A panel=random size=500 replicate=3 elapsed=4.5m ETA=0.5m
[progress] completed=77/84 axis=Axis A panel=random size=500 replicate=4 elapsed=4.6m ETA=0.5m
[progress] completed=78/84 axis=Axis A panel=ig_ranked size=1000 replicate=0 elapsed=4.8m ETA=0.4m
[progress] completed=79/84 axis=Axis A panel=de_ranked size=1000 replicate=0 elapsed=4.9m ETA=0.3m
[progress] completed=80/84 axis=Axis A panel=random size=1000 replicate=0 elapsed=5.0m ETA=0.3m
[progress] completed=81/84 axis=Axis A panel=random size=1000 replicate=1 elapsed=5.2m ETA=0.2m
[progress] completed=82/84 axis=Axis A panel=random size=1000 replicate=2 elapsed=5.3m ETA=0.1m
[progress] completed=83/84 axis=Axis A panel=random size=1000 replicate=3 elapsed=5.5m ETA=0.1m
[progress] completed=84/84 axis=Axis A panel=random size=1000 replicate=4 elapsed=5.6m ETA=0.0m
[worker] Axis A finished (2/2)
[complete] completed=84/84 elapsed=5.7m
