[mouse] definitive cohort: 500 samples from 500 studies
[human] definitive cohort: 500 samples from 500 studies
[inference] human fold=1/4 panel=1/48 samples=500 batch_size=4 device=cuda:0
[inference] mouse fold=1/4 panel=1/48 samples=500 batch_size=4 device=cuda:1
[orchestrator heartbeat] elapsed=1.0m running=human,mouse
[heartbeat] mouse fold=1/4 panel=1/48 samples=500/500 elapsed=1.0m rate=8.35/s
[heartbeat] human fold=1/4 panel=1/48 samples=480/500 elapsed=1.0m rate=7.96/s
[inference] mouse fold=1/4 panel=2/48 samples=500 batch_size=4 device=cuda:1
[heartbeat] human fold=1/4 panel=1/48 samples=500/500 elapsed=1.0m rate=7.99/s
[inference] human fold=1/4 panel=2/48 samples=500 batch_size=4 device=cuda:0
[orchestrator heartbeat] elapsed=2.0m running=human,mouse
[heartbeat] mouse fold=1/4 panel=2/48 samples=500/500 elapsed=0.9m rate=9.16/s
[inference] mouse fold=1/4 panel=3/48 samples=500 batch_size=4 device=cuda:1
[heartbeat] human fold=1/4 panel=2/48 samples=500/500 elapsed=1.0m rate=8.67/s
[inference] human fold=1/4 panel=3/48 samples=500 batch_size=4 device=cuda:0
[heartbeat] mouse fold=1/4 panel=3/48 samples=500/500 elapsed=0.9m rate=9.14/s
[inference] mouse fold=1/4 panel=4/48 samples=500 batch_size=4 device=cuda:1
[orchestrator heartbeat] elapsed=3.0m running=human,mouse
[heartbeat] human fold=1/4 panel=3/48 samples=500/500 elapsed=1.0m rate=8.61/s
[inference] human fold=1/4 panel=4/48 samples=500 batch_size=4 device=cuda:0
[heartbeat] mouse fold=1/4 panel=4/48 samples=500/500 elapsed=0.9m rate=9.21/s
[inference] mouse fold=1/4 panel=5/48 samples=500 batch_size=4 device=cuda:1
[orchestrator heartbeat] elapsed=4.0m running=human,mouse
[heartbeat] human fold=1/4 panel=4/48 samples=500/500 elapsed=1.0m rate=8.66/s
[inference] human fold=1/4 panel=5/48 samples=500 batch_size=4 device=cuda:0
[heartbeat] mouse fold=1/4 panel=5/48 samples=500/500 elapsed=0.9m rate=9.19/s
[inference] mouse fold=1/4 panel=6/48 samples=500 batch_size=4 device=cuda:1
[orchestrator heartbeat] elapsed=5.0m running=human,mouse
[heartbeat] human fold=1/4 panel=5/48 samples=500/500 elapsed=1.0m rate=8.50/s
[inference] human fold=1/4 panel=6/48 samples=500 batch_size=4 device=cuda:0
[heartbeat] mouse fold=1/4 panel=6/48 samples=500/500 elapsed=0.9m rate=9.18/s
[inference] mouse fold=1/4 panel=7/48 samples=500 batch_size=4 device=cuda:1
[orchestrator heartbeat] elapsed=6.0m running=human,mouse
[heartbeat] human fold=1/4 panel=6/48 samples=500/500 elapsed=1.0m rate=8.44/s
[inference] human fold=1/4 panel=7/48 samples=500 batch_size=4 device=cuda:0
[heartbeat] mouse fold=1/4 panel=7/48 samples=500/500 elapsed=0.9m rate=9.17/s
[inference] mouse fold=1/4 panel=8/48 samples=500 batch_size=4 device=cuda:1
[orchestrator heartbeat] elapsed=7.0m running=human,mouse
[heartbeat] human fold=1/4 panel=7/48 samples=500/500 elapsed=1.0m rate=8.43/s
[inference] human fold=1/4 panel=8/48 samples=500 batch_size=4 device=cuda:0
[heartbeat] mouse fold=1/4 panel=8/48 samples=500/500 elapsed=0.9m rate=9.16/s
[inference] mouse fold=1/4 panel=9/48 samples=500 batch_size=4 device=cuda:1
[orchestrator heartbeat] elapsed=8.0m running=human,mouse
[heartbeat] human fold=1/4 panel=8/48 samples=500/500 elapsed=1.0m rate=8.34/s
[inference] human fold=1/4 panel=9/48 samples=500 batch_size=4 device=cuda:0
[heartbeat] mouse fold=1/4 panel=9/48 samples=500/500 elapsed=0.9m rate=9.14/s
[inference] mouse fold=1/4 panel=10/48 samples=500 batch_size=4 device=cuda:1
[orchestrator heartbeat] elapsed=9.0m running=human,mouse
[heartbeat] human fold=1/4 panel=9/48 samples=500/500 elapsed=1.0m rate=8.27/s
[inference] human fold=1/4 panel=10/48 samples=500 batch_size=4 device=cuda:0
[heartbeat] mouse fold=1/4 panel=10/48 samples=500/500 elapsed=0.9m rate=9.15/s
[inference] mouse fold=1/4 panel=11/48 samples=500 batch_size=4 device=cuda:1
[orchestrator heartbeat] elapsed=10.0m running=human,mouse
[heartbeat] human fold=1/4 panel=10/48 samples=496/500 elapsed=1.0m rate=8.23/s
[heartbeat] human fold=1/4 panel=10/48 samples=500/500 elapsed=1.0m rate=8.23/s
[inference] human fold=1/4 panel=11/48 samples=500 batch_size=4 device=cuda:0
[heartbeat] mouse fold=1/4 panel=11/48 samples=500/500 elapsed=0.9m rate=9.15/s
[inference] mouse fold=1/4 panel=12/48 samples=500 batch_size=4 device=cuda:1
[orchestrator heartbeat] elapsed=11.0m running=human,mouse
[heartbeat] human fold=1/4 panel=11/48 samples=496/500 elapsed=1.0m rate=8.21/s
[heartbeat] human fold=1/4 panel=11/48 samples=500/500 elapsed=1.0m rate=8.21/s
[inference] human fold=1/4 panel=12/48 samples=500 batch_size=4 device=cuda:0
[heartbeat] mouse fold=1/4 panel=12/48 samples=500/500 elapsed=0.9m rate=9.15/s
[inference] mouse fold=1/4 panel=13/48 samples=500 batch_size=4 device=cuda:1
[orchestrator heartbeat] elapsed=12.0m running=human,mouse
[heartbeat] mouse fold=1/4 panel=13/48 samples=500/500 elapsed=0.9m rate=9.16/s
[inference] mouse fold=1/4 panel=14/48 samples=500 batch_size=4 device=cuda:1
[heartbeat] human fold=1/4 panel=12/48 samples=492/500 elapsed=1.0m rate=8.19/s
[heartbeat] human fold=1/4 panel=12/48 samples=500/500 elapsed=1.0m rate=8.19/s
[inference] human fold=1/4 panel=13/48 samples=500 batch_size=4 device=cuda:0
[orchestrator heartbeat] elapsed=13.0m running=human,mouse
[heartbeat] mouse fold=1/4 panel=14/48 samples=500/500 elapsed=0.9m rate=9.16/s
[inference] mouse fold=1/4 panel=15/48 samples=500 batch_size=4 device=cuda:1
[heartbeat] human fold=1/4 panel=13/48 samples=492/500 elapsed=1.0m rate=8.18/s
[heartbeat] human fold=1/4 panel=13/48 samples=500/500 elapsed=1.0m rate=8.18/s
[inference] human fold=1/4 panel=14/48 samples=500 batch_size=4 device=cuda:0
[heartbeat] mouse fold=1/4 panel=15/48 samples=500/500 elapsed=0.9m rate=9.15/s
[inference] mouse fold=1/4 panel=16/48 samples=500 batch_size=4 device=cuda:1
[orchestrator heartbeat] elapsed=14.0m running=human,mouse
[heartbeat] human fold=1/4 panel=14/48 samples=492/500 elapsed=1.0m rate=8.15/s
[heartbeat] human fold=1/4 panel=14/48 samples=500/500 elapsed=1.0m rate=8.15/s
[inference] human fold=1/4 panel=15/48 samples=500 batch_size=4 device=cuda:0
[heartbeat] mouse fold=1/4 panel=16/48 samples=500/500 elapsed=0.9m rate=9.14/s
[inference] mouse fold=1/4 panel=17/48 samples=500 batch_size=4 device=cuda:1
[orchestrator heartbeat] elapsed=15.0m running=human,mouse
[heartbeat] human fold=1/4 panel=15/48 samples=488/500 elapsed=1.0m rate=8.13/s
[heartbeat] human fold=1/4 panel=15/48 samples=500/500 elapsed=1.0m rate=8.13/s
[inference] human fold=1/4 panel=16/48 samples=500 batch_size=4 device=cuda:0
[heartbeat] mouse fold=1/4 panel=17/48 samples=500/500 elapsed=0.9m rate=9.10/s
[inference] mouse fold=1/4 panel=18/48 samples=500 batch_size=4 device=cuda:1
[orchestrator heartbeat] elapsed=16.0m running=human,mouse
[heartbeat] human fold=1/4 panel=16/48 samples=488/500 elapsed=1.0m rate=8.11/s
[heartbeat] human fold=1/4 panel=16/48 samples=500/500 elapsed=1.0m rate=8.11/s
[inference] human fold=1/4 panel=17/48 samples=500 batch_size=4 device=cuda:0
[heartbeat] mouse fold=1/4 panel=18/48 samples=500/500 elapsed=0.9m rate=9.10/s
[inference] mouse fold=1/4 panel=19/48 samples=500 batch_size=4 device=cuda:1
[orchestrator heartbeat] elapsed=17.0m running=human,mouse
[heartbeat] human fold=1/4 panel=17/48 samples=488/500 elapsed=1.0m rate=8.10/s
[heartbeat] human fold=1/4 panel=17/48 samples=500/500 elapsed=1.0m rate=8.10/s
[inference] human fold=1/4 panel=18/48 samples=500 batch_size=4 device=cuda:0
[heartbeat] mouse fold=1/4 panel=19/48 samples=500/500 elapsed=0.9m rate=9.10/s
[inference] mouse fold=1/4 panel=20/48 samples=500 batch_size=4 device=cuda:1
[orchestrator heartbeat] elapsed=18.0m running=human,mouse
[heartbeat] human fold=1/4 panel=18/48 samples=464/500 elapsed=1.0m rate=7.70/s
[heartbeat] human fold=1/4 panel=18/48 samples=500/500 elapsed=1.1m rate=7.69/s
[inference] human fold=1/4 panel=19/48 samples=500 batch_size=4 device=cuda:0
[heartbeat] mouse fold=1/4 panel=20/48 samples=500/500 elapsed=1.0m rate=8.69/s
[inference] mouse fold=1/4 panel=21/48 samples=500 batch_size=4 device=cuda:1
[orchestrator heartbeat] elapsed=19.0m running=human,mouse
[heartbeat] human fold=1/4 panel=19/48 samples=452/500 elapsed=1.0m rate=7.52/s
[heartbeat] human fold=1/4 panel=19/48 samples=500/500 elapsed=1.1m rate=7.52/s
[inference] human fold=1/4 panel=20/48 samples=500 batch_size=4 device=cuda:0
[heartbeat] mouse fold=1/4 panel=21/48 samples=500/500 elapsed=1.0m rate=8.68/s
[inference] mouse fold=1/4 panel=22/48 samples=500 batch_size=4 device=cuda:1
[orchestrator heartbeat] elapsed=20.0m running=human,mouse
[heartbeat] human fold=1/4 panel=20/48 samples=452/500 elapsed=1.0m rate=7.53/s
[heartbeat] mouse fold=1/4 panel=22/48 samples=500/500 elapsed=1.0m rate=8.69/s
[inference] mouse fold=1/4 panel=23/48 samples=500 batch_size=4 device=cuda:1
[heartbeat] human fold=1/4 panel=20/48 samples=500/500 elapsed=1.1m rate=7.53/s
[inference] human fold=1/4 panel=21/48 samples=500 batch_size=4 device=cuda:0
[orchestrator heartbeat] elapsed=21.0m running=human,mouse
[heartbeat] mouse fold=1/4 panel=23/48 samples=500/500 elapsed=1.0m rate=8.69/s
[inference] mouse fold=1/4 panel=24/48 samples=500 batch_size=4 device=cuda:1
[heartbeat] human fold=1/4 panel=21/48 samples=456/500 elapsed=1.0m rate=7.54/s
[heartbeat] human fold=1/4 panel=21/48 samples=500/500 elapsed=1.1m rate=7.54/s
[inference] human fold=1/4 panel=22/48 samples=500 batch_size=4 device=cuda:0
[orchestrator heartbeat] elapsed=22.0m running=human,mouse
[heartbeat] mouse fold=1/4 panel=24/48 samples=500/500 elapsed=1.0m rate=8.69/s
[inference] mouse fold=1/4 panel=25/48 samples=500 batch_size=4 device=cuda:1
[heartbeat] human fold=1/4 panel=22/48 samples=456/500 elapsed=1.0m rate=7.55/s
[heartbeat] human fold=1/4 panel=22/48 samples=500/500 elapsed=1.1m rate=7.55/s
[inference] human fold=1/4 panel=23/48 samples=500 batch_size=4 device=cuda:0
[orchestrator heartbeat] elapsed=23.0m running=human,mouse
[heartbeat] mouse fold=1/4 panel=25/48 samples=500/500 elapsed=1.0m rate=8.69/s
[inference] mouse fold=1/4 panel=26/48 samples=500 batch_size=4 device=cuda:1
[heartbeat] human fold=1/4 panel=23/48 samples=456/500 elapsed=1.0m rate=7.55/s
[heartbeat] human fold=1/4 panel=23/48 samples=500/500 elapsed=1.1m rate=7.55/s
[inference] human fold=1/4 panel=24/48 samples=500 batch_size=4 device=cuda:0
[orchestrator heartbeat] elapsed=24.0m running=human,mouse
[heartbeat] mouse fold=1/4 panel=26/48 samples=500/500 elapsed=1.0m rate=8.70/s
[inference] mouse fold=1/4 panel=27/48 samples=500 batch_size=4 device=cuda:1
[heartbeat] human fold=1/4 panel=24/48 samples=456/500 elapsed=1.0m rate=7.55/s
[orchestrator heartbeat] elapsed=25.0m running=human,mouse
[heartbeat] human fold=1/4 panel=24/48 samples=500/500 elapsed=1.1m rate=7.55/s
[inference] human fold=1/4 panel=25/48 samples=500 batch_size=4 device=cuda:0
[heartbeat] mouse fold=1/4 panel=27/48 samples=500/500 elapsed=1.0m rate=8.70/s
[inference] mouse fold=1/4 panel=28/48 samples=500 batch_size=4 device=cuda:1
[orchestrator heartbeat] elapsed=26.0m running=human,mouse
[heartbeat] human fold=1/4 panel=25/48 samples=456/500 elapsed=1.0m rate=7.55/s
[heartbeat] human fold=1/4 panel=25/48 samples=500/500 elapsed=1.1m rate=7.54/s
[inference] human fold=1/4 panel=26/48 samples=500 batch_size=4 device=cuda:0
[heartbeat] mouse fold=1/4 panel=28/48 samples=500/500 elapsed=1.0m rate=8.69/s
[inference] mouse fold=1/4 panel=29/48 samples=500 batch_size=4 device=cuda:1
[orchestrator heartbeat] elapsed=27.0m running=human,mouse
[heartbeat] human fold=1/4 panel=26/48 samples=456/500 elapsed=1.0m rate=7.54/s
[heartbeat] human fold=1/4 panel=26/48 samples=500/500 elapsed=1.1m rate=7.54/s
[heartbeat] mouse fold=1/4 panel=29/48 samples=500/500 elapsed=1.0m rate=8.69/s
[inference] human fold=1/4 panel=27/48 samples=500 batch_size=4 device=cuda:0
[inference] mouse fold=1/4 panel=30/48 samples=500 batch_size=4 device=cuda:1
[orchestrator heartbeat] elapsed=28.0m running=human,mouse
[heartbeat] mouse fold=1/4 panel=30/48 samples=500/500 elapsed=1.0m rate=8.70/s
[inference] mouse fold=1/4 panel=31/48 samples=500 batch_size=4 device=cuda:1
[heartbeat] human fold=1/4 panel=27/48 samples=456/500 elapsed=1.0m rate=7.55/s
[heartbeat] human fold=1/4 panel=27/48 samples=500/500 elapsed=1.1m rate=7.55/s
[inference] human fold=1/4 panel=28/48 samples=500 batch_size=4 device=cuda:0
[orchestrator heartbeat] elapsed=29.0m running=human,mouse
[heartbeat] mouse fold=1/4 panel=31/48 samples=500/500 elapsed=1.0m rate=8.74/s
[inference] mouse fold=1/4 panel=32/48 samples=500 batch_size=4 device=cuda:1
[heartbeat] human fold=1/4 panel=28/48 samples=456/500 elapsed=1.0m rate=7.56/s
[heartbeat] human fold=1/4 panel=28/48 samples=500/500 elapsed=1.1m rate=7.56/s
[inference] human fold=1/4 panel=29/48 samples=500 batch_size=4 device=cuda:0
[orchestrator heartbeat] elapsed=30.0m running=human,mouse
[heartbeat] mouse fold=1/4 panel=32/48 samples=500/500 elapsed=1.0m rate=8.75/s
[inference] mouse fold=1/4 panel=33/48 samples=500 batch_size=4 device=cuda:1
[heartbeat] human fold=1/4 panel=29/48 samples=456/500 elapsed=1.0m rate=7.56/s
[heartbeat] human fold=1/4 panel=29/48 samples=500/500 elapsed=1.1m rate=7.56/s
[inference] human fold=1/4 panel=30/48 samples=500 batch_size=4 device=cuda:0
[orchestrator heartbeat] elapsed=31.0m running=human,mouse
[heartbeat] mouse fold=1/4 panel=33/48 samples=500/500 elapsed=1.0m rate=8.75/s
[inference] mouse fold=1/4 panel=34/48 samples=500 batch_size=4 device=cuda:1
[heartbeat] human fold=1/4 panel=30/48 samples=456/500 elapsed=1.0m rate=7.56/s
[heartbeat] human fold=1/4 panel=30/48 samples=500/500 elapsed=1.1m rate=7.56/s
[inference] human fold=1/4 panel=31/48 samples=500 batch_size=4 device=cuda:0
[orchestrator heartbeat] elapsed=32.0m running=human,mouse
[heartbeat] mouse fold=1/4 panel=34/48 samples=500/500 elapsed=1.0m rate=8.75/s
[inference] mouse fold=1/4 panel=35/48 samples=500 batch_size=4 device=cuda:1
[heartbeat] human fold=1/4 panel=31/48 samples=456/500 elapsed=1.0m rate=7.57/s
[heartbeat] human fold=1/4 panel=31/48 samples=500/500 elapsed=1.1m rate=7.57/s
[inference] human fold=1/4 panel=32/48 samples=500 batch_size=4 device=cuda:0
[orchestrator heartbeat] elapsed=33.0m running=human,mouse
[heartbeat] mouse fold=1/4 panel=35/48 samples=500/500 elapsed=1.0m rate=8.75/s
[inference] mouse fold=1/4 panel=36/48 samples=500 batch_size=4 device=cuda:1
[heartbeat] human fold=1/4 panel=32/48 samples=456/500 elapsed=1.0m rate=7.56/s
[heartbeat] human fold=1/4 panel=32/48 samples=500/500 elapsed=1.1m rate=7.56/s
[inference] human fold=1/4 panel=33/48 samples=500 batch_size=4 device=cuda:0
[heartbeat] mouse fold=1/4 panel=36/48 samples=500/500 elapsed=1.0m rate=8.75/s
[inference] mouse fold=1/4 panel=37/48 samples=500 batch_size=4 device=cuda:1
[orchestrator heartbeat] elapsed=34.0m running=human,mouse
[heartbeat] human fold=1/4 panel=33/48 samples=456/500 elapsed=1.0m rate=7.56/s
[heartbeat] mouse fold=1/4 panel=37/48 samples=500/500 elapsed=1.0m rate=8.75/s
[inference] mouse fold=1/4 panel=38/48 samples=500 batch_size=4 device=cuda:1
[orchestrator heartbeat] elapsed=35.0m running=human,mouse
[heartbeat] human fold=1/4 panel=33/48 samples=500/500 elapsed=1.1m rate=7.56/s
[inference] human fold=1/4 panel=34/48 samples=500 batch_size=4 device=cuda:0
[heartbeat] mouse fold=1/4 panel=38/48 samples=500/500 elapsed=1.0m rate=8.74/s
[inference] mouse fold=1/4 panel=39/48 samples=500 batch_size=4 device=cuda:1
[orchestrator heartbeat] elapsed=36.0m running=human,mouse
[heartbeat] human fold=1/4 panel=34/48 samples=456/500 elapsed=1.0m rate=7.55/s
[heartbeat] human fold=1/4 panel=34/48 samples=500/500 elapsed=1.1m rate=7.55/s
[inference] human fold=1/4 panel=35/48 samples=500 batch_size=4 device=cuda:0
[heartbeat] mouse fold=1/4 panel=39/48 samples=500/500 elapsed=1.0m rate=8.74/s
[inference] mouse fold=1/4 panel=40/48 samples=500 batch_size=4 device=cuda:1
[orchestrator heartbeat] elapsed=37.0m running=human,mouse
[heartbeat] human fold=1/4 panel=35/48 samples=456/500 elapsed=1.0m rate=7.56/s
[heartbeat] human fold=1/4 panel=35/48 samples=500/500 elapsed=1.1m rate=7.56/s
[inference] human fold=1/4 panel=36/48 samples=500 batch_size=4 device=cuda:0
[heartbeat] mouse fold=1/4 panel=40/48 samples=500/500 elapsed=1.0m rate=8.75/s
[inference] mouse fold=1/4 panel=41/48 samples=500 batch_size=4 device=cuda:1
[orchestrator heartbeat] elapsed=38.0m running=human,mouse
[heartbeat] human fold=1/4 panel=36/48 samples=456/500 elapsed=1.0m rate=7.56/s
[heartbeat] human fold=1/4 panel=36/48 samples=500/500 elapsed=1.1m rate=7.56/s
[inference] human fold=1/4 panel=37/48 samples=500 batch_size=4 device=cuda:0
[heartbeat] mouse fold=1/4 panel=41/48 samples=500/500 elapsed=1.0m rate=8.75/s
[inference] mouse fold=1/4 panel=42/48 samples=500 batch_size=4 device=cuda:1
[orchestrator heartbeat] elapsed=39.0m running=human,mouse
[heartbeat] human fold=1/4 panel=37/48 samples=456/500 elapsed=1.0m rate=7.55/s
[heartbeat] human fold=1/4 panel=37/48 samples=500/500 elapsed=1.1m rate=7.55/s
[inference] human fold=1/4 panel=38/48 samples=500 batch_size=4 device=cuda:0
[heartbeat] mouse fold=1/4 panel=42/48 samples=500/500 elapsed=1.0m rate=8.74/s
[inference] mouse fold=1/4 panel=43/48 samples=500 batch_size=4 device=cuda:1
[orchestrator heartbeat] elapsed=40.0m running=human,mouse
[heartbeat] human fold=1/4 panel=38/48 samples=456/500 elapsed=1.0m rate=7.54/s
[heartbeat] human fold=1/4 panel=38/48 samples=500/500 elapsed=1.1m rate=7.54/s
[inference] human fold=1/4 panel=39/48 samples=500 batch_size=4 device=cuda:0
[heartbeat] mouse fold=1/4 panel=43/48 samples=500/500 elapsed=1.0m rate=8.74/s
[inference] mouse fold=1/4 panel=44/48 samples=500 batch_size=4 device=cuda:1
[orchestrator heartbeat] elapsed=41.0m running=human,mouse
[heartbeat] human fold=1/4 panel=39/48 samples=456/500 elapsed=1.0m rate=7.53/s
[heartbeat] mouse fold=1/4 panel=44/48 samples=500/500 elapsed=1.0m rate=8.74/s
[inference] mouse fold=1/4 panel=45/48 samples=500 batch_size=4 device=cuda:1
[heartbeat] human fold=1/4 panel=39/48 samples=500/500 elapsed=1.1m rate=7.53/s
[inference] human fold=1/4 panel=40/48 samples=500 batch_size=4 device=cuda:0
[orchestrator heartbeat] elapsed=42.0m running=human,mouse
[heartbeat] mouse fold=1/4 panel=45/48 samples=500/500 elapsed=1.0m rate=8.74/s
[inference] mouse fold=1/4 panel=46/48 samples=500 batch_size=4 device=cuda:1
[heartbeat] human fold=1/4 panel=40/48 samples=456/500 elapsed=1.0m rate=7.54/s
[heartbeat] human fold=1/4 panel=40/48 samples=500/500 elapsed=1.1m rate=7.54/s
[inference] human fold=1/4 panel=41/48 samples=500 batch_size=4 device=cuda:0
[orchestrator heartbeat] elapsed=43.0m running=human,mouse
[heartbeat] mouse fold=1/4 panel=46/48 samples=500/500 elapsed=1.0m rate=8.75/s
[inference] mouse fold=1/4 panel=47/48 samples=500 batch_size=4 device=cuda:1
[heartbeat] human fold=1/4 panel=41/48 samples=452/500 elapsed=1.0m rate=7.53/s
[heartbeat] human fold=1/4 panel=41/48 samples=500/500 elapsed=1.1m rate=7.53/s
[inference] human fold=1/4 panel=42/48 samples=500 batch_size=4 device=cuda:0
[orchestrator heartbeat] elapsed=44.0m running=human,mouse
[heartbeat] mouse fold=1/4 panel=47/48 samples=500/500 elapsed=1.0m rate=8.74/s
[inference] mouse fold=1/4 panel=48/48 samples=500 batch_size=4 device=cuda:1
[heartbeat] human fold=1/4 panel=42/48 samples=452/500 elapsed=1.0m rate=7.53/s
[orchestrator heartbeat] elapsed=45.0m running=human,mouse
[heartbeat] human fold=1/4 panel=42/48 samples=500/500 elapsed=1.1m rate=7.53/s
[inference] human fold=1/4 panel=43/48 samples=500 batch_size=4 device=cuda:0
[heartbeat] mouse fold=1/4 panel=48/48 samples=500/500 elapsed=1.0m rate=8.73/s
[inference] mouse fold=2/4 panel=1/48 samples=500 batch_size=4 device=cuda:1
[orchestrator heartbeat] elapsed=46.0m running=human,mouse
[heartbeat] human fold=1/4 panel=43/48 samples=452/500 elapsed=1.0m rate=7.53/s
[heartbeat] human fold=1/4 panel=43/48 samples=500/500 elapsed=1.1m rate=7.53/s
[inference] human fold=1/4 panel=44/48 samples=500 batch_size=4 device=cuda:0
[heartbeat] mouse fold=2/4 panel=1/48 samples=500/500 elapsed=1.0m rate=8.73/s
[inference] mouse fold=2/4 panel=2/48 samples=500 batch_size=4 device=cuda:1
[orchestrator heartbeat] elapsed=47.0m running=human,mouse
[heartbeat] human fold=1/4 panel=44/48 samples=456/500 elapsed=1.0m rate=7.55/s
[heartbeat] human fold=1/4 panel=44/48 samples=500/500 elapsed=1.1m rate=7.54/s
[inference] human fold=1/4 panel=45/48 samples=500 batch_size=4 device=cuda:0
[heartbeat] mouse fold=2/4 panel=2/48 samples=500/500 elapsed=1.0m rate=8.72/s
[inference] mouse fold=2/4 panel=3/48 samples=500 batch_size=4 device=cuda:1
[orchestrator heartbeat] elapsed=48.0m running=human,mouse
[heartbeat] human fold=1/4 panel=45/48 samples=452/500 elapsed=1.0m rate=7.50/s
[heartbeat] human fold=1/4 panel=45/48 samples=500/500 elapsed=1.1m rate=7.50/s
[inference] human fold=1/4 panel=46/48 samples=500 batch_size=4 device=cuda:0
[heartbeat] mouse fold=2/4 panel=3/48 samples=500/500 elapsed=1.0m rate=8.68/s
[inference] mouse fold=2/4 panel=4/48 samples=500 batch_size=4 device=cuda:1
[orchestrator heartbeat] elapsed=49.0m running=human,mouse
[heartbeat] mouse fold=2/4 panel=4/48 samples=500/500 elapsed=1.0m rate=8.68/s
[inference] mouse fold=2/4 panel=5/48 samples=500 batch_size=4 device=cuda:1
[heartbeat] human fold=1/4 panel=46/48 samples=452/500 elapsed=1.0m rate=7.48/s
[heartbeat] human fold=1/4 panel=46/48 samples=500/500 elapsed=1.1m rate=7.48/s
[inference] human fold=1/4 panel=47/48 samples=500 batch_size=4 device=cuda:0
[orchestrator heartbeat] elapsed=50.0m running=human,mouse
[heartbeat] mouse fold=2/4 panel=5/48 samples=500/500 elapsed=1.0m rate=8.68/s
[inference] mouse fold=2/4 panel=6/48 samples=500 batch_size=4 device=cuda:1
[heartbeat] human fold=1/4 panel=47/48 samples=452/500 elapsed=1.0m rate=7.47/s
[heartbeat] human fold=1/4 panel=47/48 samples=500/500 elapsed=1.1m rate=7.47/s
[inference] human fold=1/4 panel=48/48 samples=500 batch_size=4 device=cuda:0
[orchestrator heartbeat] elapsed=51.0m running=human,mouse
[heartbeat] mouse fold=2/4 panel=6/48 samples=500/500 elapsed=1.0m rate=8.68/s
[inference] mouse fold=2/4 panel=7/48 samples=500 batch_size=4 device=cuda:1
[heartbeat] human fold=1/4 panel=48/48 samples=452/500 elapsed=1.0m rate=7.47/s
[heartbeat] human fold=1/4 panel=48/48 samples=500/500 elapsed=1.1m rate=7.47/s
[inference] human fold=2/4 panel=1/48 samples=500 batch_size=4 device=cuda:0
[orchestrator heartbeat] elapsed=52.0m running=human,mouse
[heartbeat] mouse fold=2/4 panel=7/48 samples=500/500 elapsed=1.0m rate=8.68/s
[inference] mouse fold=2/4 panel=8/48 samples=500 batch_size=4 device=cuda:1
[heartbeat] human fold=2/4 panel=1/48 samples=452/500 elapsed=1.0m rate=7.47/s
[heartbeat] human fold=2/4 panel=1/48 samples=500/500 elapsed=1.1m rate=7.47/s
[inference] human fold=2/4 panel=2/48 samples=500 batch_size=4 device=cuda:0
[orchestrator heartbeat] elapsed=53.0m running=human,mouse
[heartbeat] mouse fold=2/4 panel=8/48 samples=500/500 elapsed=1.0m rate=8.68/s
[inference] mouse fold=2/4 panel=9/48 samples=500 batch_size=4 device=cuda:1
[heartbeat] human fold=2/4 panel=2/48 samples=452/500 elapsed=1.0m rate=7.47/s
[heartbeat] human fold=2/4 panel=2/48 samples=500/500 elapsed=1.1m rate=7.47/s
[inference] human fold=2/4 panel=3/48 samples=500 batch_size=4 device=cuda:0
[orchestrator heartbeat] elapsed=54.0m running=human,mouse
[heartbeat] mouse fold=2/4 panel=9/48 samples=500/500 elapsed=1.0m rate=8.68/s
[inference] mouse fold=2/4 panel=10/48 samples=500 batch_size=4 device=cuda:1
[orchestrator heartbeat] elapsed=55.0m running=human,mouse
[heartbeat] human fold=2/4 panel=3/48 samples=448/500 elapsed=1.0m rate=7.47/s
[heartbeat] human fold=2/4 panel=3/48 samples=500/500 elapsed=1.1m rate=7.41/s
[inference] human fold=2/4 panel=4/48 samples=500 batch_size=4 device=cuda:0
[heartbeat] mouse fold=2/4 panel=10/48 samples=500/500 elapsed=1.0m rate=8.59/s
[inference] mouse fold=2/4 panel=11/48 samples=500 batch_size=4 device=cuda:1
[orchestrator heartbeat] elapsed=56.0m running=human,mouse
[heartbeat] human fold=2/4 panel=4/48 samples=448/500 elapsed=1.0m rate=7.46/s
[heartbeat] mouse fold=2/4 panel=11/48 samples=500/500 elapsed=1.0m rate=8.68/s
[inference] mouse fold=2/4 panel=12/48 samples=500 batch_size=4 device=cuda:1
[heartbeat] human fold=2/4 panel=4/48 samples=500/500 elapsed=1.1m rate=7.46/s
[inference] human fold=2/4 panel=5/48 samples=500 batch_size=4 device=cuda:0
[orchestrator heartbeat] elapsed=57.0m running=human,mouse
[heartbeat] mouse fold=2/4 panel=12/48 samples=500/500 elapsed=1.0m rate=8.68/s
[inference] mouse fold=2/4 panel=13/48 samples=500 batch_size=4 device=cuda:1
[heartbeat] human fold=2/4 panel=5/48 samples=452/500 elapsed=1.0m rate=7.48/s
[heartbeat] human fold=2/4 panel=5/48 samples=500/500 elapsed=1.1m rate=7.48/s
[inference] human fold=2/4 panel=6/48 samples=500 batch_size=4 device=cuda:0
[orchestrator heartbeat] elapsed=58.0m running=human,mouse
[heartbeat] mouse fold=2/4 panel=13/48 samples=500/500 elapsed=1.0m rate=8.68/s
[inference] mouse fold=2/4 panel=14/48 samples=500 batch_size=4 device=cuda:1
[heartbeat] human fold=2/4 panel=6/48 samples=452/500 elapsed=1.0m rate=7.48/s
[heartbeat] human fold=2/4 panel=6/48 samples=500/500 elapsed=1.1m rate=7.48/s
[inference] human fold=2/4 panel=7/48 samples=500 batch_size=4 device=cuda:0
[orchestrator heartbeat] elapsed=59.0m running=human,mouse
[heartbeat] mouse fold=2/4 panel=14/48 samples=500/500 elapsed=1.0m rate=8.68/s
[inference] mouse fold=2/4 panel=15/48 samples=500 batch_size=4 device=cuda:1
[heartbeat] human fold=2/4 panel=7/48 samples=452/500 elapsed=1.0m rate=7.49/s
[heartbeat] human fold=2/4 panel=7/48 samples=500/500 elapsed=1.1m rate=7.49/s
[inference] human fold=2/4 panel=8/48 samples=500 batch_size=4 device=cuda:0
[orchestrator heartbeat] elapsed=60.0m running=human,mouse
[heartbeat] mouse fold=2/4 panel=15/48 samples=500/500 elapsed=1.0m rate=8.68/s
[inference] mouse fold=2/4 panel=16/48 samples=500 batch_size=4 device=cuda:1
[heartbeat] human fold=2/4 panel=8/48 samples=452/500 elapsed=1.0m rate=7.49/s
[heartbeat] human fold=2/4 panel=8/48 samples=500/500 elapsed=1.1m rate=7.49/s
[inference] human fold=2/4 panel=9/48 samples=500 batch_size=4 device=cuda:0
[heartbeat] mouse fold=2/4 panel=16/48 samples=500/500 elapsed=1.0m rate=8.67/s
[inference] mouse fold=2/4 panel=17/48 samples=500 batch_size=4 device=cuda:1
[orchestrator heartbeat] elapsed=61.0m running=human,mouse
[heartbeat] human fold=2/4 panel=9/48 samples=452/500 elapsed=1.0m rate=7.50/s
[heartbeat] human fold=2/4 panel=9/48 samples=500/500 elapsed=1.1m rate=7.50/s
[inference] human fold=2/4 panel=10/48 samples=500 batch_size=4 device=cuda:0
[heartbeat] mouse fold=2/4 panel=17/48 samples=500/500 elapsed=1.0m rate=8.68/s
[inference] mouse fold=2/4 panel=18/48 samples=500 batch_size=4 device=cuda:1
[orchestrator heartbeat] elapsed=62.0m running=human,mouse
[heartbeat] human fold=2/4 panel=10/48 samples=452/500 elapsed=1.0m rate=7.51/s
[heartbeat] mouse fold=2/4 panel=18/48 samples=500/500 elapsed=1.0m rate=8.69/s
[inference] mouse fold=2/4 panel=19/48 samples=500 batch_size=4 device=cuda:1
[heartbeat] human fold=2/4 panel=10/48 samples=500/500 elapsed=1.1m rate=7.51/s
[inference] human fold=2/4 panel=11/48 samples=500 batch_size=4 device=cuda:0
[orchestrator heartbeat] elapsed=63.0m running=human,mouse
[heartbeat] mouse fold=2/4 panel=19/48 samples=500/500 elapsed=1.0m rate=8.69/s
[inference] mouse fold=2/4 panel=20/48 samples=500 batch_size=4 device=cuda:1
[heartbeat] human fold=2/4 panel=11/48 samples=452/500 elapsed=1.0m rate=7.52/s
[orchestrator heartbeat] elapsed=64.0m running=human,mouse
[heartbeat] human fold=2/4 panel=11/48 samples=500/500 elapsed=1.1m rate=7.51/s
[inference] human fold=2/4 panel=12/48 samples=500 batch_size=4 device=cuda:0
[heartbeat] mouse fold=2/4 panel=20/48 samples=500/500 elapsed=1.0m rate=8.69/s
[inference] mouse fold=2/4 panel=21/48 samples=500 batch_size=4 device=cuda:1
[orchestrator heartbeat] elapsed=65.0m running=human,mouse
[heartbeat] human fold=2/4 panel=12/48 samples=452/500 elapsed=1.0m rate=7.53/s
[heartbeat] human fold=2/4 panel=12/48 samples=500/500 elapsed=1.1m rate=7.53/s
[inference] human fold=2/4 panel=13/48 samples=500 batch_size=4 device=cuda:0
[heartbeat] mouse fold=2/4 panel=21/48 samples=500/500 elapsed=1.0m rate=8.74/s
[inference] mouse fold=2/4 panel=22/48 samples=500 batch_size=4 device=cuda:1
[orchestrator heartbeat] elapsed=66.0m running=human,mouse
[heartbeat] human fold=2/4 panel=13/48 samples=456/500 elapsed=1.0m rate=7.54/s
[heartbeat] human fold=2/4 panel=13/48 samples=500/500 elapsed=1.1m rate=7.54/s
[inference] human fold=2/4 panel=14/48 samples=500 batch_size=4 device=cuda:0
[heartbeat] mouse fold=2/4 panel=22/48 samples=500/500 elapsed=1.0m rate=8.74/s
[inference] mouse fold=2/4 panel=23/48 samples=500 batch_size=4 device=cuda:1
[orchestrator heartbeat] elapsed=67.0m running=human,mouse
[heartbeat] human fold=2/4 panel=14/48 samples=456/500 elapsed=1.0m rate=7.54/s
[heartbeat] human fold=2/4 panel=14/48 samples=500/500 elapsed=1.1m rate=7.54/s
[inference] human fold=2/4 panel=15/48 samples=500 batch_size=4 device=cuda:0
[heartbeat] mouse fold=2/4 panel=23/48 samples=500/500 elapsed=1.0m rate=8.73/s
[inference] mouse fold=2/4 panel=24/48 samples=500 batch_size=4 device=cuda:1
[orchestrator heartbeat] elapsed=68.0m running=human,mouse
[heartbeat] human fold=2/4 panel=15/48 samples=456/500 elapsed=1.0m rate=7.53/s
[heartbeat] human fold=2/4 panel=15/48 samples=500/500 elapsed=1.1m rate=7.53/s
[inference] human fold=2/4 panel=16/48 samples=500 batch_size=4 device=cuda:0
[heartbeat] mouse fold=2/4 panel=24/48 samples=500/500 elapsed=1.0m rate=8.73/s
[inference] mouse fold=2/4 panel=25/48 samples=500 batch_size=4 device=cuda:1
[orchestrator heartbeat] elapsed=69.0m running=human,mouse
[heartbeat] human fold=2/4 panel=16/48 samples=456/500 elapsed=1.0m rate=7.54/s
[heartbeat] human fold=2/4 panel=16/48 samples=500/500 elapsed=1.1m rate=7.54/s
[inference] human fold=2/4 panel=17/48 samples=500 batch_size=4 device=cuda:0
[heartbeat] mouse fold=2/4 panel=25/48 samples=500/500 elapsed=1.0m rate=8.73/s
[inference] mouse fold=2/4 panel=26/48 samples=500 batch_size=4 device=cuda:1
[orchestrator heartbeat] elapsed=70.0m running=human,mouse
[heartbeat] mouse fold=2/4 panel=26/48 samples=500/500 elapsed=1.0m rate=8.71/s
[inference] mouse fold=2/4 panel=27/48 samples=500 batch_size=4 device=cuda:1
[heartbeat] human fold=2/4 panel=17/48 samples=452/500 elapsed=1.0m rate=7.52/s
[heartbeat] human fold=2/4 panel=17/48 samples=500/500 elapsed=1.1m rate=7.52/s
[inference] human fold=2/4 panel=18/48 samples=500 batch_size=4 device=cuda:0
[orchestrator heartbeat] elapsed=71.0m running=human,mouse
[heartbeat] mouse fold=2/4 panel=27/48 samples=500/500 elapsed=1.0m rate=8.68/s
[inference] mouse fold=2/4 panel=28/48 samples=500 batch_size=4 device=cuda:1
[heartbeat] human fold=2/4 panel=18/48 samples=452/500 elapsed=1.0m rate=7.49/s
[heartbeat] human fold=2/4 panel=18/48 samples=500/500 elapsed=1.1m rate=7.49/s
[inference] human fold=2/4 panel=19/48 samples=500 batch_size=4 device=cuda:0
[orchestrator heartbeat] elapsed=72.0m running=human,mouse
[heartbeat] mouse fold=2/4 panel=28/48 samples=500/500 elapsed=1.0m rate=8.68/s
[inference] mouse fold=2/4 panel=29/48 samples=500 batch_size=4 device=cuda:1
[heartbeat] human fold=2/4 panel=19/48 samples=452/500 elapsed=1.0m rate=7.49/s
[orchestrator heartbeat] elapsed=73.0m running=human,mouse
[heartbeat] human fold=2/4 panel=19/48 samples=500/500 elapsed=1.1m rate=7.49/s
[inference] human fold=2/4 panel=20/48 samples=500 batch_size=4 device=cuda:0
[heartbeat] mouse fold=2/4 panel=29/48 samples=500/500 elapsed=1.0m rate=8.68/s
[inference] mouse fold=2/4 panel=30/48 samples=500 batch_size=4 device=cuda:1
[orchestrator heartbeat] elapsed=74.0m running=human,mouse
[heartbeat] human fold=2/4 panel=20/48 samples=452/500 elapsed=1.0m rate=7.49/s
[heartbeat] human fold=2/4 panel=20/48 samples=500/500 elapsed=1.1m rate=7.49/s
[inference] human fold=2/4 panel=21/48 samples=500 batch_size=4 device=cuda:0
[heartbeat] mouse fold=2/4 panel=30/48 samples=500/500 elapsed=1.0m rate=8.68/s
[inference] mouse fold=2/4 panel=31/48 samples=500 batch_size=4 device=cuda:1
[orchestrator heartbeat] elapsed=75.0m running=human,mouse
[heartbeat] human fold=2/4 panel=21/48 samples=452/500 elapsed=1.0m rate=7.50/s
[heartbeat] human fold=2/4 panel=21/48 samples=500/500 elapsed=1.1m rate=7.50/s
[inference] human fold=2/4 panel=22/48 samples=500 batch_size=4 device=cuda:0
[heartbeat] mouse fold=2/4 panel=31/48 samples=500/500 elapsed=1.0m rate=8.67/s
[inference] mouse fold=2/4 panel=32/48 samples=500 batch_size=4 device=cuda:1
[orchestrator heartbeat] elapsed=76.0m running=human,mouse
[heartbeat] human fold=2/4 panel=22/48 samples=452/500 elapsed=1.0m rate=7.50/s
[heartbeat] human fold=2/4 panel=22/48 samples=500/500 elapsed=1.1m rate=7.50/s
[inference] human fold=2/4 panel=23/48 samples=500 batch_size=4 device=cuda:0
[heartbeat] mouse fold=2/4 panel=32/48 samples=500/500 elapsed=1.0m rate=8.68/s
[inference] mouse fold=2/4 panel=33/48 samples=500 batch_size=4 device=cuda:1
[orchestrator heartbeat] elapsed=77.0m running=human,mouse
[heartbeat] human fold=2/4 panel=23/48 samples=452/500 elapsed=1.0m rate=7.50/s
[heartbeat] mouse fold=2/4 panel=33/48 samples=500/500 elapsed=1.0m rate=8.68/s
[inference] mouse fold=2/4 panel=34/48 samples=500 batch_size=4 device=cuda:1
[heartbeat] human fold=2/4 panel=23/48 samples=500/500 elapsed=1.1m rate=7.51/s
[inference] human fold=2/4 panel=24/48 samples=500 batch_size=4 device=cuda:0
[orchestrator heartbeat] elapsed=78.0m running=human,mouse
[heartbeat] mouse fold=2/4 panel=34/48 samples=500/500 elapsed=1.0m rate=8.68/s
[inference] mouse fold=2/4 panel=35/48 samples=500 batch_size=4 device=cuda:1
[heartbeat] human fold=2/4 panel=24/48 samples=452/500 elapsed=1.0m rate=7.51/s
[heartbeat] human fold=2/4 panel=24/48 samples=500/500 elapsed=1.1m rate=7.51/s
[inference] human fold=2/4 panel=25/48 samples=500 batch_size=4 device=cuda:0
[orchestrator heartbeat] elapsed=79.0m running=human,mouse
[heartbeat] mouse fold=2/4 panel=35/48 samples=500/500 elapsed=1.0m rate=8.68/s
[inference] mouse fold=2/4 panel=36/48 samples=500 batch_size=4 device=cuda:1
[heartbeat] human fold=2/4 panel=25/48 samples=452/500 elapsed=1.0m rate=7.51/s
[heartbeat] human fold=2/4 panel=25/48 samples=500/500 elapsed=1.1m rate=7.51/s
[inference] human fold=2/4 panel=26/48 samples=500 batch_size=4 device=cuda:0
[orchestrator heartbeat] elapsed=80.0m running=human,mouse
[heartbeat] mouse fold=2/4 panel=36/48 samples=500/500 elapsed=1.0m rate=8.68/s
[inference] mouse fold=2/4 panel=37/48 samples=500 batch_size=4 device=cuda:1
[heartbeat] human fold=2/4 panel=26/48 samples=452/500 elapsed=1.0m rate=7.51/s
[heartbeat] human fold=2/4 panel=26/48 samples=500/500 elapsed=1.1m rate=7.51/s
[inference] human fold=2/4 panel=27/48 samples=500 batch_size=4 device=cuda:0
[orchestrator heartbeat] elapsed=81.0m running=human,mouse
[heartbeat] mouse fold=2/4 panel=37/48 samples=500/500 elapsed=1.0m rate=8.68/s
[inference] mouse fold=2/4 panel=38/48 samples=500 batch_size=4 device=cuda:1
[heartbeat] human fold=2/4 panel=27/48 samples=452/500 elapsed=1.0m rate=7.51/s
[heartbeat] human fold=2/4 panel=27/48 samples=500/500 elapsed=1.1m rate=7.51/s
[inference] human fold=2/4 panel=28/48 samples=500 batch_size=4 device=cuda:0
[orchestrator heartbeat] elapsed=82.0m running=human,mouse
[heartbeat] mouse fold=2/4 panel=38/48 samples=500/500 elapsed=1.0m rate=8.69/s
[inference] mouse fold=2/4 panel=39/48 samples=500 batch_size=4 device=cuda:1
[heartbeat] human fold=2/4 panel=28/48 samples=452/500 elapsed=1.0m rate=7.51/s
[orchestrator heartbeat] elapsed=83.0m running=human,mouse
[heartbeat] human fold=2/4 panel=28/48 samples=500/500 elapsed=1.1m rate=7.51/s
[inference] human fold=2/4 panel=29/48 samples=500 batch_size=4 device=cuda:0
[heartbeat] mouse fold=2/4 panel=39/48 samples=500/500 elapsed=1.0m rate=8.68/s
[inference] mouse fold=2/4 panel=40/48 samples=500 batch_size=4 device=cuda:1
[orchestrator heartbeat] elapsed=84.0m running=human,mouse
[heartbeat] human fold=2/4 panel=29/48 samples=452/500 elapsed=1.0m rate=7.51/s
[heartbeat] mouse fold=2/4 panel=40/48 samples=500/500 elapsed=1.0m rate=8.68/s
[inference] mouse fold=2/4 panel=41/48 samples=500 batch_size=4 device=cuda:1
[heartbeat] human fold=2/4 panel=29/48 samples=500/500 elapsed=1.1m rate=7.51/s
[inference] human fold=2/4 panel=30/48 samples=500 batch_size=4 device=cuda:0
[orchestrator heartbeat] elapsed=85.0m running=human,mouse
[heartbeat] mouse fold=2/4 panel=41/48 samples=500/500 elapsed=1.0m rate=8.69/s
[inference] mouse fold=2/4 panel=42/48 samples=500 batch_size=4 device=cuda:1
[heartbeat] human fold=2/4 panel=30/48 samples=452/500 elapsed=1.0m rate=7.51/s
[heartbeat] human fold=2/4 panel=30/48 samples=500/500 elapsed=1.1m rate=7.51/s
[inference] human fold=2/4 panel=31/48 samples=500 batch_size=4 device=cuda:0
[orchestrator heartbeat] elapsed=86.0m running=human,mouse
[heartbeat] mouse fold=2/4 panel=42/48 samples=500/500 elapsed=1.0m rate=8.68/s
[inference] mouse fold=2/4 panel=43/48 samples=500 batch_size=4 device=cuda:1
[heartbeat] human fold=2/4 panel=31/48 samples=452/500 elapsed=1.0m rate=7.50/s
[heartbeat] human fold=2/4 panel=31/48 samples=500/500 elapsed=1.1m rate=7.51/s
[inference] human fold=2/4 panel=32/48 samples=500 batch_size=4 device=cuda:0
[orchestrator heartbeat] elapsed=87.0m running=human,mouse
[heartbeat] mouse fold=2/4 panel=43/48 samples=500/500 elapsed=1.0m rate=8.67/s
[inference] mouse fold=2/4 panel=44/48 samples=500 batch_size=4 device=cuda:1
[heartbeat] human fold=2/4 panel=32/48 samples=452/500 elapsed=1.0m rate=7.50/s
[heartbeat] human fold=2/4 panel=32/48 samples=500/500 elapsed=1.1m rate=7.50/s
[inference] human fold=2/4 panel=33/48 samples=500 batch_size=4 device=cuda:0
[orchestrator heartbeat] elapsed=88.0m running=human,mouse
[heartbeat] mouse fold=2/4 panel=44/48 samples=500/500 elapsed=1.0m rate=8.69/s
[inference] mouse fold=2/4 panel=45/48 samples=500 batch_size=4 device=cuda:1
[heartbeat] human fold=2/4 panel=33/48 samples=452/500 elapsed=1.0m rate=7.50/s
[heartbeat] human fold=2/4 panel=33/48 samples=500/500 elapsed=1.1m rate=7.50/s
[inference] human fold=2/4 panel=34/48 samples=500 batch_size=4 device=cuda:0
[orchestrator heartbeat] elapsed=89.0m running=human,mouse
[heartbeat] mouse fold=2/4 panel=45/48 samples=500/500 elapsed=1.0m rate=8.68/s
[inference] mouse fold=2/4 panel=46/48 samples=500 batch_size=4 device=cuda:1
[heartbeat] human fold=2/4 panel=34/48 samples=452/500 elapsed=1.0m rate=7.52/s
[heartbeat] human fold=2/4 panel=34/48 samples=500/500 elapsed=1.1m rate=7.52/s
[inference] human fold=2/4 panel=35/48 samples=500 batch_size=4 device=cuda:0
[heartbeat] mouse fold=2/4 panel=46/48 samples=500/500 elapsed=1.0m rate=8.68/s
[inference] mouse fold=2/4 panel=47/48 samples=500 batch_size=4 device=cuda:1
[orchestrator heartbeat] elapsed=90.0m running=human,mouse
[heartbeat] human fold=2/4 panel=35/48 samples=456/500 elapsed=1.0m rate=7.54/s
[heartbeat] human fold=2/4 panel=35/48 samples=500/500 elapsed=1.1m rate=7.54/s
[inference] human fold=2/4 panel=36/48 samples=500 batch_size=4 device=cuda:0
[heartbeat] mouse fold=2/4 panel=47/48 samples=500/500 elapsed=1.0m rate=8.74/s
[inference] mouse fold=2/4 panel=48/48 samples=500 batch_size=4 device=cuda:1
[orchestrator heartbeat] elapsed=91.0m running=human,mouse
[heartbeat] human fold=2/4 panel=36/48 samples=456/500 elapsed=1.0m rate=7.54/s
[heartbeat] mouse fold=2/4 panel=48/48 samples=500/500 elapsed=1.0m rate=8.74/s
[inference] mouse fold=3/4 panel=1/48 samples=500 batch_size=4 device=cuda:1
[heartbeat] human fold=2/4 panel=36/48 samples=500/500 elapsed=1.1m rate=7.54/s
[orchestrator heartbeat] elapsed=92.0m running=human,mouse
[inference] human fold=2/4 panel=37/48 samples=500 batch_size=4 device=cuda:0
[heartbeat] mouse fold=3/4 panel=1/48 samples=500/500 elapsed=1.0m rate=8.74/s
[inference] mouse fold=3/4 panel=2/48 samples=500 batch_size=4 device=cuda:1
[orchestrator heartbeat] elapsed=93.0m running=human,mouse
[heartbeat] human fold=2/4 panel=37/48 samples=456/500 elapsed=1.0m rate=7.54/s
[heartbeat] human fold=2/4 panel=37/48 samples=500/500 elapsed=1.1m rate=7.54/s
[inference] human fold=2/4 panel=38/48 samples=500 batch_size=4 device=cuda:0
[heartbeat] mouse fold=3/4 panel=2/48 samples=500/500 elapsed=1.0m rate=8.73/s
[inference] mouse fold=3/4 panel=3/48 samples=500 batch_size=4 device=cuda:1
[orchestrator heartbeat] elapsed=94.0m running=human,mouse
[heartbeat] human fold=2/4 panel=38/48 samples=452/500 elapsed=1.0m rate=7.53/s
[heartbeat] human fold=2/4 panel=38/48 samples=500/500 elapsed=1.1m rate=7.53/s
[inference] human fold=2/4 panel=39/48 samples=500 batch_size=4 device=cuda:0
[heartbeat] mouse fold=3/4 panel=3/48 samples=500/500 elapsed=1.0m rate=8.73/s
[inference] mouse fold=3/4 panel=4/48 samples=500 batch_size=4 device=cuda:1
[orchestrator heartbeat] elapsed=95.0m running=human,mouse
[heartbeat] human fold=2/4 panel=39/48 samples=452/500 elapsed=1.0m rate=7.52/s
[heartbeat] human fold=2/4 panel=39/48 samples=500/500 elapsed=1.1m rate=7.52/s
[inference] human fold=2/4 panel=40/48 samples=500 batch_size=4 device=cuda:0
[heartbeat] mouse fold=3/4 panel=4/48 samples=500/500 elapsed=1.0m rate=8.72/s
[inference] mouse fold=3/4 panel=5/48 samples=500 batch_size=4 device=cuda:1
[orchestrator heartbeat] elapsed=96.0m running=human,mouse
[heartbeat] human fold=2/4 panel=40/48 samples=452/500 elapsed=1.0m rate=7.52/s
[heartbeat] human fold=2/4 panel=40/48 samples=500/500 elapsed=1.1m rate=7.52/s
[inference] human fold=2/4 panel=41/48 samples=500 batch_size=4 device=cuda:0
[heartbeat] mouse fold=3/4 panel=5/48 samples=500/500 elapsed=1.0m rate=8.73/s
[inference] mouse fold=3/4 panel=6/48 samples=500 batch_size=4 device=cuda:1
[orchestrator heartbeat] elapsed=97.0m running=human,mouse
[heartbeat] human fold=2/4 panel=41/48 samples=452/500 elapsed=1.0m rate=7.52/s
[heartbeat] human fold=2/4 panel=41/48 samples=500/500 elapsed=1.1m rate=7.51/s
[inference] human fold=2/4 panel=42/48 samples=500 batch_size=4 device=cuda:0
[heartbeat] mouse fold=3/4 panel=6/48 samples=500/500 elapsed=1.0m rate=8.73/s
[inference] mouse fold=3/4 panel=7/48 samples=500 batch_size=4 device=cuda:1
[orchestrator heartbeat] elapsed=98.0m running=human,mouse
[heartbeat] human fold=2/4 panel=42/48 samples=452/500 elapsed=1.0m rate=7.51/s
[heartbeat] mouse fold=3/4 panel=7/48 samples=500/500 elapsed=1.0m rate=8.71/s
[inference] mouse fold=3/4 panel=8/48 samples=500 batch_size=4 device=cuda:1
[heartbeat] human fold=2/4 panel=42/48 samples=500/500 elapsed=1.1m rate=7.51/s
[inference] human fold=2/4 panel=43/48 samples=500 batch_size=4 device=cuda:0
[orchestrator heartbeat] elapsed=99.0m running=human,mouse
[heartbeat] mouse fold=3/4 panel=8/48 samples=500/500 elapsed=1.0m rate=8.69/s
[inference] mouse fold=3/4 panel=9/48 samples=500 batch_size=4 device=cuda:1
[heartbeat] human fold=2/4 panel=43/48 samples=452/500 elapsed=1.0m rate=7.51/s
[heartbeat] human fold=2/4 panel=43/48 samples=500/500 elapsed=1.1m rate=7.51/s
[inference] human fold=2/4 panel=44/48 samples=500 batch_size=4 device=cuda:0
[orchestrator heartbeat] elapsed=100.0m running=human,mouse
[heartbeat] mouse fold=3/4 panel=9/48 samples=500/500 elapsed=1.0m rate=8.69/s
[inference] mouse fold=3/4 panel=10/48 samples=500 batch_size=4 device=cuda:1
[heartbeat] human fold=2/4 panel=44/48 samples=452/500 elapsed=1.0m rate=7.50/s
[heartbeat] human fold=2/4 panel=44/48 samples=500/500 elapsed=1.1m rate=7.50/s
[inference] human fold=2/4 panel=45/48 samples=500 batch_size=4 device=cuda:0
[orchestrator heartbeat] elapsed=101.0m running=human,mouse
[heartbeat] mouse fold=3/4 panel=10/48 samples=500/500 elapsed=1.0m rate=8.68/s
[inference] mouse fold=3/4 panel=11/48 samples=500 batch_size=4 device=cuda:1
[heartbeat] human fold=2/4 panel=45/48 samples=452/500 elapsed=1.0m rate=7.48/s
[orchestrator heartbeat] elapsed=102.0m running=human,mouse
[heartbeat] human fold=2/4 panel=45/48 samples=500/500 elapsed=1.1m rate=7.48/s
[inference] human fold=2/4 panel=46/48 samples=500 batch_size=4 device=cuda:0
[heartbeat] mouse fold=3/4 panel=11/48 samples=500/500 elapsed=1.0m rate=8.69/s
[inference] mouse fold=3/4 panel=12/48 samples=500 batch_size=4 device=cuda:1
[orchestrator heartbeat] elapsed=103.0m running=human,mouse
[heartbeat] human fold=2/4 panel=46/48 samples=452/500 elapsed=1.0m rate=7.49/s
[heartbeat] human fold=2/4 panel=46/48 samples=500/500 elapsed=1.1m rate=7.49/s
[inference] human fold=2/4 panel=47/48 samples=500 batch_size=4 device=cuda:0
[heartbeat] mouse fold=3/4 panel=12/48 samples=500/500 elapsed=1.0m rate=8.69/s
[inference] mouse fold=3/4 panel=13/48 samples=500 batch_size=4 device=cuda:1
[orchestrator heartbeat] elapsed=104.0m running=human,mouse
[heartbeat] human fold=2/4 panel=47/48 samples=452/500 elapsed=1.0m rate=7.49/s
[heartbeat] human fold=2/4 panel=47/48 samples=500/500 elapsed=1.1m rate=7.49/s
[inference] human fold=2/4 panel=48/48 samples=500 batch_size=4 device=cuda:0
[heartbeat] mouse fold=3/4 panel=13/48 samples=500/500 elapsed=1.0m rate=8.69/s
[inference] mouse fold=3/4 panel=14/48 samples=500 batch_size=4 device=cuda:1
[orchestrator heartbeat] elapsed=105.0m running=human,mouse
[heartbeat] human fold=2/4 panel=48/48 samples=452/500 elapsed=1.0m rate=7.49/s
[heartbeat] mouse fold=3/4 panel=14/48 samples=500/500 elapsed=1.0m rate=8.69/s
[inference] mouse fold=3/4 panel=15/48 samples=500 batch_size=4 device=cuda:1
[heartbeat] human fold=2/4 panel=48/48 samples=500/500 elapsed=1.1m rate=7.49/s
[inference] human fold=3/4 panel=1/48 samples=500 batch_size=4 device=cuda:0
[orchestrator heartbeat] elapsed=106.0m running=human,mouse
[heartbeat] mouse fold=3/4 panel=15/48 samples=500/500 elapsed=1.0m rate=8.69/s
[inference] mouse fold=3/4 panel=16/48 samples=500 batch_size=4 device=cuda:1
[heartbeat] human fold=3/4 panel=1/48 samples=452/500 elapsed=1.0m rate=7.49/s
[heartbeat] human fold=3/4 panel=1/48 samples=500/500 elapsed=1.1m rate=7.49/s
[inference] human fold=3/4 panel=2/48 samples=500 batch_size=4 device=cuda:0
[orchestrator heartbeat] elapsed=107.0m running=human,mouse
[heartbeat] mouse fold=3/4 panel=16/48 samples=500/500 elapsed=1.0m rate=8.69/s
[inference] mouse fold=3/4 panel=17/48 samples=500 batch_size=4 device=cuda:1
[heartbeat] human fold=3/4 panel=2/48 samples=452/500 elapsed=1.0m rate=7.48/s
[heartbeat] human fold=3/4 panel=2/48 samples=500/500 elapsed=1.1m rate=7.48/s
[inference] human fold=3/4 panel=3/48 samples=500 batch_size=4 device=cuda:0
[orchestrator heartbeat] elapsed=108.0m running=human,mouse
[heartbeat] mouse fold=3/4 panel=17/48 samples=500/500 elapsed=1.0m rate=8.69/s
[inference] mouse fold=3/4 panel=18/48 samples=500 batch_size=4 device=cuda:1
[heartbeat] human fold=3/4 panel=3/48 samples=452/500 elapsed=1.0m rate=7.48/s
[heartbeat] human fold=3/4 panel=3/48 samples=500/500 elapsed=1.1m rate=7.48/s
[inference] human fold=3/4 panel=4/48 samples=500 batch_size=4 device=cuda:0
[orchestrator heartbeat] elapsed=109.0m running=human,mouse
[heartbeat] mouse fold=3/4 panel=18/48 samples=500/500 elapsed=1.0m rate=8.69/s
[inference] mouse fold=3/4 panel=19/48 samples=500 batch_size=4 device=cuda:1
[heartbeat] human fold=3/4 panel=4/48 samples=452/500 elapsed=1.0m rate=7.49/s
[heartbeat] human fold=3/4 panel=4/48 samples=500/500 elapsed=1.1m rate=7.49/s
[inference] human fold=3/4 panel=5/48 samples=500 batch_size=4 device=cuda:0
[orchestrator heartbeat] elapsed=110.0m running=human,mouse
[heartbeat] mouse fold=3/4 panel=19/48 samples=500/500 elapsed=1.0m rate=8.69/s
[inference] mouse fold=3/4 panel=20/48 samples=500 batch_size=4 device=cuda:1
[heartbeat] human fold=3/4 panel=5/48 samples=452/500 elapsed=1.0m rate=7.49/s
[orchestrator heartbeat] elapsed=111.0m running=human,mouse
[heartbeat] human fold=3/4 panel=5/48 samples=500/500 elapsed=1.1m rate=7.49/s
[inference] human fold=3/4 panel=6/48 samples=500 batch_size=4 device=cuda:0
[heartbeat] mouse fold=3/4 panel=20/48 samples=500/500 elapsed=1.0m rate=8.69/s
[inference] mouse fold=3/4 panel=21/48 samples=500 batch_size=4 device=cuda:1
[orchestrator heartbeat] elapsed=112.0m running=human,mouse
[heartbeat] human fold=3/4 panel=6/48 samples=452/500 elapsed=1.0m rate=7.50/s
[heartbeat] human fold=3/4 panel=6/48 samples=500/500 elapsed=1.1m rate=7.50/s
[inference] human fold=3/4 panel=7/48 samples=500 batch_size=4 device=cuda:0
[heartbeat] mouse fold=3/4 panel=21/48 samples=500/500 elapsed=1.0m rate=8.69/s
[inference] mouse fold=3/4 panel=22/48 samples=500 batch_size=4 device=cuda:1
[orchestrator heartbeat] elapsed=113.0m running=human,mouse
[heartbeat] mouse fold=3/4 panel=22/48 samples=500/500 elapsed=1.0m rate=8.70/s
[inference] mouse fold=3/4 panel=23/48 samples=500 batch_size=4 device=cuda:1
[heartbeat] human fold=3/4 panel=7/48 samples=452/500 elapsed=1.0m rate=7.51/s
[heartbeat] human fold=3/4 panel=7/48 samples=500/500 elapsed=1.1m rate=7.51/s
[inference] human fold=3/4 panel=8/48 samples=500 batch_size=4 device=cuda:0
[orchestrator heartbeat] elapsed=114.0m running=human,mouse
[heartbeat] mouse fold=3/4 panel=23/48 samples=500/500 elapsed=1.0m rate=8.69/s
[inference] mouse fold=3/4 panel=24/48 samples=500 batch_size=4 device=cuda:1
[heartbeat] human fold=3/4 panel=8/48 samples=452/500 elapsed=1.0m rate=7.51/s
[heartbeat] human fold=3/4 panel=8/48 samples=500/500 elapsed=1.1m rate=7.51/s
[inference] human fold=3/4 panel=9/48 samples=500 batch_size=4 device=cuda:0
[orchestrator heartbeat] elapsed=115.0m running=human,mouse
[heartbeat] mouse fold=3/4 panel=24/48 samples=500/500 elapsed=1.0m rate=8.70/s
[inference] mouse fold=3/4 panel=25/48 samples=500 batch_size=4 device=cuda:1
[heartbeat] human fold=3/4 panel=9/48 samples=452/500 elapsed=1.0m rate=7.52/s
[heartbeat] human fold=3/4 panel=9/48 samples=500/500 elapsed=1.1m rate=7.52/s
[inference] human fold=3/4 panel=10/48 samples=500 batch_size=4 device=cuda:0
[orchestrator heartbeat] elapsed=116.0m running=human,mouse
[heartbeat] mouse fold=3/4 panel=25/48 samples=500/500 elapsed=1.0m rate=8.69/s
[inference] mouse fold=3/4 panel=26/48 samples=500 batch_size=4 device=cuda:1
[heartbeat] human fold=3/4 panel=10/48 samples=452/500 elapsed=1.0m rate=7.51/s
[heartbeat] human fold=3/4 panel=10/48 samples=500/500 elapsed=1.1m rate=7.51/s
[inference] human fold=3/4 panel=11/48 samples=500 batch_size=4 device=cuda:0
[heartbeat] mouse fold=3/4 panel=26/48 samples=500/500 elapsed=1.0m rate=8.69/s
[inference] mouse fold=3/4 panel=27/48 samples=500 batch_size=4 device=cuda:1
[orchestrator heartbeat] elapsed=117.0m running=human,mouse
[heartbeat] human fold=3/4 panel=11/48 samples=452/500 elapsed=1.0m rate=7.51/s
[heartbeat] human fold=3/4 panel=11/48 samples=500/500 elapsed=1.1m rate=7.51/s
[inference] human fold=3/4 panel=12/48 samples=500 batch_size=4 device=cuda:0
[heartbeat] mouse fold=3/4 panel=27/48 samples=500/500 elapsed=1.0m rate=8.68/s
[inference] mouse fold=3/4 panel=28/48 samples=500 batch_size=4 device=cuda:1
[orchestrator heartbeat] elapsed=118.0m running=human,mouse
[heartbeat] human fold=3/4 panel=12/48 samples=452/500 elapsed=1.0m rate=7.51/s
[heartbeat] human fold=3/4 panel=12/48 samples=500/500 elapsed=1.1m rate=7.51/s
[inference] human fold=3/4 panel=13/48 samples=500 batch_size=4 device=cuda:0
[heartbeat] mouse fold=3/4 panel=28/48 samples=500/500 elapsed=1.0m rate=8.69/s
[inference] mouse fold=3/4 panel=29/48 samples=500 batch_size=4 device=cuda:1
[orchestrator heartbeat] elapsed=119.0m running=human,mouse
[heartbeat] human fold=3/4 panel=13/48 samples=452/500 elapsed=1.0m rate=7.50/s
[heartbeat] mouse fold=3/4 panel=29/48 samples=500/500 elapsed=1.0m rate=8.69/s
[inference] mouse fold=3/4 panel=30/48 samples=500 batch_size=4 device=cuda:1
[heartbeat] human fold=3/4 panel=13/48 samples=500/500 elapsed=1.1m rate=7.50/s
[inference] human fold=3/4 panel=14/48 samples=500 batch_size=4 device=cuda:0
[orchestrator heartbeat] elapsed=120.0m running=human,mouse
[heartbeat] mouse fold=3/4 panel=30/48 samples=500/500 elapsed=1.0m rate=8.69/s
[inference] mouse fold=3/4 panel=31/48 samples=500 batch_size=4 device=cuda:1
[heartbeat] human fold=3/4 panel=14/48 samples=452/500 elapsed=1.0m rate=7.52/s
[orchestrator heartbeat] elapsed=121.0m running=human,mouse
[heartbeat] human fold=3/4 panel=14/48 samples=500/500 elapsed=1.1m rate=7.52/s
[inference] human fold=3/4 panel=15/48 samples=500 batch_size=4 device=cuda:0
[heartbeat] mouse fold=3/4 panel=31/48 samples=500/500 elapsed=1.0m rate=8.74/s
[inference] mouse fold=3/4 panel=32/48 samples=500 batch_size=4 device=cuda:1
[orchestrator heartbeat] elapsed=122.0m running=human,mouse
[heartbeat] human fold=3/4 panel=15/48 samples=456/500 elapsed=1.0m rate=7.54/s
[heartbeat] human fold=3/4 panel=15/48 samples=500/500 elapsed=1.1m rate=7.53/s
[inference] human fold=3/4 panel=16/48 samples=500 batch_size=4 device=cuda:0
[heartbeat] mouse fold=3/4 panel=32/48 samples=500/500 elapsed=1.0m rate=8.74/s
[inference] mouse fold=3/4 panel=33/48 samples=500 batch_size=4 device=cuda:1
[orchestrator heartbeat] elapsed=123.0m running=human,mouse
[heartbeat] human fold=3/4 panel=16/48 samples=452/500 elapsed=1.0m rate=7.53/s
[heartbeat] human fold=3/4 panel=16/48 samples=500/500 elapsed=1.1m rate=7.53/s
[inference] human fold=3/4 panel=17/48 samples=500 batch_size=4 device=cuda:0
[heartbeat] mouse fold=3/4 panel=33/48 samples=500/500 elapsed=1.0m rate=8.74/s
[inference] mouse fold=3/4 panel=34/48 samples=500 batch_size=4 device=cuda:1
[orchestrator heartbeat] elapsed=124.0m running=human,mouse
[heartbeat] human fold=3/4 panel=17/48 samples=456/500 elapsed=1.0m rate=7.54/s
[heartbeat] human fold=3/4 panel=17/48 samples=500/500 elapsed=1.1m rate=7.54/s
[inference] human fold=3/4 panel=18/48 samples=500 batch_size=4 device=cuda:0
[heartbeat] mouse fold=3/4 panel=34/48 samples=500/500 elapsed=1.0m rate=8.75/s
[inference] mouse fold=3/4 panel=35/48 samples=500 batch_size=4 device=cuda:1
[orchestrator heartbeat] elapsed=125.0m running=human,mouse
[heartbeat] human fold=3/4 panel=18/48 samples=456/500 elapsed=1.0m rate=7.54/s
[heartbeat] human fold=3/4 panel=18/48 samples=500/500 elapsed=1.1m rate=7.54/s
[inference] human fold=3/4 panel=19/48 samples=500 batch_size=4 device=cuda:0
[heartbeat] mouse fold=3/4 panel=35/48 samples=500/500 elapsed=1.0m rate=8.74/s
[inference] mouse fold=3/4 panel=36/48 samples=500 batch_size=4 device=cuda:1
[orchestrator heartbeat] elapsed=126.0m running=human,mouse
[heartbeat] human fold=3/4 panel=19/48 samples=452/500 elapsed=1.0m rate=7.53/s
[heartbeat] mouse fold=3/4 panel=36/48 samples=500/500 elapsed=1.0m rate=8.74/s
[inference] mouse fold=3/4 panel=37/48 samples=500 batch_size=4 device=cuda:1
[heartbeat] human fold=3/4 panel=19/48 samples=500/500 elapsed=1.1m rate=7.53/s
[inference] human fold=3/4 panel=20/48 samples=500 batch_size=4 device=cuda:0
[orchestrator heartbeat] elapsed=127.0m running=human,mouse
[heartbeat] mouse fold=3/4 panel=37/48 samples=500/500 elapsed=1.0m rate=8.74/s
[inference] mouse fold=3/4 panel=38/48 samples=500 batch_size=4 device=cuda:1
[heartbeat] human fold=3/4 panel=20/48 samples=456/500 elapsed=1.0m rate=7.54/s
[heartbeat] human fold=3/4 panel=20/48 samples=500/500 elapsed=1.1m rate=7.54/s
[inference] human fold=3/4 panel=21/48 samples=500 batch_size=4 device=cuda:0
[orchestrator heartbeat] elapsed=128.0m running=human,mouse
[heartbeat] mouse fold=3/4 panel=38/48 samples=500/500 elapsed=1.0m rate=8.74/s
[inference] mouse fold=3/4 panel=39/48 samples=500 batch_size=4 device=cuda:1
[heartbeat] human fold=3/4 panel=21/48 samples=452/500 elapsed=1.0m rate=7.52/s
[heartbeat] human fold=3/4 panel=21/48 samples=500/500 elapsed=1.1m rate=7.52/s
[inference] human fold=3/4 panel=22/48 samples=500 batch_size=4 device=cuda:0
[orchestrator heartbeat] elapsed=129.0m running=human,mouse
[heartbeat] mouse fold=3/4 panel=39/48 samples=500/500 elapsed=1.0m rate=8.71/s
[inference] mouse fold=3/4 panel=40/48 samples=500 batch_size=4 device=cuda:1
[heartbeat] human fold=3/4 panel=22/48 samples=452/500 elapsed=1.0m rate=7.51/s
[heartbeat] human fold=3/4 panel=22/48 samples=500/500 elapsed=1.1m rate=7.51/s
[inference] human fold=3/4 panel=23/48 samples=500 batch_size=4 device=cuda:0
[orchestrator heartbeat] elapsed=130.0m running=human,mouse
[heartbeat] mouse fold=3/4 panel=40/48 samples=500/500 elapsed=1.0m rate=8.69/s
[inference] mouse fold=3/4 panel=41/48 samples=500 batch_size=4 device=cuda:1
[heartbeat] human fold=3/4 panel=23/48 samples=452/500 elapsed=1.0m rate=7.51/s
[orchestrator heartbeat] elapsed=131.0m running=human,mouse
[heartbeat] human fold=3/4 panel=23/48 samples=500/500 elapsed=1.1m rate=7.51/s
[inference] human fold=3/4 panel=24/48 samples=500 batch_size=4 device=cuda:0
[heartbeat] mouse fold=3/4 panel=41/48 samples=500/500 elapsed=1.0m rate=8.69/s
[inference] mouse fold=3/4 panel=42/48 samples=500 batch_size=4 device=cuda:1
[orchestrator heartbeat] elapsed=132.0m running=human,mouse
[heartbeat] human fold=3/4 panel=24/48 samples=452/500 elapsed=1.0m rate=7.52/s
[heartbeat] human fold=3/4 panel=24/48 samples=500/500 elapsed=1.1m rate=7.52/s
[inference] human fold=3/4 panel=25/48 samples=500 batch_size=4 device=cuda:0
[heartbeat] mouse fold=3/4 panel=42/48 samples=500/500 elapsed=1.0m rate=8.69/s
[inference] mouse fold=3/4 panel=43/48 samples=500 batch_size=4 device=cuda:1
[orchestrator heartbeat] elapsed=133.0m running=human,mouse
[heartbeat] human fold=3/4 panel=25/48 samples=452/500 elapsed=1.0m rate=7.53/s
[heartbeat] human fold=3/4 panel=25/48 samples=500/500 elapsed=1.1m rate=7.53/s
[inference] human fold=3/4 panel=26/48 samples=500 batch_size=4 device=cuda:0
[heartbeat] mouse fold=3/4 panel=43/48 samples=500/500 elapsed=1.0m rate=8.69/s
[inference] mouse fold=3/4 panel=44/48 samples=500 batch_size=4 device=cuda:1
[orchestrator heartbeat] elapsed=134.0m running=human,mouse
[heartbeat] mouse fold=3/4 panel=44/48 samples=500/500 elapsed=1.0m rate=8.75/s
[inference] mouse fold=3/4 panel=45/48 samples=500 batch_size=4 device=cuda:1
[heartbeat] human fold=3/4 panel=26/48 samples=456/500 elapsed=1.0m rate=7.55/s
[heartbeat] human fold=3/4 panel=26/48 samples=500/500 elapsed=1.1m rate=7.55/s
[inference] human fold=3/4 panel=27/48 samples=500 batch_size=4 device=cuda:0
[orchestrator heartbeat] elapsed=135.0m running=human,mouse
[heartbeat] mouse fold=3/4 panel=45/48 samples=500/500 elapsed=1.0m rate=8.74/s
[inference] mouse fold=3/4 panel=46/48 samples=500 batch_size=4 device=cuda:1
[heartbeat] human fold=3/4 panel=27/48 samples=456/500 elapsed=1.0m rate=7.55/s
[heartbeat] human fold=3/4 panel=27/48 samples=500/500 elapsed=1.1m rate=7.55/s
[inference] human fold=3/4 panel=28/48 samples=500 batch_size=4 device=cuda:0
[orchestrator heartbeat] elapsed=136.0m running=human,mouse
[heartbeat] mouse fold=3/4 panel=46/48 samples=500/500 elapsed=1.0m rate=8.75/s
[inference] mouse fold=3/4 panel=47/48 samples=500 batch_size=4 device=cuda:1
[heartbeat] human fold=3/4 panel=28/48 samples=456/500 elapsed=1.0m rate=7.55/s
[heartbeat] human fold=3/4 panel=28/48 samples=500/500 elapsed=1.1m rate=7.54/s
[inference] human fold=3/4 panel=29/48 samples=500 batch_size=4 device=cuda:0
[orchestrator heartbeat] elapsed=137.0m running=human,mouse
[heartbeat] mouse fold=3/4 panel=47/48 samples=500/500 elapsed=1.0m rate=8.71/s
[inference] mouse fold=3/4 panel=48/48 samples=500 batch_size=4 device=cuda:1
[heartbeat] human fold=3/4 panel=29/48 samples=452/500 elapsed=1.0m rate=7.51/s
[heartbeat] human fold=3/4 panel=29/48 samples=500/500 elapsed=1.1m rate=7.51/s
[inference] human fold=3/4 panel=30/48 samples=500 batch_size=4 device=cuda:0
[orchestrator heartbeat] elapsed=138.0m running=human,mouse
[heartbeat] mouse fold=3/4 panel=48/48 samples=500/500 elapsed=1.0m rate=8.69/s
[inference] mouse fold=4/4 panel=1/48 samples=500 batch_size=4 device=cuda:1
[heartbeat] human fold=3/4 panel=30/48 samples=452/500 elapsed=1.0m rate=7.51/s
[heartbeat] human fold=3/4 panel=30/48 samples=500/500 elapsed=1.1m rate=7.50/s
[inference] human fold=3/4 panel=31/48 samples=500 batch_size=4 device=cuda:0
[orchestrator heartbeat] elapsed=139.0m running=human,mouse
[heartbeat] mouse fold=4/4 panel=1/48 samples=500/500 elapsed=1.0m rate=8.69/s
[inference] mouse fold=4/4 panel=2/48 samples=500 batch_size=4 device=cuda:1
[heartbeat] human fold=3/4 panel=31/48 samples=452/500 elapsed=1.0m rate=7.50/s
[orchestrator heartbeat] elapsed=140.0m running=human,mouse
[heartbeat] human fold=3/4 panel=31/48 samples=500/500 elapsed=1.1m rate=7.50/s
[inference] human fold=3/4 panel=32/48 samples=500 batch_size=4 device=cuda:0
[heartbeat] mouse fold=4/4 panel=2/48 samples=500/500 elapsed=1.0m rate=8.69/s
[inference] mouse fold=4/4 panel=3/48 samples=500 batch_size=4 device=cuda:1
[orchestrator heartbeat] elapsed=141.0m running=human,mouse
[heartbeat] human fold=3/4 panel=32/48 samples=452/500 elapsed=1.0m rate=7.51/s
[heartbeat] mouse fold=4/4 panel=3/48 samples=500/500 elapsed=1.0m rate=8.69/s
[inference] mouse fold=4/4 panel=4/48 samples=500 batch_size=4 device=cuda:1
[heartbeat] human fold=3/4 panel=32/48 samples=500/500 elapsed=1.1m rate=7.50/s
[inference] human fold=3/4 panel=33/48 samples=500 batch_size=4 device=cuda:0
[orchestrator heartbeat] elapsed=142.0m running=human,mouse
[heartbeat] mouse fold=4/4 panel=4/48 samples=500/500 elapsed=1.0m rate=8.69/s
[inference] mouse fold=4/4 panel=5/48 samples=500 batch_size=4 device=cuda:1
[heartbeat] human fold=3/4 panel=33/48 samples=452/500 elapsed=1.0m rate=7.50/s
[heartbeat] human fold=3/4 panel=33/48 samples=500/500 elapsed=1.1m rate=7.50/s
[inference] human fold=3/4 panel=34/48 samples=500 batch_size=4 device=cuda:0
[heartbeat] mouse fold=4/4 panel=5/48 samples=500/500 elapsed=1.0m rate=8.69/s
[orchestrator heartbeat] elapsed=143.0m running=human,mouse
[inference] mouse fold=4/4 panel=6/48 samples=500 batch_size=4 device=cuda:1
[heartbeat] human fold=3/4 panel=34/48 samples=452/500 elapsed=1.0m rate=7.50/s
[heartbeat] human fold=3/4 panel=34/48 samples=500/500 elapsed=1.1m rate=7.50/s
[inference] human fold=3/4 panel=35/48 samples=500 batch_size=4 device=cuda:0
[heartbeat] mouse fold=4/4 panel=6/48 samples=500/500 elapsed=1.0m rate=8.69/s
[inference] mouse fold=4/4 panel=7/48 samples=500 batch_size=4 device=cuda:1
[orchestrator heartbeat] elapsed=144.0m running=human,mouse
[heartbeat] human fold=3/4 panel=35/48 samples=452/500 elapsed=1.0m rate=7.49/s
[heartbeat] human fold=3/4 panel=35/48 samples=500/500 elapsed=1.1m rate=7.49/s
[inference] human fold=3/4 panel=36/48 samples=500 batch_size=4 device=cuda:0
[heartbeat] mouse fold=4/4 panel=7/48 samples=500/500 elapsed=1.0m rate=8.68/s
[inference] mouse fold=4/4 panel=8/48 samples=500 batch_size=4 device=cuda:1
[orchestrator heartbeat] elapsed=145.0m running=human,mouse
[heartbeat] human fold=3/4 panel=36/48 samples=452/500 elapsed=1.0m rate=7.49/s
[heartbeat] human fold=3/4 panel=36/48 samples=500/500 elapsed=1.1m rate=7.49/s
[inference] human fold=3/4 panel=37/48 samples=500 batch_size=4 device=cuda:0
[heartbeat] mouse fold=4/4 panel=8/48 samples=500/500 elapsed=1.0m rate=8.68/s
[inference] mouse fold=4/4 panel=9/48 samples=500 batch_size=4 device=cuda:1
[orchestrator heartbeat] elapsed=146.0m running=human,mouse
[heartbeat] human fold=3/4 panel=37/48 samples=452/500 elapsed=1.0m rate=7.49/s
[heartbeat] human fold=3/4 panel=37/48 samples=500/500 elapsed=1.1m rate=7.49/s
[inference] human fold=3/4 panel=38/48 samples=500 batch_size=4 device=cuda:0
[heartbeat] mouse fold=4/4 panel=9/48 samples=500/500 elapsed=1.0m rate=8.70/s
[inference] mouse fold=4/4 panel=10/48 samples=500 batch_size=4 device=cuda:1
[orchestrator heartbeat] elapsed=147.0m running=human,mouse
[heartbeat] human fold=3/4 panel=38/48 samples=452/500 elapsed=1.0m rate=7.49/s
[heartbeat] mouse fold=4/4 panel=10/48 samples=500/500 elapsed=1.0m rate=8.70/s
[inference] mouse fold=4/4 panel=11/48 samples=500 batch_size=4 device=cuda:1
[heartbeat] human fold=3/4 panel=38/48 samples=500/500 elapsed=1.1m rate=7.49/s
[inference] human fold=3/4 panel=39/48 samples=500 batch_size=4 device=cuda:0
[orchestrator heartbeat] elapsed=148.0m running=human,mouse
[heartbeat] mouse fold=4/4 panel=11/48 samples=500/500 elapsed=1.0m rate=8.70/s
[inference] mouse fold=4/4 panel=12/48 samples=500 batch_size=4 device=cuda:1
[heartbeat] human fold=3/4 panel=39/48 samples=452/500 elapsed=1.0m rate=7.50/s
[heartbeat] human fold=3/4 panel=39/48 samples=500/500 elapsed=1.1m rate=7.50/s
[inference] human fold=3/4 panel=40/48 samples=500 batch_size=4 device=cuda:0
[orchestrator heartbeat] elapsed=149.0m running=human,mouse
[heartbeat] mouse fold=4/4 panel=12/48 samples=500/500 elapsed=1.0m rate=8.70/s
[inference] mouse fold=4/4 panel=13/48 samples=500 batch_size=4 device=cuda:1
[heartbeat] human fold=3/4 panel=40/48 samples=452/500 elapsed=1.0m rate=7.49/s
[orchestrator heartbeat] elapsed=150.0m running=human,mouse
[heartbeat] human fold=3/4 panel=40/48 samples=500/500 elapsed=1.1m rate=7.49/s
[inference] human fold=3/4 panel=41/48 samples=500 batch_size=4 device=cuda:0
[heartbeat] mouse fold=4/4 panel=13/48 samples=500/500 elapsed=1.0m rate=8.70/s
[inference] mouse fold=4/4 panel=14/48 samples=500 batch_size=4 device=cuda:1
[orchestrator heartbeat] elapsed=151.0m running=human,mouse
[heartbeat] human fold=3/4 panel=41/48 samples=452/500 elapsed=1.0m rate=7.50/s
[heartbeat] human fold=3/4 panel=41/48 samples=500/500 elapsed=1.1m rate=7.50/s
[inference] human fold=3/4 panel=42/48 samples=500 batch_size=4 device=cuda:0
[heartbeat] mouse fold=4/4 panel=14/48 samples=500/500 elapsed=1.0m rate=8.70/s
[inference] mouse fold=4/4 panel=15/48 samples=500 batch_size=4 device=cuda:1
[orchestrator heartbeat] elapsed=152.0m running=human,mouse
[heartbeat] human fold=3/4 panel=42/48 samples=452/500 elapsed=1.0m rate=7.52/s
[heartbeat] human fold=3/4 panel=42/48 samples=500/500 elapsed=1.1m rate=7.52/s
[inference] human fold=3/4 panel=43/48 samples=500 batch_size=4 device=cuda:0
[heartbeat] mouse fold=4/4 panel=15/48 samples=500/500 elapsed=1.0m rate=8.70/s
[inference] mouse fold=4/4 panel=16/48 samples=500 batch_size=4 device=cuda:1
[orchestrator heartbeat] elapsed=153.0m running=human,mouse
[heartbeat] human fold=3/4 panel=43/48 samples=452/500 elapsed=1.0m rate=7.53/s
[heartbeat] human fold=3/4 panel=43/48 samples=500/500 elapsed=1.1m rate=7.53/s
[inference] human fold=3/4 panel=44/48 samples=500 batch_size=4 device=cuda:0
[heartbeat] mouse fold=4/4 panel=16/48 samples=500/500 elapsed=1.0m rate=8.70/s
[inference] mouse fold=4/4 panel=17/48 samples=500 batch_size=4 device=cuda:1
[orchestrator heartbeat] elapsed=154.0m running=human,mouse
[heartbeat] human fold=3/4 panel=44/48 samples=456/500 elapsed=1.0m rate=7.54/s
[heartbeat] human fold=3/4 panel=44/48 samples=500/500 elapsed=1.1m rate=7.54/s
[inference] human fold=3/4 panel=45/48 samples=500 batch_size=4 device=cuda:0
[heartbeat] mouse fold=4/4 panel=17/48 samples=500/500 elapsed=1.0m rate=8.71/s
[inference] mouse fold=4/4 panel=18/48 samples=500 batch_size=4 device=cuda:1
[orchestrator heartbeat] elapsed=155.0m running=human,mouse
[heartbeat] mouse fold=4/4 panel=18/48 samples=500/500 elapsed=1.0m rate=8.71/s
[heartbeat] human fold=3/4 panel=45/48 samples=456/500 elapsed=1.0m rate=7.54/s
[inference] mouse fold=4/4 panel=19/48 samples=500 batch_size=4 device=cuda:1
[heartbeat] human fold=3/4 panel=45/48 samples=500/500 elapsed=1.1m rate=7.54/s
[inference] human fold=3/4 panel=46/48 samples=500 batch_size=4 device=cuda:0
[orchestrator heartbeat] elapsed=156.0m running=human,mouse
[heartbeat] mouse fold=4/4 panel=19/48 samples=500/500 elapsed=1.0m rate=8.70/s
[inference] mouse fold=4/4 panel=20/48 samples=500 batch_size=4 device=cuda:1
[heartbeat] human fold=3/4 panel=46/48 samples=456/500 elapsed=1.0m rate=7.54/s
[heartbeat] human fold=3/4 panel=46/48 samples=500/500 elapsed=1.1m rate=7.54/s
[inference] human fold=3/4 panel=47/48 samples=500 batch_size=4 device=cuda:0
[orchestrator heartbeat] elapsed=157.0m running=human,mouse
[heartbeat] mouse fold=4/4 panel=20/48 samples=500/500 elapsed=1.0m rate=8.71/s
[inference] mouse fold=4/4 panel=21/48 samples=500 batch_size=4 device=cuda:1
[heartbeat] human fold=3/4 panel=47/48 samples=456/500 elapsed=1.0m rate=7.55/s
[heartbeat] human fold=3/4 panel=47/48 samples=500/500 elapsed=1.1m rate=7.55/s
[inference] human fold=3/4 panel=48/48 samples=500 batch_size=4 device=cuda:0
[orchestrator heartbeat] elapsed=158.0m running=human,mouse
[heartbeat] mouse fold=4/4 panel=21/48 samples=500/500 elapsed=1.0m rate=8.70/s
[inference] mouse fold=4/4 panel=22/48 samples=500 batch_size=4 device=cuda:1
[heartbeat] human fold=3/4 panel=48/48 samples=452/500 elapsed=1.0m rate=7.53/s
[heartbeat] human fold=3/4 panel=48/48 samples=500/500 elapsed=1.1m rate=7.53/s
[inference] human fold=4/4 panel=1/48 samples=500 batch_size=4 device=cuda:0
[orchestrator heartbeat] elapsed=159.0m running=human,mouse
[heartbeat] mouse fold=4/4 panel=22/48 samples=500/500 elapsed=1.0m rate=8.70/s
[inference] mouse fold=4/4 panel=23/48 samples=500 batch_size=4 device=cuda:1
[orchestrator heartbeat] elapsed=160.0m running=human,mouse
[heartbeat] human fold=4/4 panel=1/48 samples=452/500 elapsed=1.0m rate=7.51/s
[heartbeat] human fold=4/4 panel=1/48 samples=500/500 elapsed=1.1m rate=7.51/s
[inference] human fold=4/4 panel=2/48 samples=500 batch_size=4 device=cuda:0
[heartbeat] mouse fold=4/4 panel=23/48 samples=500/500 elapsed=1.0m rate=8.70/s
[inference] mouse fold=4/4 panel=24/48 samples=500 batch_size=4 device=cuda:1
[orchestrator heartbeat] elapsed=161.0m running=human,mouse
[heartbeat] human fold=4/4 panel=2/48 samples=452/500 elapsed=1.0m rate=7.51/s
[heartbeat] human fold=4/4 panel=2/48 samples=500/500 elapsed=1.1m rate=7.51/s
[inference] human fold=4/4 panel=3/48 samples=500 batch_size=4 device=cuda:0
[heartbeat] mouse fold=4/4 panel=24/48 samples=500/500 elapsed=1.0m rate=8.69/s
[inference] mouse fold=4/4 panel=25/48 samples=500 batch_size=4 device=cuda:1
[orchestrator heartbeat] elapsed=162.0m running=human,mouse
[heartbeat] human fold=4/4 panel=3/48 samples=452/500 elapsed=1.0m rate=7.51/s
[heartbeat] mouse fold=4/4 panel=25/48 samples=500/500 elapsed=1.0m rate=8.70/s
[inference] mouse fold=4/4 panel=26/48 samples=500 batch_size=4 device=cuda:1
[heartbeat] human fold=4/4 panel=3/48 samples=500/500 elapsed=1.1m rate=7.51/s
[inference] human fold=4/4 panel=4/48 samples=500 batch_size=4 device=cuda:0
[orchestrator heartbeat] elapsed=163.0m running=human,mouse
[heartbeat] mouse fold=4/4 panel=26/48 samples=500/500 elapsed=1.0m rate=8.70/s
[inference] mouse fold=4/4 panel=27/48 samples=500 batch_size=4 device=cuda:1
[heartbeat] human fold=4/4 panel=4/48 samples=452/500 elapsed=1.0m rate=7.50/s
[heartbeat] human fold=4/4 panel=4/48 samples=500/500 elapsed=1.1m rate=7.50/s
[inference] human fold=4/4 panel=5/48 samples=500 batch_size=4 device=cuda:0
[orchestrator heartbeat] elapsed=164.0m running=human,mouse
[heartbeat] mouse fold=4/4 panel=27/48 samples=500/500 elapsed=1.0m rate=8.70/s
[inference] mouse fold=4/4 panel=28/48 samples=500 batch_size=4 device=cuda:1
[heartbeat] human fold=4/4 panel=5/48 samples=452/500 elapsed=1.0m rate=7.49/s
[heartbeat] human fold=4/4 panel=5/48 samples=500/500 elapsed=1.1m rate=7.49/s
[inference] human fold=4/4 panel=6/48 samples=500 batch_size=4 device=cuda:0
[orchestrator heartbeat] elapsed=165.0m running=human,mouse
[heartbeat] mouse fold=4/4 panel=28/48 samples=500/500 elapsed=1.0m rate=8.70/s
[inference] mouse fold=4/4 panel=29/48 samples=500 batch_size=4 device=cuda:1
[heartbeat] human fold=4/4 panel=6/48 samples=452/500 elapsed=1.0m rate=7.49/s
[heartbeat] human fold=4/4 panel=6/48 samples=500/500 elapsed=1.1m rate=7.49/s
[inference] human fold=4/4 panel=7/48 samples=500 batch_size=4 device=cuda:0
[orchestrator heartbeat] elapsed=166.0m running=human,mouse
[heartbeat] mouse fold=4/4 panel=29/48 samples=500/500 elapsed=1.0m rate=8.69/s
[inference] mouse fold=4/4 panel=30/48 samples=500 batch_size=4 device=cuda:1
[heartbeat] human fold=4/4 panel=7/48 samples=452/500 elapsed=1.0m rate=7.49/s
[heartbeat] human fold=4/4 panel=7/48 samples=500/500 elapsed=1.1m rate=7.49/s
[inference] human fold=4/4 panel=8/48 samples=500 batch_size=4 device=cuda:0
[orchestrator heartbeat] elapsed=167.0m running=human,mouse
[heartbeat] mouse fold=4/4 panel=30/48 samples=500/500 elapsed=1.0m rate=8.69/s
[inference] mouse fold=4/4 panel=31/48 samples=500 batch_size=4 device=cuda:1
[heartbeat] human fold=4/4 panel=8/48 samples=452/500 elapsed=1.0m rate=7.50/s
[heartbeat] human fold=4/4 panel=8/48 samples=500/500 elapsed=1.1m rate=7.49/s
[inference] human fold=4/4 panel=9/48 samples=500 batch_size=4 device=cuda:0
[orchestrator heartbeat] elapsed=168.0m running=human,mouse
[heartbeat] mouse fold=4/4 panel=31/48 samples=500/500 elapsed=1.0m rate=8.69/s
[inference] mouse fold=4/4 panel=32/48 samples=500 batch_size=4 device=cuda:1
[heartbeat] human fold=4/4 panel=9/48 samples=452/500 elapsed=1.0m rate=7.50/s
[orchestrator heartbeat] elapsed=169.0m running=human,mouse
[heartbeat] human fold=4/4 panel=9/48 samples=500/500 elapsed=1.1m rate=7.50/s
[heartbeat] mouse fold=4/4 panel=32/48 samples=500/500 elapsed=1.0m rate=8.69/s
[inference] human fold=4/4 panel=10/48 samples=500 batch_size=4 device=cuda:0
[inference] mouse fold=4/4 panel=33/48 samples=500 batch_size=4 device=cuda:1
[orchestrator heartbeat] elapsed=170.0m running=human,mouse
[heartbeat] mouse fold=4/4 panel=33/48 samples=500/500 elapsed=1.0m rate=8.69/s
[inference] mouse fold=4/4 panel=34/48 samples=500 batch_size=4 device=cuda:1
[heartbeat] human fold=4/4 panel=10/48 samples=452/500 elapsed=1.0m rate=7.51/s
[heartbeat] human fold=4/4 panel=10/48 samples=500/500 elapsed=1.1m rate=7.50/s
[inference] human fold=4/4 panel=11/48 samples=500 batch_size=4 device=cuda:0
[heartbeat] mouse fold=4/4 panel=34/48 samples=500/500 elapsed=1.0m rate=8.70/s
[orchestrator heartbeat] elapsed=171.0m running=human,mouse
[inference] mouse fold=4/4 panel=35/48 samples=500 batch_size=4 device=cuda:1
[heartbeat] human fold=4/4 panel=11/48 samples=452/500 elapsed=1.0m rate=7.51/s
[heartbeat] human fold=4/4 panel=11/48 samples=500/500 elapsed=1.1m rate=7.51/s
[inference] human fold=4/4 panel=12/48 samples=500 batch_size=4 device=cuda:0
[heartbeat] mouse fold=4/4 panel=35/48 samples=500/500 elapsed=1.0m rate=8.69/s
[inference] mouse fold=4/4 panel=36/48 samples=500 batch_size=4 device=cuda:1
[orchestrator heartbeat] elapsed=172.0m running=human,mouse
[heartbeat] human fold=4/4 panel=12/48 samples=452/500 elapsed=1.0m rate=7.52/s
[heartbeat] human fold=4/4 panel=12/48 samples=500/500 elapsed=1.1m rate=7.52/s
[inference] human fold=4/4 panel=13/48 samples=500 batch_size=4 device=cuda:0
[heartbeat] mouse fold=4/4 panel=36/48 samples=500/500 elapsed=1.0m rate=8.70/s
[inference] mouse fold=4/4 panel=37/48 samples=500 batch_size=4 device=cuda:1
[orchestrator heartbeat] elapsed=173.0m running=human,mouse
[heartbeat] human fold=4/4 panel=13/48 samples=456/500 elapsed=1.0m rate=7.54/s
[heartbeat] human fold=4/4 panel=13/48 samples=500/500 elapsed=1.1m rate=7.54/s
[inference] human fold=4/4 panel=14/48 samples=500 batch_size=4 device=cuda:0
[heartbeat] mouse fold=4/4 panel=37/48 samples=500/500 elapsed=1.0m rate=8.70/s
[inference] mouse fold=4/4 panel=38/48 samples=500 batch_size=4 device=cuda:1
[orchestrator heartbeat] elapsed=174.0m running=human,mouse
[heartbeat] human fold=4/4 panel=14/48 samples=456/500 elapsed=1.0m rate=7.54/s
[heartbeat] human fold=4/4 panel=14/48 samples=500/500 elapsed=1.1m rate=7.54/s
[inference] human fold=4/4 panel=15/48 samples=500 batch_size=4 device=cuda:0
[heartbeat] mouse fold=4/4 panel=38/48 samples=500/500 elapsed=1.0m rate=8.69/s
[inference] mouse fold=4/4 panel=39/48 samples=500 batch_size=4 device=cuda:1
[orchestrator heartbeat] elapsed=175.0m running=human,mouse
[heartbeat] human fold=4/4 panel=15/48 samples=452/500 elapsed=1.0m rate=7.50/s
[heartbeat] human fold=4/4 panel=15/48 samples=500/500 elapsed=1.1m rate=7.46/s
[inference] human fold=4/4 panel=16/48 samples=500 batch_size=4 device=cuda:0
[heartbeat] mouse fold=4/4 panel=39/48 samples=500/500 elapsed=1.0m rate=8.60/s
[inference] mouse fold=4/4 panel=40/48 samples=500 batch_size=4 device=cuda:1
[orchestrator heartbeat] elapsed=176.0m running=human,mouse
[heartbeat] human fold=4/4 panel=16/48 samples=448/500 elapsed=1.0m rate=7.44/s
[heartbeat] mouse fold=4/4 panel=40/48 samples=500/500 elapsed=1.0m rate=8.68/s
[inference] mouse fold=4/4 panel=41/48 samples=500 batch_size=4 device=cuda:1
[heartbeat] human fold=4/4 panel=16/48 samples=500/500 elapsed=1.1m rate=7.44/s
[inference] human fold=4/4 panel=17/48 samples=500 batch_size=4 device=cuda:0
[orchestrator heartbeat] elapsed=177.0m running=human,mouse
[heartbeat] mouse fold=4/4 panel=41/48 samples=500/500 elapsed=1.0m rate=8.69/s
[inference] mouse fold=4/4 panel=42/48 samples=500 batch_size=4 device=cuda:1
[heartbeat] human fold=4/4 panel=17/48 samples=448/500 elapsed=1.0m rate=7.45/s
[orchestrator heartbeat] elapsed=178.0m running=human,mouse
[heartbeat] human fold=4/4 panel=17/48 samples=500/500 elapsed=1.1m rate=7.45/s
[inference] human fold=4/4 panel=18/48 samples=500 batch_size=4 device=cuda:0
[heartbeat] mouse fold=4/4 panel=42/48 samples=500/500 elapsed=1.0m rate=8.69/s
[inference] mouse fold=4/4 panel=43/48 samples=500 batch_size=4 device=cuda:1
[orchestrator heartbeat] elapsed=179.0m running=human,mouse
[heartbeat] human fold=4/4 panel=18/48 samples=448/500 elapsed=1.0m rate=7.44/s
[heartbeat] human fold=4/4 panel=18/48 samples=500/500 elapsed=1.1m rate=7.44/s
[inference] human fold=4/4 panel=19/48 samples=500 batch_size=4 device=cuda:0
[heartbeat] mouse fold=4/4 panel=43/48 samples=500/500 elapsed=1.0m rate=8.68/s
[inference] mouse fold=4/4 panel=44/48 samples=500 batch_size=4 device=cuda:1
[orchestrator heartbeat] elapsed=180.0m running=human,mouse
[heartbeat] human fold=4/4 panel=19/48 samples=448/500 elapsed=1.0m rate=7.43/s
[heartbeat] human fold=4/4 panel=19/48 samples=500/500 elapsed=1.1m rate=7.43/s
[inference] human fold=4/4 panel=20/48 samples=500 batch_size=4 device=cuda:0
[heartbeat] mouse fold=4/4 panel=44/48 samples=500/500 elapsed=1.0m rate=8.68/s
[inference] mouse fold=4/4 panel=45/48 samples=500 batch_size=4 device=cuda:1
[orchestrator heartbeat] elapsed=181.0m running=human,mouse
[heartbeat] human fold=4/4 panel=20/48 samples=448/500 elapsed=1.0m rate=7.42/s
[heartbeat] human fold=4/4 panel=20/48 samples=500/500 elapsed=1.1m rate=7.42/s
[inference] human fold=4/4 panel=21/48 samples=500 batch_size=4 device=cuda:0
[heartbeat] mouse fold=4/4 panel=45/48 samples=500/500 elapsed=1.0m rate=8.68/s
[inference] mouse fold=4/4 panel=46/48 samples=500 batch_size=4 device=cuda:1
[orchestrator heartbeat] elapsed=182.0m running=human,mouse
[heartbeat] human fold=4/4 panel=21/48 samples=448/500 elapsed=1.0m rate=7.42/s
[heartbeat] human fold=4/4 panel=21/48 samples=500/500 elapsed=1.1m rate=7.42/s
[inference] human fold=4/4 panel=22/48 samples=500 batch_size=4 device=cuda:0
[heartbeat] mouse fold=4/4 panel=46/48 samples=500/500 elapsed=1.0m rate=8.69/s
[inference] mouse fold=4/4 panel=47/48 samples=500 batch_size=4 device=cuda:1
[orchestrator heartbeat] elapsed=183.0m running=human,mouse
[heartbeat] human fold=4/4 panel=22/48 samples=448/500 elapsed=1.0m rate=7.41/s
[heartbeat] mouse fold=4/4 panel=47/48 samples=500/500 elapsed=1.0m rate=8.69/s
[inference] mouse fold=4/4 panel=48/48 samples=500 batch_size=4 device=cuda:1
[heartbeat] human fold=4/4 panel=22/48 samples=500/500 elapsed=1.1m rate=7.41/s
[inference] human fold=4/4 panel=23/48 samples=500 batch_size=4 device=cuda:0
[orchestrator heartbeat] elapsed=184.0m running=human,mouse
[heartbeat] mouse fold=4/4 panel=48/48 samples=500/500 elapsed=1.0m rate=8.69/s
[mouse] ranking complete: 15,165 genes
[orchestrator] mouse finished on cuda:1
[heartbeat] human fold=4/4 panel=23/48 samples=448/500 elapsed=1.0m rate=7.40/s
[heartbeat] human fold=4/4 panel=23/48 samples=500/500 elapsed=1.1m rate=7.39/s
[inference] human fold=4/4 panel=24/48 samples=500 batch_size=4 device=cuda:0
[orchestrator heartbeat] elapsed=185.0m running=human
[heartbeat] human fold=4/4 panel=24/48 samples=456/500 elapsed=1.0m rate=7.55/s
[heartbeat] human fold=4/4 panel=24/48 samples=500/500 elapsed=1.1m rate=7.56/s
[inference] human fold=4/4 panel=25/48 samples=500 batch_size=4 device=cuda:0
[orchestrator heartbeat] elapsed=186.0m running=human
[heartbeat] human fold=4/4 panel=25/48 samples=468/500 elapsed=1.0m rate=7.78/s
[heartbeat] human fold=4/4 panel=25/48 samples=500/500 elapsed=1.1m rate=7.79/s
[inference] human fold=4/4 panel=26/48 samples=500 batch_size=4 device=cuda:0
[orchestrator heartbeat] elapsed=187.0m running=human
[heartbeat] human fold=4/4 panel=26/48 samples=480/500 elapsed=1.0m rate=7.97/s
[orchestrator heartbeat] elapsed=188.0m running=human
[heartbeat] human fold=4/4 panel=26/48 samples=500/500 elapsed=1.0m rate=7.97/s
[inference] human fold=4/4 panel=27/48 samples=500 batch_size=4 device=cuda:0
[orchestrator heartbeat] elapsed=189.0m running=human
[heartbeat] human fold=4/4 panel=27/48 samples=484/500 elapsed=1.0m rate=8.02/s
[heartbeat] human fold=4/4 panel=27/48 samples=500/500 elapsed=1.0m rate=8.02/s
[inference] human fold=4/4 panel=28/48 samples=500 batch_size=4 device=cuda:0
[orchestrator heartbeat] elapsed=190.0m running=human
[heartbeat] human fold=4/4 panel=28/48 samples=484/500 elapsed=1.0m rate=8.03/s
[heartbeat] human fold=4/4 panel=28/48 samples=500/500 elapsed=1.0m rate=8.03/s
[inference] human fold=4/4 panel=29/48 samples=500 batch_size=4 device=cuda:0
[orchestrator heartbeat] elapsed=191.0m running=human
[heartbeat] human fold=4/4 panel=29/48 samples=484/500 elapsed=1.0m rate=8.03/s
[heartbeat] human fold=4/4 panel=29/48 samples=500/500 elapsed=1.0m rate=8.03/s
[inference] human fold=4/4 panel=30/48 samples=500 batch_size=4 device=cuda:0
[orchestrator heartbeat] elapsed=192.0m running=human
[heartbeat] human fold=4/4 panel=30/48 samples=484/500 elapsed=1.0m rate=8.04/s
[heartbeat] human fold=4/4 panel=30/48 samples=500/500 elapsed=1.0m rate=8.04/s
[inference] human fold=4/4 panel=31/48 samples=500 batch_size=4 device=cuda:0
[orchestrator heartbeat] elapsed=193.0m running=human
[heartbeat] human fold=4/4 panel=31/48 samples=484/500 elapsed=1.0m rate=8.04/s
[heartbeat] human fold=4/4 panel=31/48 samples=500/500 elapsed=1.0m rate=8.04/s
[inference] human fold=4/4 panel=32/48 samples=500 batch_size=4 device=cuda:0
[orchestrator heartbeat] elapsed=194.0m running=human
[heartbeat] human fold=4/4 panel=32/48 samples=484/500 elapsed=1.0m rate=8.04/s
[heartbeat] human fold=4/4 panel=32/48 samples=500/500 elapsed=1.0m rate=8.04/s
[inference] human fold=4/4 panel=33/48 samples=500 batch_size=4 device=cuda:0
[orchestrator heartbeat] elapsed=195.0m running=human
[heartbeat] human fold=4/4 panel=33/48 samples=484/500 elapsed=1.0m rate=8.05/s
[heartbeat] human fold=4/4 panel=33/48 samples=500/500 elapsed=1.0m rate=8.05/s
[inference] human fold=4/4 panel=34/48 samples=500 batch_size=4 device=cuda:0
[orchestrator heartbeat] elapsed=196.0m running=human
[heartbeat] human fold=4/4 panel=34/48 samples=484/500 elapsed=1.0m rate=8.04/s
[heartbeat] human fold=4/4 panel=34/48 samples=500/500 elapsed=1.0m rate=8.04/s
[inference] human fold=4/4 panel=35/48 samples=500 batch_size=4 device=cuda:0
[orchestrator heartbeat] elapsed=197.0m running=human
[heartbeat] human fold=4/4 panel=35/48 samples=484/500 elapsed=1.0m rate=8.04/s
[heartbeat] human fold=4/4 panel=35/48 samples=500/500 elapsed=1.0m rate=8.04/s
[inference] human fold=4/4 panel=36/48 samples=500 batch_size=4 device=cuda:0
[orchestrator heartbeat] elapsed=198.0m running=human
[heartbeat] human fold=4/4 panel=36/48 samples=484/500 elapsed=1.0m rate=8.03/s
[heartbeat] human fold=4/4 panel=36/48 samples=500/500 elapsed=1.0m rate=8.04/s
[inference] human fold=4/4 panel=37/48 samples=500 batch_size=4 device=cuda:0
[orchestrator heartbeat] elapsed=199.0m running=human
[heartbeat] human fold=4/4 panel=37/48 samples=484/500 elapsed=1.0m rate=8.04/s
[heartbeat] human fold=4/4 panel=37/48 samples=500/500 elapsed=1.0m rate=8.04/s
[inference] human fold=4/4 panel=38/48 samples=500 batch_size=4 device=cuda:0
[orchestrator heartbeat] elapsed=200.0m running=human
[heartbeat] human fold=4/4 panel=38/48 samples=484/500 elapsed=1.0m rate=8.04/s
[heartbeat] human fold=4/4 panel=38/48 samples=500/500 elapsed=1.0m rate=8.04/s
[inference] human fold=4/4 panel=39/48 samples=500 batch_size=4 device=cuda:0
[orchestrator heartbeat] elapsed=201.0m running=human
[heartbeat] human fold=4/4 panel=39/48 samples=484/500 elapsed=1.0m rate=8.05/s
[heartbeat] human fold=4/4 panel=39/48 samples=500/500 elapsed=1.0m rate=8.05/s
[inference] human fold=4/4 panel=40/48 samples=500 batch_size=4 device=cuda:0
[orchestrator heartbeat] elapsed=202.0m running=human
[heartbeat] human fold=4/4 panel=40/48 samples=484/500 elapsed=1.0m rate=8.05/s
[heartbeat] human fold=4/4 panel=40/48 samples=500/500 elapsed=1.0m rate=8.05/s
[inference] human fold=4/4 panel=41/48 samples=500 batch_size=4 device=cuda:0
[orchestrator heartbeat] elapsed=203.0m running=human
[heartbeat] human fold=4/4 panel=41/48 samples=484/500 elapsed=1.0m rate=8.04/s
[heartbeat] human fold=4/4 panel=41/48 samples=500/500 elapsed=1.0m rate=8.04/s
[inference] human fold=4/4 panel=42/48 samples=500 batch_size=4 device=cuda:0
[orchestrator heartbeat] elapsed=204.0m running=human
[heartbeat] human fold=4/4 panel=42/48 samples=484/500 elapsed=1.0m rate=8.04/s
[heartbeat] human fold=4/4 panel=42/48 samples=500/500 elapsed=1.0m rate=8.05/s
[inference] human fold=4/4 panel=43/48 samples=500 batch_size=4 device=cuda:0
[orchestrator heartbeat] elapsed=205.0m running=human
[heartbeat] human fold=4/4 panel=43/48 samples=484/500 elapsed=1.0m rate=8.05/s
[heartbeat] human fold=4/4 panel=43/48 samples=500/500 elapsed=1.0m rate=8.05/s
[inference] human fold=4/4 panel=44/48 samples=500 batch_size=4 device=cuda:0
[orchestrator heartbeat] elapsed=206.0m running=human
[heartbeat] human fold=4/4 panel=44/48 samples=484/500 elapsed=1.0m rate=8.05/s
[heartbeat] human fold=4/4 panel=44/48 samples=500/500 elapsed=1.0m rate=8.05/s
[inference] human fold=4/4 panel=45/48 samples=500 batch_size=4 device=cuda:0
[orchestrator heartbeat] elapsed=207.0m running=human
[heartbeat] human fold=4/4 panel=45/48 samples=484/500 elapsed=1.0m rate=8.05/s
[heartbeat] human fold=4/4 panel=45/48 samples=500/500 elapsed=1.0m rate=8.05/s
[inference] human fold=4/4 panel=46/48 samples=500 batch_size=4 device=cuda:0
[orchestrator heartbeat] elapsed=208.0m running=human
[heartbeat] human fold=4/4 panel=46/48 samples=484/500 elapsed=1.0m rate=8.05/s
[heartbeat] human fold=4/4 panel=46/48 samples=500/500 elapsed=1.0m rate=8.05/s
[inference] human fold=4/4 panel=47/48 samples=500 batch_size=4 device=cuda:0
[orchestrator heartbeat] elapsed=209.0m running=human
[heartbeat] human fold=4/4 panel=47/48 samples=484/500 elapsed=1.0m rate=8.05/s
[heartbeat] human fold=4/4 panel=47/48 samples=500/500 elapsed=1.0m rate=8.05/s
[inference] human fold=4/4 panel=48/48 samples=500 batch_size=4 device=cuda:0
[orchestrator heartbeat] elapsed=210.0m running=human
[heartbeat] human fold=4/4 panel=48/48 samples=488/500 elapsed=1.0m rate=8.07/s
[heartbeat] human fold=4/4 panel=48/48 samples=500/500 elapsed=1.0m rate=8.08/s
[orchestrator heartbeat] elapsed=211.0m running=human
[human] ranking complete: 15,165 genes
[orchestrator] human finished on cuda:0
                  comparison  genes_a  genes_b  overlap  jaccard  expected_overlap  enrichment  hypergeometric_p  pearson_score_correlation  spearman_rank_correlation
       human_top921_vs_l1000      921      921       59 0.033090         55.934125    1.054812          0.351585                        NaN                        NaN
       mouse_top921_vs_l1000      921      921       55 0.030778         55.934125    0.983300          0.573961                        NaN                        NaN
human_top921_vs_mouse_top921      921      921      475 0.347476         55.934125    8.492133          0.000000                   0.797934                   0.784453
query           source
human_top_921   REAC      1
shared_top_475  REAC      3
