[gtex_human] reuse gene_inference_top_2000.parquet
[gtex_human] reuse gene_inference_top_3000.parquet
[gtex_human] reuse gene_inference_top_4000.parquet
[gtex_human] reuse gene_inference_top_5000.parquet
[gtex_human] reuse profile_top_2000.parquet
[gtex_human] reuse profile_top_3000.parquet
[gtex_human] reuse profile_top_4000.parquet
[gtex_human] reuse profile_top_5000.parquet
[gtex_human] reuse random_1500_r01.parquet
[gtex_human] reuse random_1500_r03.parquet
[gtex_human] reuse random_2000_r00.parquet
[inference] nested Top-k gtex_human random_2000_r02 samples=1,000 batch_size=16 device=cuda:0
[heartbeat] nested Top-k gtex_human random_2000_r02 samples=544/1,000 elapsed=1.0m rate=8.91/s
[heartbeat] nested Top-k gtex_human random_2000_r02 samples=1,000/1,000 elapsed=1.9m rate=8.92/s
[gtex_human] completed random_2000_r02
[inference] nested Top-k gtex_human random_2000_r04 samples=1,000 batch_size=16 device=cuda:0
[heartbeat] nested Top-k gtex_human random_2000_r04 samples=544/1,000 elapsed=1.0m rate=8.87/s
[heartbeat] nested Top-k gtex_human random_2000_r04 samples=1,000/1,000 elapsed=1.9m rate=8.87/s
[gtex_human] completed random_2000_r04
[inference] nested Top-k gtex_human random_2500_r01 samples=1,000 batch_size=16 device=cuda:0
[heartbeat] nested Top-k gtex_human random_2500_r01 samples=544/1,000 elapsed=1.0m rate=8.87/s
[heartbeat] nested Top-k gtex_human random_2500_r01 samples=1,000/1,000 elapsed=1.9m rate=8.87/s
[gtex_human] completed random_2500_r01
[inference] nested Top-k gtex_human random_2500_r03 samples=1,000 batch_size=16 device=cuda:0
[heartbeat] nested Top-k gtex_human random_2500_r03 samples=544/1,000 elapsed=1.0m rate=8.84/s
[heartbeat] nested Top-k gtex_human random_2500_r03 samples=1,000/1,000 elapsed=1.9m rate=8.85/s
[gtex_human] completed random_2500_r03
[inference] nested Top-k gtex_human random_3000_r00 samples=1,000 batch_size=16 device=cuda:0
[heartbeat] nested Top-k gtex_human random_3000_r00 samples=544/1,000 elapsed=1.0m rate=8.86/s
[heartbeat] nested Top-k gtex_human random_3000_r00 samples=1,000/1,000 elapsed=1.9m rate=8.86/s
[gtex_human] completed random_3000_r00
[inference] nested Top-k gtex_human random_3000_r02 samples=1,000 batch_size=16 device=cuda:0
[heartbeat] nested Top-k gtex_human random_3000_r02 samples=544/1,000 elapsed=1.0m rate=8.86/s
[heartbeat] nested Top-k gtex_human random_3000_r02 samples=1,000/1,000 elapsed=1.9m rate=8.86/s
[gtex_human] completed random_3000_r02
[inference] nested Top-k gtex_human random_3000_r04 samples=1,000 batch_size=16 device=cuda:0
[heartbeat] nested Top-k gtex_human random_3000_r04 samples=544/1,000 elapsed=1.0m rate=8.84/s
[heartbeat] nested Top-k gtex_human random_3000_r04 samples=1,000/1,000 elapsed=1.9m rate=8.85/s
[gtex_human] completed random_3000_r04
[inference] nested Top-k gtex_human random_3500_r01 samples=1,000 batch_size=16 device=cuda:0
[heartbeat] nested Top-k gtex_human random_3500_r01 samples=544/1,000 elapsed=1.0m rate=8.85/s
[heartbeat] nested Top-k gtex_human random_3500_r01 samples=1,000/1,000 elapsed=1.9m rate=8.85/s
[gtex_human] completed random_3500_r01
[inference] nested Top-k gtex_human random_3500_r03 samples=1,000 batch_size=16 device=cuda:0
[heartbeat] nested Top-k gtex_human random_3500_r03 samples=544/1,000 elapsed=1.0m rate=8.82/s
[heartbeat] nested Top-k gtex_human random_3500_r03 samples=1,000/1,000 elapsed=1.9m rate=8.83/s
[gtex_human] completed random_3500_r03
[inference] nested Top-k gtex_human random_4000_r00 samples=1,000 batch_size=16 device=cuda:0
[heartbeat] nested Top-k gtex_human random_4000_r00 samples=544/1,000 elapsed=1.0m rate=8.84/s
[heartbeat] nested Top-k gtex_human random_4000_r00 samples=1,000/1,000 elapsed=1.9m rate=8.84/s
[gtex_human] completed random_4000_r00
[inference] nested Top-k gtex_human random_4000_r02 samples=1,000 batch_size=16 device=cuda:0
[heartbeat] nested Top-k gtex_human random_4000_r02 samples=544/1,000 elapsed=1.0m rate=8.85/s
[heartbeat] nested Top-k gtex_human random_4000_r02 samples=1,000/1,000 elapsed=1.9m rate=8.85/s
[gtex_human] completed random_4000_r02
[inference] nested Top-k gtex_human random_4000_r04 samples=1,000 batch_size=16 device=cuda:0
[heartbeat] nested Top-k gtex_human random_4000_r04 samples=544/1,000 elapsed=1.0m rate=8.83/s
[heartbeat] nested Top-k gtex_human random_4000_r04 samples=1,000/1,000 elapsed=1.9m rate=8.84/s
[gtex_human] completed random_4000_r04
[inference] nested Top-k gtex_human random_4500_r01 samples=1,000 batch_size=16 device=cuda:0
[heartbeat] nested Top-k gtex_human random_4500_r01 samples=544/1,000 elapsed=1.0m rate=8.83/s
[heartbeat] nested Top-k gtex_human random_4500_r01 samples=1,000/1,000 elapsed=1.9m rate=8.84/s
[gtex_human] completed random_4500_r01
[inference] nested Top-k gtex_human random_4500_r03 samples=1,000 batch_size=16 device=cuda:0
[heartbeat] nested Top-k gtex_human random_4500_r03 samples=544/1,000 elapsed=1.0m rate=8.81/s
[heartbeat] nested Top-k gtex_human random_4500_r03 samples=1,000/1,000 elapsed=1.9m rate=8.83/s
[gtex_human] completed random_4500_r03
[inference] nested Top-k gtex_human random_5000_r00 samples=1,000 batch_size=16 device=cuda:0
[heartbeat] nested Top-k gtex_human random_5000_r00 samples=544/1,000 elapsed=1.0m rate=8.82/s
[heartbeat] nested Top-k gtex_human random_5000_r00 samples=1,000/1,000 elapsed=1.9m rate=8.83/s
[gtex_human] completed random_5000_r00
[inference] nested Top-k gtex_human random_5000_r02 samples=1,000 batch_size=16 device=cuda:0
[heartbeat] nested Top-k gtex_human random_5000_r02 samples=544/1,000 elapsed=1.0m rate=8.82/s
[heartbeat] nested Top-k gtex_human random_5000_r02 samples=1,000/1,000 elapsed=1.9m rate=8.83/s
[gtex_human] completed random_5000_r02
[inference] nested Top-k gtex_human random_5000_r04 samples=1,000 batch_size=16 device=cuda:0
[heartbeat] nested Top-k gtex_human random_5000_r04 samples=544/1,000 elapsed=1.0m rate=8.83/s
[heartbeat] nested Top-k gtex_human random_5000_r04 samples=1,000/1,000 elapsed=1.9m rate=8.83/s
[gtex_human] completed random_5000_r04
Completed in 34.8 minutes
