[NbConvertApp] Converting notebook benchmarks/library_prep_disentanglement/library_prep_disentanglement_benchmark.ipynb to notebook
[IPKernelApp] WARNING | Kernel is running over TCP without encryption. All communication (including code and outputs) is sent in plain text and is susceptible to eavesdropping. Use IPC transport or launch with kernel manager-provisioned CurveZMQ keys to enable transport encryption.
Traceback (most recent call last):
  File "/home/walt/bridge-rna/.venv/bin/jupyter-nbconvert", line 6, in <module>
    sys.exit(main())
             ^^^^^^
  File "/home/walt/bridge-rna/.venv/lib/python3.11/site-packages/jupyter_core/application.py", line 284, in launch_instance
    super().launch_instance(argv=argv, **kwargs)
  File "/home/walt/bridge-rna/.venv/lib/python3.11/site-packages/traitlets/config/application.py", line 1080, in launch_instance
    app.start()
  File "/home/walt/bridge-rna/.venv/lib/python3.11/site-packages/nbconvert/nbconvertapp.py", line 420, in start
    self.convert_notebooks()
  File "/home/walt/bridge-rna/.venv/lib/python3.11/site-packages/nbconvert/nbconvertapp.py", line 597, in convert_notebooks
    self.convert_single_notebook(notebook_filename)
  File "/home/walt/bridge-rna/.venv/lib/python3.11/site-packages/nbconvert/nbconvertapp.py", line 563, in convert_single_notebook
    output, resources = self.export_single_notebook(
                        ^^^^^^^^^^^^^^^^^^^^^^^^^^^^
  File "/home/walt/bridge-rna/.venv/lib/python3.11/site-packages/nbconvert/nbconvertapp.py", line 487, in export_single_notebook
    output, resources = self.exporter.from_filename(
                        ^^^^^^^^^^^^^^^^^^^^^^^^^^^^
  File "/home/walt/bridge-rna/.venv/lib/python3.11/site-packages/nbconvert/exporters/exporter.py", line 201, in from_filename
    return self.from_file(f, resources=resources, **kw)
           ^^^^^^^^^^^^^^^^^^^^^^^^^^^^^^^^^^^^^^^^^^^^
  File "/home/walt/bridge-rna/.venv/lib/python3.11/site-packages/nbconvert/exporters/exporter.py", line 220, in from_file
    return self.from_notebook_node(
           ^^^^^^^^^^^^^^^^^^^^^^^^
  File "/home/walt/bridge-rna/.venv/lib/python3.11/site-packages/nbconvert/exporters/notebook.py", line 36, in from_notebook_node
    nb_copy, resources = super().from_notebook_node(nb, resources, **kw)
                         ^^^^^^^^^^^^^^^^^^^^^^^^^^^^^^^^^^^^^^^^^^^^^^^
  File "/home/walt/bridge-rna/.venv/lib/python3.11/site-packages/nbconvert/exporters/exporter.py", line 154, in from_notebook_node
    nb_copy, resources = self._preprocess(nb_copy, resources)
                         ^^^^^^^^^^^^^^^^^^^^^^^^^^^^^^^^^^^^
  File "/home/walt/bridge-rna/.venv/lib/python3.11/site-packages/nbconvert/exporters/exporter.py", line 353, in _preprocess
    nbc, resc = preprocessor(nbc, resc)
                ^^^^^^^^^^^^^^^^^^^^^^^
  File "/home/walt/bridge-rna/.venv/lib/python3.11/site-packages/nbconvert/preprocessors/base.py", line 48, in __call__
    return self.preprocess(nb, resources)
           ^^^^^^^^^^^^^^^^^^^^^^^^^^^^^^
  File "/home/walt/bridge-rna/.venv/lib/python3.11/site-packages/nbconvert/preprocessors/execute.py", line 103, in preprocess
    self.preprocess_cell(cell, resources, index)
  File "/home/walt/bridge-rna/.venv/lib/python3.11/site-packages/nbconvert/preprocessors/execute.py", line 124, in preprocess_cell
    cell = self.execute_cell(cell, index, store_history=True)
           ^^^^^^^^^^^^^^^^^^^^^^^^^^^^^^^^^^^^^^^^^^^^^^^^^^
  File "/home/walt/bridge-rna/.venv/lib/python3.11/site-packages/jupyter_core/utils/__init__.py", line 165, in wrapped
    return loop.run_until_complete(inner)
           ^^^^^^^^^^^^^^^^^^^^^^^^^^^^^^
  File "/usr/lib/python3.11/asyncio/base_events.py", line 650, in run_until_complete
    return future.result()
           ^^^^^^^^^^^^^^^
  File "/home/walt/bridge-rna/.venv/lib/python3.11/site-packages/nbclient/client.py", line 1062, in async_execute_cell
    await self._check_raise_for_error(cell, cell_index, exec_reply)
  File "/home/walt/bridge-rna/.venv/lib/python3.11/site-packages/nbclient/client.py", line 918, in _check_raise_for_error
    raise CellExecutionError.from_cell_and_msg(cell, exec_reply_content)
nbclient.exceptions.CellExecutionError: An error occurred while executing the following cell:
------------------
tissue=read_csv(pca_dir/'downstream_tissue_balanced_reused.csv')
display(tissue.groupby(['representation','readout'],as_index=False).accuracy.mean().style.format({'accuracy':'{:.1%}'}).hide(axis='index'))
------------------


[31m---------------------------------------------------------------------------[39m
[31mAttributeError[39m                            Traceback (most recent call last)
[36mCell[39m[36m [39m[32mIn[118][39m[32m, line 2[39m
[32m      1[39m tissue=read_csv(pca_dir/[33m'downstream_tissue_balanced_reused.csv'[39m)
[32m----> [39m[32m2[39m display(tissue.groupby([[33m'representation'[39m,[33m'readout'[39m],as_index=[38;5;28;01mFalse[39;00m).accuracy.mean().style.format({[33m'accuracy'[39m:[33m'{:.1%}'[39m}).hide(axis=[33m'index'[39m))

[36mFile [39m[32m~/bridge-rna/.venv/lib/python3.11/site-packages/pandas/core/groupby/groupby.py:1365[39m, in [36mGroupBy.__getattr__[39m[34m(self, attr)[39m
[32m   1362[39m [38;5;28;01mif[39;00m attr [38;5;129;01min[39;00m [38;5;28mself[39m.obj:
[32m   1363[39m     [38;5;28;01mreturn[39;00m [38;5;28mself[39m[attr]
[32m-> [39m[32m1365[39m [38;5;28;01mraise[39;00m [38;5;167;01mAttributeError[39;00m(
[32m   1366[39m     [33mf[39m[33m"[39m[33m'[39m[38;5;132;01m{[39;00m[38;5;28mtype[39m([38;5;28mself[39m).[34m__name__[39m[38;5;132;01m}[39;00m[33m'[39m[33m object has no attribute [39m[33m'[39m[38;5;132;01m{[39;00mattr[38;5;132;01m}[39;00m[33m'[39m[33m"[39m
[32m   1367[39m )

[31mAttributeError[39m: 'DataFrameGroupBy' object has no attribute 'accuracy'

