[2026-09-06 18:10:26] analyze stage=input_embedding pool=mean 1/78 elapsed=0.1m
[2026-09-06 18:10:45] analyze stage=input_embedding pool=median 2/78 elapsed=0.4m
[2026-09-06 18:11:28] analyze stage=input_embedding pool=max 3/78 elapsed=1.1m
[2026-09-06 18:11:54] analyze stage=input_embedding pool=std 4/78 elapsed=1.5m
[2026-09-06 18:12:12] analyze stage=input_embedding pool=expression_weighted_mean 5/78 elapsed=1.8m
[2026-09-06 18:13:17] analyze stage=input_embedding pool=mean_plus_std 6/78 elapsed=2.9m
[2026-09-06 18:13:42] analyze stage=layer_1 pool=mean 7/78 elapsed=3.3m
[2026-09-06 18:13:58] analyze stage=layer_1 pool=median 8/78 elapsed=3.6m
[2026-09-06 18:14:16] analyze stage=layer_1 pool=max 9/78 elapsed=3.9m
[2026-09-06 18:14:33] analyze stage=layer_1 pool=std 10/78 elapsed=4.2m
[2026-09-06 18:15:01] analyze stage=layer_1 pool=expression_weighted_mean 11/78 elapsed=4.6m
[2026-09-06 18:15:39] analyze stage=layer_1 pool=mean_plus_std 12/78 elapsed=5.3m
[2026-09-06 18:16:06] analyze stage=layer_2 pool=mean 13/78 elapsed=5.7m
[2026-09-06 18:16:20] analyze stage=layer_2 pool=median 14/78 elapsed=6.0m
[2026-09-06 18:16:33] analyze stage=layer_2 pool=max 15/78 elapsed=6.2m
[2026-09-06 18:16:53] analyze stage=layer_2 pool=std 16/78 elapsed=6.5m
[2026-09-06 18:17:05] analyze stage=layer_2 pool=expression_weighted_mean 17/78 elapsed=6.7m
[2026-09-06 18:17:44] analyze stage=layer_2 pool=mean_plus_std 18/78 elapsed=7.3m
[2026-09-06 18:17:59] analyze stage=layer_3 pool=mean 19/78 elapsed=7.6m
[2026-09-06 18:18:16] analyze stage=layer_3 pool=median 20/78 elapsed=7.9m
[2026-09-06 18:18:40] analyze stage=layer_3 pool=max 21/78 elapsed=8.3m
[2026-09-06 18:18:59] analyze stage=layer_3 pool=std 22/78 elapsed=8.6m
[2026-09-06 18:19:18] analyze stage=layer_3 pool=expression_weighted_mean 23/78 elapsed=8.9m
[2026-09-06 18:20:03] analyze stage=layer_3 pool=mean_plus_std 24/78 elapsed=9.7m
[2026-09-06 18:20:31] analyze stage=layer_4 pool=mean 25/78 elapsed=10.1m
[2026-09-06 18:20:59] analyze stage=layer_4 pool=median 26/78 elapsed=10.6m
[2026-09-06 18:21:15] analyze stage=layer_4 pool=max 27/78 elapsed=10.9m
[2026-09-06 18:21:33] analyze stage=layer_4 pool=std 28/78 elapsed=11.2m
[2026-09-06 18:21:49] analyze stage=layer_4 pool=expression_weighted_mean 29/78 elapsed=11.4m
[2026-09-06 18:24:40] analyze stage=layer_4 pool=mean_plus_std 30/78 elapsed=14.3m
[2026-09-06 18:25:26] analyze stage=layer_5 pool=mean 31/78 elapsed=15.0m
[2026-09-06 18:25:57] analyze stage=layer_5 pool=median 32/78 elapsed=15.6m
[2026-09-06 18:26:21] analyze stage=layer_5 pool=max 33/78 elapsed=16.0m
[2026-09-06 18:27:21] analyze stage=layer_5 pool=std 34/78 elapsed=17.0m
[2026-09-06 18:29:22] analyze stage=layer_5 pool=expression_weighted_mean 35/78 elapsed=19.0m
[2026-09-06 18:32:11] analyze stage=layer_5 pool=mean_plus_std 36/78 elapsed=21.8m
[2026-09-06 18:34:14] analyze stage=layer_6 pool=mean 37/78 elapsed=23.9m
[2026-09-06 18:34:43] analyze stage=layer_6 pool=median 38/78 elapsed=24.3m
[2026-09-06 18:35:18] analyze stage=layer_6 pool=max 39/78 elapsed=24.9m
[2026-09-06 18:37:10] analyze stage=layer_6 pool=std 40/78 elapsed=26.8m
[2026-09-06 18:38:06] analyze stage=layer_6 pool=expression_weighted_mean 41/78 elapsed=27.7m
[2026-09-06 18:39:06] analyze stage=layer_6 pool=mean_plus_std 42/78 elapsed=28.7m
[2026-09-06 18:39:39] analyze stage=layer_7 pool=mean 43/78 elapsed=29.3m
[2026-09-06 18:40:30] analyze stage=layer_7 pool=median 44/78 elapsed=30.1m
[2026-09-06 18:41:20] analyze stage=layer_7 pool=max 45/78 elapsed=30.9m
[2026-09-06 18:41:57] analyze stage=layer_7 pool=std 46/78 elapsed=31.6m
[2026-09-06 18:42:56] analyze stage=layer_7 pool=expression_weighted_mean 47/78 elapsed=32.6m
[2026-09-06 18:44:10] analyze stage=layer_7 pool=mean_plus_std 48/78 elapsed=33.8m
[2026-09-06 18:44:36] analyze stage=layer_8 pool=mean 49/78 elapsed=34.2m
[2026-09-06 18:45:12] analyze stage=layer_8 pool=median 50/78 elapsed=34.8m
[2026-09-06 18:45:37] analyze stage=layer_8 pool=max 51/78 elapsed=35.2m
[2026-09-06 18:46:09] analyze stage=layer_8 pool=std 52/78 elapsed=35.8m
[2026-09-06 18:46:27] analyze stage=layer_8 pool=expression_weighted_mean 53/78 elapsed=36.1m
[2026-09-06 18:47:10] analyze stage=layer_8 pool=mean_plus_std 54/78 elapsed=36.8m
[2026-09-06 18:47:38] analyze stage=layer_9 pool=mean 55/78 elapsed=37.3m
[2026-09-06 18:48:04] analyze stage=layer_9 pool=median 56/78 elapsed=37.7m
[2026-09-06 18:48:32] analyze stage=layer_9 pool=max 57/78 elapsed=38.2m
[2026-09-06 18:48:57] analyze stage=layer_9 pool=std 58/78 elapsed=38.6m
[2026-09-06 18:49:11] analyze stage=layer_9 pool=expression_weighted_mean 59/78 elapsed=38.8m
[2026-09-06 18:51:04] analyze stage=layer_9 pool=mean_plus_std 60/78 elapsed=40.7m
[2026-09-06 18:53:00] analyze stage=layer_10 pool=mean 61/78 elapsed=42.6m
[2026-09-06 18:53:36] analyze stage=layer_10 pool=median 62/78 elapsed=43.2m
[2026-09-06 18:53:58] analyze stage=layer_10 pool=max 63/78 elapsed=43.6m
[2026-09-06 18:54:32] analyze stage=layer_10 pool=std 64/78 elapsed=44.2m
[2026-09-06 18:54:48] analyze stage=layer_10 pool=expression_weighted_mean 65/78 elapsed=44.4m
[2026-09-06 18:55:37] analyze stage=layer_10 pool=mean_plus_std 66/78 elapsed=45.2m
[2026-09-06 18:56:05] analyze stage=layer_11 pool=mean 67/78 elapsed=45.7m
[2026-09-06 18:56:32] analyze stage=layer_11 pool=median 68/78 elapsed=46.2m
[2026-09-06 18:56:56] analyze stage=layer_11 pool=max 69/78 elapsed=46.6m
[2026-09-06 18:57:23] analyze stage=layer_11 pool=std 70/78 elapsed=47.0m
[2026-09-06 18:57:42] analyze stage=layer_11 pool=expression_weighted_mean 71/78 elapsed=47.3m
[2026-09-06 18:58:30] analyze stage=layer_11 pool=mean_plus_std 72/78 elapsed=48.1m
[2026-09-06 18:58:50] analyze stage=layer_12 pool=mean 73/78 elapsed=48.5m
[2026-09-06 18:59:32] analyze stage=layer_12 pool=median 74/78 elapsed=49.2m
[2026-09-06 18:59:47] analyze stage=layer_12 pool=max 75/78 elapsed=49.4m
[2026-09-06 19:00:28] analyze stage=layer_12 pool=std 76/78 elapsed=50.1m
[2026-09-06 19:00:51] analyze stage=layer_12 pool=expression_weighted_mean 77/78 elapsed=50.5m
[2026-09-06 19:01:39] analyze stage=layer_12 pool=mean_plus_std 78/78 elapsed=51.3m
[2026-09-06 19:01:41] analysis complete
