representation  features  eigenvalues_used  tail_estimated      PC1      PC2    PC1_2    PC1_5   PC1_10   PC1_20   PC1_50  PC1_100  PCs_for_50pct  PCs_for_75pct  PCs_for_90pct  PCs_for_95pct  participation_ratio  entropy_effective_rank
     PCA-15165     15165             15165            True 0.139446 0.097186 0.236632 0.412264 0.531626 0.621948 0.722761 0.780329              9             68           3914           9540            22.598603              157.177780
 BridgeRNA-512       512               512           False 0.568879 0.083016 0.651895 0.741806 0.824378 0.911414 0.981922 0.995763              1              6             19             30             2.977161                8.656475

Geometry
             comparison distance_metric  samples  pairs  pairwise_distance_spearman
PCA-15165 vs BridgeRNA       euclidean     3000 299891                    0.747305
            comparison   k  mean_neighbor_overlap
PCA-15165 vs BridgeRNA   5               0.434933
PCA-15165 vs BridgeRNA  10               0.473067
PCA-15165 vs BridgeRNA  50               0.535907
PCA-15165 vs BridgeRNA 100               0.528617
            comparison  CCA_mean_top10  CCA_median  CCA_top1  orthogonal_procrustes_R2  samples
PCA-15165 vs BridgeRNA        0.999074    0.692294  0.999948                  0.582498     3000

T-cell
                 representation  features  eigenvalues_used  tail_estimated      PC1      PC2    PC1_2    PC1_5   PC1_10   PC1_20  PC1_50  PC1_100  PCs_for_50pct  PCs_for_75pct  PCs_for_90pct  PCs_for_95pct  participation_ratio  entropy_effective_rank  donor_gram_CKA  donor_distance_spearman
T-cell expression displacement     15165                40           False 0.937680 0.009938 0.947618 0.957744 0.967247 0.980629     1.0      1.0              1              1              1              3             1.137097                1.561971        0.978589                 0.442354
 T-cell BridgeRNA displacement       512                40           False 0.974709 0.016123 0.990832 0.995201 0.997915 0.999371     1.0      1.0              1              1              1              1             1.052270                1.172753        0.978589                 0.442354

Responses
    response_A    response_B  BridgeRNA_cosine  PCA15165_cosine  raw15165_cosine   comparison
    RR1 OSD48    RR1 OSD168         -0.806715        -0.206155         0.369167          RR1
RR3-39 OSD137 RR3-39 OSD168          0.790003         0.789815         0.652304       RR3-39
RR3-40 OSD137 RR3-40 OSD168          0.916649         0.914133         0.822429       RR3-40
    RR1 OSD48 RR3-39 OSD137          0.810784         0.360799         0.120727 false_friend

Imputation
 dataset representation  dimensions  mask_ratio  seed  samples  pearson  spearman      mse
   TCGA      PCA-15165          10         0.5     0     1000 0.890315  0.890336 0.594454
   TCGA      PCA-15165          50         0.5     0     1000 0.919003  0.918524 0.445948
   TCGA      PCA-15165         100         0.5     0     1000 0.927454  0.926876 0.401320
   TCGA      PCA-15165         256         0.5     0     1000 0.938879  0.938740 0.340275
   TCGA      PCA-15165         512         0.5     0     1000 0.943997  0.943790 0.313013
   TCGA      PCA-15165          10         0.9     0     1000 0.889668  0.889770 0.598520
   TCGA      PCA-15165          50         0.9     0     1000 0.915749  0.915288 0.464140
   TCGA      PCA-15165         100         0.9     0     1000 0.921374  0.920810 0.435215
   TCGA      PCA-15165         256         0.9     0     1000 0.924376  0.924878 0.422699
   TCGA      PCA-15165         512         0.9     0     1000 0.913192  0.914554 0.495528
[complete] /home/walt/bridge-rna/benchmarks/library_prep_disentanglement/results/task4_pca_vs_bridgerna
