[2026-09-07 14:38:20] general validation begins; RR1/RR3 not loaded
[2026-09-07 14:38:53] technical retrieval complete
[2026-09-07 14:39:32] community/spectrum 5/80
[2026-09-07 14:40:11] community/spectrum 10/80
[2026-09-07 14:40:58] community/spectrum 15/80
[2026-09-07 14:41:40] community/spectrum 20/80
[2026-09-07 14:42:27] community/spectrum 25/80
[2026-09-07 14:43:13] community/spectrum 30/80
[2026-09-07 14:43:57] community/spectrum 35/80
[2026-09-07 14:44:40] community/spectrum 40/80
[2026-09-07 14:45:27] community/spectrum 45/80
[2026-09-07 14:46:08] community/spectrum 50/80
[2026-09-07 14:46:53] community/spectrum 55/80
[2026-09-07 14:47:36] community/spectrum 60/80
[2026-09-07 14:48:14] community/spectrum 65/80
[2026-09-07 14:49:00] community/spectrum 70/80
[2026-09-07 14:49:47] community/spectrum 75/80
[2026-09-07 14:50:29] community/spectrum 80/80
[2026-09-07 14:50:50] communities/spectra complete
[2026-09-07 15:01:33] tissue complete
[2026-09-07 15:01:35] perturbations complete
[2026-09-07 15:01:49] null/function complete
[2026-09-07 15:01:49] GENERAL VALIDATION COMPLETE
