[2026-09-07 14:25:16] estimated graph construction runtime=56.6 minutes for 3,610 samples
[2026-09-07 14:25:22] tissue 25/3272 elapsed=0.1m eta=11.6m rate=4.67/s
[2026-09-07 14:25:27] tissue 50/3272 elapsed=0.2m eta=10.9m rate=4.94/s
[2026-09-07 14:25:32] tissue 75/3272 elapsed=0.3m eta=10.8m rate=4.95/s
[2026-09-07 14:25:37] tissue 100/3272 elapsed=0.3m eta=10.7m rate=4.94/s
[2026-09-07 14:25:42] tissue 125/3272 elapsed=0.4m eta=10.6m rate=4.93/s
[2026-09-07 14:25:47] tissue 150/3272 elapsed=0.5m eta=10.5m rate=4.95/s
[2026-09-07 14:25:52] tissue 175/3272 elapsed=0.6m eta=10.4m rate=4.96/s
[2026-09-07 14:25:57] tissue 200/3272 elapsed=0.7m eta=10.4m rate=4.94/s
[2026-09-07 14:26:02] tissue 225/3272 elapsed=0.8m eta=10.3m rate=4.91/s
[2026-09-07 14:26:07] tissue 250/3272 elapsed=0.8m eta=10.2m rate=4.91/s
[2026-09-07 14:26:13] tissue 275/3272 elapsed=0.9m eta=10.2m rate=4.91/s
[2026-09-07 14:26:17] tissue 300/3272 elapsed=1.0m eta=10.1m rate=4.92/s
[2026-09-07 14:26:23] tissue 325/3272 elapsed=1.1m eta=10.0m rate=4.91/s
[2026-09-07 14:26:28] tissue 350/3272 elapsed=1.2m eta=9.9m rate=4.91/s
[2026-09-07 14:26:33] tissue 375/3272 elapsed=1.3m eta=9.8m rate=4.91/s
[2026-09-07 14:26:38] tissue 400/3272 elapsed=1.4m eta=9.8m rate=4.90/s
[2026-09-07 14:26:43] tissue 425/3272 elapsed=1.4m eta=9.7m rate=4.90/s
[2026-09-07 14:26:48] tissue 450/3272 elapsed=1.5m eta=9.6m rate=4.90/s
[2026-09-07 14:26:54] tissue 475/3272 elapsed=1.6m eta=9.5m rate=4.89/s
[2026-09-07 14:26:59] tissue 500/3272 elapsed=1.7m eta=9.4m rate=4.90/s
[2026-09-07 14:27:04] tissue 525/3272 elapsed=1.8m eta=9.4m rate=4.89/s
[2026-09-07 14:27:09] tissue 550/3272 elapsed=1.9m eta=9.3m rate=4.89/s
[2026-09-07 14:27:14] tissue 575/3272 elapsed=2.0m eta=9.2m rate=4.89/s
[2026-09-07 14:27:19] tissue 600/3272 elapsed=2.0m eta=9.1m rate=4.90/s
[2026-09-07 14:27:24] tissue 625/3272 elapsed=2.1m eta=9.0m rate=4.89/s
[2026-09-07 14:27:29] tissue 650/3272 elapsed=2.2m eta=8.9m rate=4.89/s
[2026-09-07 14:27:34] tissue 675/3272 elapsed=2.3m eta=8.8m rate=4.90/s
[2026-09-07 14:27:41] tissue 700/3272 elapsed=2.4m eta=8.8m rate=4.85/s
[2026-09-07 14:27:46] tissue 725/3272 elapsed=2.5m eta=8.7m rate=4.86/s
[2026-09-07 14:27:51] tissue 750/3272 elapsed=2.6m eta=8.7m rate=4.86/s
[2026-09-07 14:27:56] tissue 775/3272 elapsed=2.7m eta=8.6m rate=4.85/s
[2026-09-07 14:28:01] tissue 800/3272 elapsed=2.7m eta=8.5m rate=4.85/s
[2026-09-07 14:28:06] tissue 825/3272 elapsed=2.8m eta=8.4m rate=4.86/s
[2026-09-07 14:28:12] tissue 850/3272 elapsed=2.9m eta=8.3m rate=4.85/s
[2026-09-07 14:28:17] tissue 875/3272 elapsed=3.0m eta=8.2m rate=4.86/s
[2026-09-07 14:28:22] tissue 900/3272 elapsed=3.1m eta=8.1m rate=4.86/s
[2026-09-07 14:28:27] tissue 925/3272 elapsed=3.2m eta=8.0m rate=4.86/s
[2026-09-07 14:28:32] tissue 950/3272 elapsed=3.3m eta=8.0m rate=4.86/s
[2026-09-07 14:28:37] tissue 975/3272 elapsed=3.3m eta=7.9m rate=4.86/s
[2026-09-07 14:28:42] tissue 1000/3272 elapsed=3.4m eta=7.8m rate=4.86/s
[2026-09-07 14:28:48] tissue 1025/3272 elapsed=3.5m eta=7.7m rate=4.85/s
[2026-09-07 14:28:53] tissue 1050/3272 elapsed=3.6m eta=7.6m rate=4.85/s
[2026-09-07 14:28:58] tissue 1075/3272 elapsed=3.7m eta=7.6m rate=4.85/s
[2026-09-07 14:29:03] tissue 1100/3272 elapsed=3.8m eta=7.5m rate=4.85/s
[2026-09-07 14:29:09] tissue 1125/3272 elapsed=3.9m eta=7.4m rate=4.85/s
[2026-09-07 14:29:14] tissue 1150/3272 elapsed=4.0m eta=7.3m rate=4.84/s
[2026-09-07 14:29:19] tissue 1175/3272 elapsed=4.0m eta=7.2m rate=4.85/s
[2026-09-07 14:29:24] tissue 1200/3272 elapsed=4.1m eta=7.1m rate=4.85/s
[2026-09-07 14:29:29] tissue 1225/3272 elapsed=4.2m eta=7.0m rate=4.85/s
[2026-09-07 14:29:34] tissue 1250/3272 elapsed=4.3m eta=6.9m rate=4.85/s
[2026-09-07 14:29:39] tissue 1275/3272 elapsed=4.4m eta=6.9m rate=4.85/s
[2026-09-07 14:29:44] tissue 1300/3272 elapsed=4.5m eta=6.8m rate=4.85/s
[2026-09-07 14:29:50] tissue 1325/3272 elapsed=4.5m eta=6.7m rate=4.85/s
[2026-09-07 14:29:55] tissue 1350/3272 elapsed=4.6m eta=6.6m rate=4.84/s
[2026-09-07 14:30:01] tissue 1375/3272 elapsed=4.7m eta=6.5m rate=4.84/s
[2026-09-07 14:30:06] tissue 1400/3272 elapsed=4.8m eta=6.4m rate=4.84/s
[2026-09-07 14:30:11] tissue 1425/3272 elapsed=4.9m eta=6.4m rate=4.85/s
[2026-09-07 14:30:16] tissue 1450/3272 elapsed=5.0m eta=6.3m rate=4.85/s
[2026-09-07 14:30:21] tissue 1475/3272 elapsed=5.1m eta=6.2m rate=4.85/s
[2026-09-07 14:30:26] tissue 1500/3272 elapsed=5.2m eta=6.1m rate=4.85/s
[2026-09-07 14:30:31] tissue 1525/3272 elapsed=5.2m eta=6.0m rate=4.85/s
[2026-09-07 14:30:37] tissue 1550/3272 elapsed=5.3m eta=5.9m rate=4.84/s
[2026-09-07 14:30:42] tissue 1575/3272 elapsed=5.4m eta=5.8m rate=4.84/s
[2026-09-07 14:30:47] tissue 1600/3272 elapsed=5.5m eta=5.8m rate=4.84/s
[2026-09-07 14:30:52] tissue 1625/3272 elapsed=5.6m eta=5.7m rate=4.84/s
[2026-09-07 14:30:57] tissue 1650/3272 elapsed=5.7m eta=5.6m rate=4.84/s
[2026-09-07 14:31:02] tissue 1675/3272 elapsed=5.8m eta=5.5m rate=4.84/s
[2026-09-07 14:31:09] tissue 1700/3272 elapsed=5.9m eta=5.4m rate=4.83/s
[2026-09-07 14:31:14] tissue 1725/3272 elapsed=6.0m eta=5.3m rate=4.83/s
[2026-09-07 14:31:19] tissue 1750/3272 elapsed=6.0m eta=5.3m rate=4.83/s
[2026-09-07 14:31:24] tissue 1775/3272 elapsed=6.1m eta=5.2m rate=4.83/s
[2026-09-07 14:31:29] tissue 1800/3272 elapsed=6.2m eta=5.1m rate=4.83/s
[2026-09-07 14:31:35] tissue 1825/3272 elapsed=6.3m eta=5.0m rate=4.83/s
[2026-09-07 14:31:40] tissue 1850/3272 elapsed=6.4m eta=4.9m rate=4.83/s
[2026-09-07 14:31:45] tissue 1875/3272 elapsed=6.5m eta=4.8m rate=4.83/s
[2026-09-07 14:31:50] tissue 1900/3272 elapsed=6.6m eta=4.7m rate=4.83/s
[2026-09-07 14:31:55] tissue 1925/3272 elapsed=6.6m eta=4.6m rate=4.83/s
[2026-09-07 14:32:00] tissue 1950/3272 elapsed=6.7m eta=4.6m rate=4.83/s
[2026-09-07 14:32:05] tissue 1975/3272 elapsed=6.8m eta=4.5m rate=4.83/s
[2026-09-07 14:32:11] tissue 2000/3272 elapsed=6.9m eta=4.4m rate=4.83/s
[2026-09-07 14:32:16] tissue 2025/3272 elapsed=7.0m eta=4.3m rate=4.83/s
[2026-09-07 14:32:21] tissue 2050/3272 elapsed=7.1m eta=4.2m rate=4.83/s
[2026-09-07 14:32:27] tissue 2075/3272 elapsed=7.2m eta=4.1m rate=4.82/s
[2026-09-07 14:32:32] tissue 2100/3272 elapsed=7.3m eta=4.1m rate=4.82/s
[2026-09-07 14:32:37] tissue 2125/3272 elapsed=7.3m eta=4.0m rate=4.82/s
[2026-09-07 14:32:43] tissue 2150/3272 elapsed=7.4m eta=3.9m rate=4.82/s
[2026-09-07 14:32:48] tissue 2175/3272 elapsed=7.5m eta=3.8m rate=4.82/s
[2026-09-07 14:32:53] tissue 2200/3272 elapsed=7.6m eta=3.7m rate=4.82/s
[2026-09-07 14:32:58] tissue 2225/3272 elapsed=7.7m eta=3.6m rate=4.82/s
[2026-09-07 14:33:03] tissue 2250/3272 elapsed=7.8m eta=3.5m rate=4.82/s
[2026-09-07 14:33:08] tissue 2275/3272 elapsed=7.9m eta=3.4m rate=4.82/s
[2026-09-07 14:33:14] tissue 2300/3272 elapsed=7.9m eta=3.4m rate=4.82/s
[2026-09-07 14:33:19] tissue 2325/3272 elapsed=8.0m eta=3.3m rate=4.82/s
[2026-09-07 14:33:24] tissue 2350/3272 elapsed=8.1m eta=3.2m rate=4.82/s
[2026-09-07 14:33:30] tissue 2375/3272 elapsed=8.2m eta=3.1m rate=4.81/s
[2026-09-07 14:33:35] tissue 2400/3272 elapsed=8.3m eta=3.0m rate=4.81/s
[2026-09-07 14:33:41] tissue 2425/3272 elapsed=8.4m eta=2.9m rate=4.81/s
[2026-09-07 14:33:46] tissue 2450/3272 elapsed=8.5m eta=2.8m rate=4.81/s
[2026-09-07 14:33:51] tissue 2475/3272 elapsed=8.6m eta=2.8m rate=4.81/s
[2026-09-07 14:33:57] tissue 2500/3272 elapsed=8.7m eta=2.7m rate=4.80/s
[2026-09-07 14:34:02] tissue 2525/3272 elapsed=8.8m eta=2.6m rate=4.80/s
[2026-09-07 14:34:08] tissue 2550/3272 elapsed=8.9m eta=2.5m rate=4.80/s
[2026-09-07 14:34:13] tissue 2575/3272 elapsed=8.9m eta=2.4m rate=4.80/s
[2026-09-07 14:34:19] tissue 2600/3272 elapsed=9.0m eta=2.3m rate=4.80/s
[2026-09-07 14:34:24] tissue 2625/3272 elapsed=9.1m eta=2.2m rate=4.80/s
[2026-09-07 14:34:29] tissue 2650/3272 elapsed=9.2m eta=2.2m rate=4.79/s
[2026-09-07 14:34:34] tissue 2675/3272 elapsed=9.3m eta=2.1m rate=4.80/s
[2026-09-07 14:34:41] tissue 2700/3272 elapsed=9.4m eta=2.0m rate=4.79/s
[2026-09-07 14:34:46] tissue 2725/3272 elapsed=9.5m eta=1.9m rate=4.79/s
[2026-09-07 14:34:51] tissue 2750/3272 elapsed=9.6m eta=1.8m rate=4.78/s
[2026-09-07 14:34:57] tissue 2775/3272 elapsed=9.7m eta=1.7m rate=4.78/s
[2026-09-07 14:35:02] tissue 2800/3272 elapsed=9.8m eta=1.6m rate=4.78/s
[2026-09-07 14:35:07] tissue 2825/3272 elapsed=9.8m eta=1.6m rate=4.78/s
[2026-09-07 14:35:13] tissue 2850/3272 elapsed=9.9m eta=1.5m rate=4.78/s
[2026-09-07 14:35:18] tissue 2875/3272 elapsed=10.0m eta=1.4m rate=4.78/s
[2026-09-07 14:35:23] tissue 2900/3272 elapsed=10.1m eta=1.3m rate=4.78/s
[2026-09-07 14:35:29] tissue 2925/3272 elapsed=10.2m eta=1.2m rate=4.78/s
[2026-09-07 14:35:34] tissue 2950/3272 elapsed=10.3m eta=1.1m rate=4.78/s
[2026-09-07 14:35:39] tissue 2975/3272 elapsed=10.4m eta=1.0m rate=4.78/s
[2026-09-07 14:35:45] tissue 3000/3272 elapsed=10.5m eta=0.9m rate=4.77/s
[2026-09-07 14:35:50] tissue 3025/3272 elapsed=10.6m eta=0.9m rate=4.77/s
[2026-09-07 14:35:55] tissue 3050/3272 elapsed=10.6m eta=0.8m rate=4.77/s
[2026-09-07 14:36:01] tissue 3075/3272 elapsed=10.7m eta=0.7m rate=4.77/s
[2026-09-07 14:36:06] tissue 3100/3272 elapsed=10.8m eta=0.6m rate=4.77/s
[2026-09-07 14:36:11] tissue 3125/3272 elapsed=10.9m eta=0.5m rate=4.77/s
[2026-09-07 14:36:17] tissue 3150/3272 elapsed=11.0m eta=0.4m rate=4.77/s
[2026-09-07 14:36:22] tissue 3175/3272 elapsed=11.1m eta=0.3m rate=4.77/s
[2026-09-07 14:36:28] tissue 3200/3272 elapsed=11.2m eta=0.3m rate=4.77/s
[2026-09-07 14:36:33] tissue 3225/3272 elapsed=11.3m eta=0.2m rate=4.77/s
[2026-09-07 14:36:38] tissue 3250/3272 elapsed=11.4m eta=0.1m rate=4.77/s
[2026-09-07 14:36:43] tissue 3272/3272 elapsed=11.4m eta=0.0m rate=4.77/s
[2026-09-07 14:36:49] tcell 25/80 elapsed=0.1m eta=0.2m rate=4.81/s
[2026-09-07 14:36:54] tcell 50/80 elapsed=0.2m eta=0.1m rate=4.88/s
[2026-09-07 14:36:59] tcell 75/80 elapsed=0.3m eta=0.0m rate=4.91/s
[2026-09-07 14:37:00] tcell 80/80 elapsed=0.3m eta=0.0m rate=4.92/s
[2026-09-07 14:37:05] exercise 25/146 elapsed=0.1m eta=0.4m rate=5.10/s
[2026-09-07 14:37:10] exercise 50/146 elapsed=0.2m eta=0.3m rate=5.10/s
[2026-09-07 14:37:14] exercise 75/146 elapsed=0.2m eta=0.2m rate=5.14/s
[2026-09-07 14:37:19] exercise 100/146 elapsed=0.3m eta=0.1m rate=5.15/s
[2026-09-07 14:37:24] exercise 125/146 elapsed=0.4m eta=0.1m rate=5.16/s
[2026-09-07 14:37:28] exercise 146/146 elapsed=0.5m eta=0.0m rate=5.18/s
[2026-09-07 14:37:33] task3 25/112 elapsed=0.1m eta=0.3m rate=5.15/s
[2026-09-07 14:37:38] task3 50/112 elapsed=0.2m eta=0.2m rate=5.17/s
[2026-09-07 14:37:43] task3 75/112 elapsed=0.2m eta=0.1m rate=5.15/s
[2026-09-07 14:37:47] task3 100/112 elapsed=0.3m eta=0.0m rate=5.13/s
[2026-09-07 14:37:50] task3 112/112 elapsed=0.4m eta=0.0m rate=5.16/s
[2026-09-07 14:37:50] all graph caches complete
