[2026-09-03 18:42:02] Started Mode 1 worker on cuda:0, PID=36062
[2026-09-03 18:42:02] Started Mode 2 worker on cuda:1, PID=36063
[2026-09-03 18:43:38] Mode 2: contrast 1/7 complete; elapsed=1.5m ETA=9.0m
[2026-09-03 18:43:41] Mode 1: contrast 1/7 complete; elapsed=1.6m ETA=9.3m
[2026-09-03 18:45:08] Mode 2: contrast 2/7 complete; elapsed=3.0m ETA=7.5m
[2026-09-03 18:45:16] Mode 1: contrast 2/7 complete; elapsed=3.1m ETA=7.9m
[2026-09-03 18:46:38] Mode 2: contrast 3/7 complete; elapsed=4.5m ETA=6.0m
[2026-09-03 18:46:51] Mode 1: contrast 3/7 complete; elapsed=4.7m ETA=6.3m
[2026-09-03 18:48:11] Mode 2: contrast 4/7 complete; elapsed=6.1m ETA=4.5m
[2026-09-03 18:48:29] Mode 1: contrast 4/7 complete; elapsed=6.4m ETA=4.8m
[2026-09-03 18:49:42] Mode 2: contrast 5/7 complete; elapsed=7.6m ETA=3.0m
[2026-09-03 18:50:05] Mode 1: contrast 5/7 complete; elapsed=8.0m ETA=3.2m
[2026-09-03 18:51:13] Mode 2: contrast 6/7 complete; elapsed=9.1m ETA=1.5m
[2026-09-03 18:51:41] Mode 1: contrast 6/7 complete; elapsed=9.6m ETA=1.6m
[2026-09-03 18:52:44] Mode 2: contrast 7/7 complete; elapsed=10.6m ETA=0.0m
[2026-09-03 18:52:44] Mode 2 worker complete on cuda:1
[2026-09-03 18:53:19] Mode 1: contrast 7/7 complete; elapsed=11.2m ETA=0.0m
[2026-09-03 18:53:19] Mode 1 worker complete on cuda:0
[2026-09-03 18:53:24] IG ranking complete; starting GO/KEGG/Reactome enrichment
[2026-09-03 18:53:31] Task 3D mode IG and enrichment complete
